[25-Nov-2025 00:12:42 Asia/Dhaka] PHP ERROR [8192]: htmlspecialchars(): Passing null to parameter #1 ($string) of type string is deprecated in D:\XAMPP\htdocs\eimbox-dashboard\eimbox-materio\payment_confirm_check.php on line 658
[25-Nov-2025 00:12:42 Asia/Dhaka] PHP ERROR [2]: Undefined variable $amount in D:\XAMPP\htdocs\eimbox-dashboard\eimbox-materio\payment_confirm_check.php on line 664
[25-Nov-2025 00:12:42 Asia/Dhaka] PHP ERROR [8192]: number_format(): Passing null to parameter #1 ($num) of type float is deprecated in D:\XAMPP\htdocs\eimbox-dashboard\eimbox-materio\payment_confirm_check.php on line 664
[25-Nov-2025 00:12:45 Asia/Dhaka] PHP ERROR [2]: Constant BASEURL already defined in D:\XAMPP\htdocs\eimbox-dashboard\eimbox-materio\payment_confirm_check.php on line 19
[25-Nov-2025 00:12:46 Asia/Dhaka] PHP ERROR [2]: Undefined variable $stpr in D:\XAMPP\htdocs\eimbox-dashboard\eimbox-materio\payment_confirm_check.php on line 559
[25-Nov-2025 00:12:46 Asia/Dhaka] PHP ERROR [8192]: urlencode(): Passing null to parameter #1 ($string) of type string is deprecated in D:\XAMPP\htdocs\eimbox-dashboard\eimbox-materio\payment_confirm_check.php on line 559
[25-Nov-2025 00:12:46 Asia/Dhaka] PHP ERROR [2]: Undefined variable $amount in D:\XAMPP\htdocs\eimbox-dashboard\eimbox-materio\payment_confirm_check.php on line 570
[25-Nov-2025 00:12:46 Asia/Dhaka] PHP ERROR [8192]: number_format(): Passing null to parameter #1 ($num) of type float is deprecated in D:\XAMPP\htdocs\eimbox-dashboard\eimbox-materio\payment_confirm_check.php on line 570
[25-Nov-2025 00:12:46 Asia/Dhaka] PHP ERROR [2]: Undefined variable $stnameeng in D:\XAMPP\htdocs\eimbox-dashboard\eimbox-materio\payment_confirm_check.php on line 571
[25-Nov-2025 00:12:46 Asia/Dhaka] PHP ERROR [8192]: htmlspecialchars(): Passing null to parameter #1 ($string) of type string is deprecated in D:\XAMPP\htdocs\eimbox-dashboard\eimbox-materio\payment_confirm_check.php on line 571
[25-Nov-2025 00:12:46 Asia/Dhaka] PHP ERROR [2]: Undefined variable $stid in D:\XAMPP\htdocs\eimbox-dashboard\eimbox-materio\payment_confirm_check.php on line 578
[25-Nov-2025 00:12:46 Asia/Dhaka] PHP ERROR [8192]: htmlspecialchars(): Passing null to parameter #1 ($string) of type string is deprecated in D:\XAMPP\htdocs\eimbox-dashboard\eimbox-materio\payment_confirm_check.php on line 578
[25-Nov-2025 00:12:46 Asia/Dhaka] PHP ERROR [2]: Undefined variable $stnameeng in D:\XAMPP\htdocs\eimbox-dashboard\eimbox-materio\payment_confirm_check.php on line 582
[25-Nov-2025 00:12:46 Asia/Dhaka] PHP ERROR [8192]: htmlspecialchars(): Passing null to parameter #1 ($string) of type string is deprecated in D:\XAMPP\htdocs\eimbox-dashboard\eimbox-materio\payment_confirm_check.php on line 582
[25-Nov-2025 00:12:46 Asia/Dhaka] PHP ERROR [2]: Undefined variable $classname in D:\XAMPP\htdocs\eimbox-dashboard\eimbox-materio\payment_confirm_check.php on line 586
[25-Nov-2025 00:12:46 Asia/Dhaka] PHP ERROR [8192]: htmlspecialchars(): Passing null to parameter #1 ($string) of type string is deprecated in D:\XAMPP\htdocs\eimbox-dashboard\eimbox-materio\payment_confirm_check.php on line 586
[25-Nov-2025 00:12:46 Asia/Dhaka] PHP ERROR [2]: Undefined variable $sectionname in D:\XAMPP\htdocs\eimbox-dashboard\eimbox-materio\payment_confirm_check.php on line 590
[25-Nov-2025 00:12:46 Asia/Dhaka] PHP ERROR [8192]: htmlspecialchars(): Passing null to parameter #1 ($string) of type string is deprecated in D:\XAMPP\htdocs\eimbox-dashboard\eimbox-materio\payment_confirm_check.php on line 590
[25-Nov-2025 00:12:46 Asia/Dhaka] PHP ERROR [2]: Undefined variable $rollno in D:\XAMPP\htdocs\eimbox-dashboard\eimbox-materio\payment_confirm_check.php on line 594
[25-Nov-2025 00:12:46 Asia/Dhaka] PHP ERROR [8192]: htmlspecialchars(): Passing null to parameter #1 ($string) of type string is deprecated in D:\XAMPP\htdocs\eimbox-dashboard\eimbox-materio\payment_confirm_check.php on line 594
[25-Nov-2025 00:12:46 Asia/Dhaka] PHP ERROR [2]: Undefined variable $amount in D:\XAMPP\htdocs\eimbox-dashboard\eimbox-materio\payment_confirm_check.php on line 601
[25-Nov-2025 00:12:46 Asia/Dhaka] PHP ERROR [8192]: number_format(): Passing null to parameter #1 ($num) of type float is deprecated in D:\XAMPP\htdocs\eimbox-dashboard\eimbox-materio\payment_confirm_check.php on line 601
[25-Nov-2025 00:12:46 Asia/Dhaka] PHP ERROR [2]: Undefined variable $stid in D:\XAMPP\htdocs\eimbox-dashboard\eimbox-materio\payment_confirm_check.php on line 613
[25-Nov-2025 00:12:46 Asia/Dhaka] PHP ERROR [8192]: htmlspecialchars(): Passing null to parameter #1 ($string) of type string is deprecated in D:\XAMPP\htdocs\eimbox-dashboard\eimbox-materio\payment_confirm_check.php on line 613
[25-Nov-2025 00:12:46 Asia/Dhaka] PHP ERROR [2]: Undefined variable $stnameeng in D:\XAMPP\htdocs\eimbox-dashboard\eimbox-materio\payment_confirm_check.php on line 614
[25-Nov-2025 00:12:46 Asia/Dhaka] PHP ERROR [8192]: htmlspecialchars(): Passing null to parameter #1 ($string) of type string is deprecated in D:\XAMPP\htdocs\eimbox-dashboard\eimbox-materio\payment_confirm_check.php on line 614
[25-Nov-2025 00:12:46 Asia/Dhaka] PHP ERROR [2]: Undefined variable $classname in D:\XAMPP\htdocs\eimbox-dashboard\eimbox-materio\payment_confirm_check.php on line 615
[25-Nov-2025 00:12:46 Asia/Dhaka] PHP ERROR [8192]: htmlspecialchars(): Passing null to parameter #1 ($string) of type string is deprecated in D:\XAMPP\htdocs\eimbox-dashboard\eimbox-materio\payment_confirm_check.php on line 615
[25-Nov-2025 00:12:46 Asia/Dhaka] PHP ERROR [2]: Undefined variable $sectionname in D:\XAMPP\htdocs\eimbox-dashboard\eimbox-materio\payment_confirm_check.php on line 616
[25-Nov-2025 00:12:46 Asia/Dhaka] PHP ERROR [8192]: htmlspecialchars(): Passing null to parameter #1 ($string) of type string is deprecated in D:\XAMPP\htdocs\eimbox-dashboard\eimbox-materio\payment_confirm_check.php on line 616
[25-Nov-2025 00:12:46 Asia/Dhaka] PHP ERROR [2]: Undefined variable $rollno in D:\XAMPP\htdocs\eimbox-dashboard\eimbox-materio\payment_confirm_check.php on line 617
[25-Nov-2025 00:12:46 Asia/Dhaka] PHP ERROR [8192]: htmlspecialchars(): Passing null to parameter #1 ($string) of type string is deprecated in D:\XAMPP\htdocs\eimbox-dashboard\eimbox-materio\payment_confirm_check.php on line 617
[25-Nov-2025 00:12:46 Asia/Dhaka] PHP ERROR [2]: Undefined variable $amount in D:\XAMPP\htdocs\eimbox-dashboard\eimbox-materio\payment_confirm_check.php on line 618
[25-Nov-2025 00:12:46 Asia/Dhaka] PHP ERROR [8192]: htmlspecialchars(): Passing null to parameter #1 ($string) of type string is deprecated in D:\XAMPP\htdocs\eimbox-dashboard\eimbox-materio\payment_confirm_check.php on line 618
[25-Nov-2025 00:12:46 Asia/Dhaka] PHP ERROR [2]: Undefined variable $stid in D:\XAMPP\htdocs\eimbox-dashboard\eimbox-materio\payment_confirm_check.php on line 645
[25-Nov-2025 00:12:46 Asia/Dhaka] PHP ERROR [8192]: htmlspecialchars(): Passing null to parameter #1 ($string) of type string is deprecated in D:\XAMPP\htdocs\eimbox-dashboard\eimbox-materio\payment_confirm_check.php on line 645
[25-Nov-2025 00:12:46 Asia/Dhaka] PHP ERROR [2]: Undefined variable $amount in D:\XAMPP\htdocs\eimbox-dashboard\eimbox-materio\payment_confirm_check.php on line 647
[25-Nov-2025 00:12:46 Asia/Dhaka] PHP ERROR [8192]: number_format(): Passing null to parameter #1 ($num) of type float is deprecated in D:\XAMPP\htdocs\eimbox-dashboard\eimbox-materio\payment_confirm_check.php on line 647
[25-Nov-2025 00:12:46 Asia/Dhaka] PHP ERROR [2]: Undefined variable $stnameeng in D:\XAMPP\htdocs\eimbox-dashboard\eimbox-materio\payment_confirm_check.php on line 651
[25-Nov-2025 00:12:46 Asia/Dhaka] PHP ERROR [8192]: htmlspecialchars(): Passing null to parameter #1 ($string) of type string is deprecated in D:\XAMPP\htdocs\eimbox-dashboard\eimbox-materio\payment_confirm_check.php on line 651
[25-Nov-2025 00:12:46 Asia/Dhaka] PHP ERROR [2]: Undefined variable $classname in D:\XAMPP\htdocs\eimbox-dashboard\eimbox-materio\payment_confirm_check.php on line 656
[25-Nov-2025 00:12:46 Asia/Dhaka] PHP ERROR [8192]: htmlspecialchars(): Passing null to parameter #1 ($string) of type string is deprecated in D:\XAMPP\htdocs\eimbox-dashboard\eimbox-materio\payment_confirm_check.php on line 656
[25-Nov-2025 00:12:46 Asia/Dhaka] PHP ERROR [2]: Undefined variable $sectionname in D:\XAMPP\htdocs\eimbox-dashboard\eimbox-materio\payment_confirm_check.php on line 657
[25-Nov-2025 00:12:46 Asia/Dhaka] PHP ERROR [8192]: htmlspecialchars(): Passing null to parameter #1 ($string) of type string is deprecated in D:\XAMPP\htdocs\eimbox-dashboard\eimbox-materio\payment_confirm_check.php on line 657
[25-Nov-2025 00:12:46 Asia/Dhaka] PHP ERROR [2]: Undefined variable $rollno in D:\XAMPP\htdocs\eimbox-dashboard\eimbox-materio\payment_confirm_check.php on line 658
[25-Nov-2025 00:12:46 Asia/Dhaka] PHP ERROR [8192]: htmlspecialchars(): Passing null to parameter #1 ($string) of type string is deprecated in D:\XAMPP\htdocs\eimbox-dashboard\eimbox-materio\payment_confirm_check.php on line 658
[25-Nov-2025 00:12:46 Asia/Dhaka] PHP ERROR [2]: Undefined variable $amount in D:\XAMPP\htdocs\eimbox-dashboard\eimbox-materio\payment_confirm_check.php on line 664
[25-Nov-2025 00:12:46 Asia/Dhaka] PHP ERROR [8192]: number_format(): Passing null to parameter #1 ($num) of type float is deprecated in D:\XAMPP\htdocs\eimbox-dashboard\eimbox-materio\payment_confirm_check.php on line 664
[25-Nov-2025 00:13:05 Asia/Dhaka] PHP ERROR [2]: Constant BASEURL already defined in D:\XAMPP\htdocs\eimbox-dashboard\eimbox-materio\payment_confirm_check.php on line 19
[25-Nov-2025 00:13:05 Asia/Dhaka] PHP ERROR [2]: Undefined variable $stpr in D:\XAMPP\htdocs\eimbox-dashboard\eimbox-materio\payment_confirm_check.php on line 559
[25-Nov-2025 00:13:05 Asia/Dhaka] PHP ERROR [8192]: urlencode(): Passing null to parameter #1 ($string) of type string is deprecated in D:\XAMPP\htdocs\eimbox-dashboard\eimbox-materio\payment_confirm_check.php on line 559
[25-Nov-2025 00:13:05 Asia/Dhaka] PHP ERROR [2]: Undefined variable $amount in D:\XAMPP\htdocs\eimbox-dashboard\eimbox-materio\payment_confirm_check.php on line 570
[25-Nov-2025 00:13:05 Asia/Dhaka] PHP ERROR [8192]: number_format(): Passing null to parameter #1 ($num) of type float is deprecated in D:\XAMPP\htdocs\eimbox-dashboard\eimbox-materio\payment_confirm_check.php on line 570
[25-Nov-2025 00:13:05 Asia/Dhaka] PHP ERROR [2]: Undefined variable $stnameeng in D:\XAMPP\htdocs\eimbox-dashboard\eimbox-materio\payment_confirm_check.php on line 571
[25-Nov-2025 00:13:05 Asia/Dhaka] PHP ERROR [8192]: htmlspecialchars(): Passing null to parameter #1 ($string) of type string is deprecated in D:\XAMPP\htdocs\eimbox-dashboard\eimbox-materio\payment_confirm_check.php on line 571
[25-Nov-2025 00:13:05 Asia/Dhaka] PHP ERROR [2]: Undefined variable $stid in D:\XAMPP\htdocs\eimbox-dashboard\eimbox-materio\payment_confirm_check.php on line 578
[25-Nov-2025 00:13:05 Asia/Dhaka] PHP ERROR [8192]: htmlspecialchars(): Passing null to parameter #1 ($string) of type string is deprecated in D:\XAMPP\htdocs\eimbox-dashboard\eimbox-materio\payment_confirm_check.php on line 578
[25-Nov-2025 00:13:05 Asia/Dhaka] PHP ERROR [2]: Undefined variable $stnameeng in D:\XAMPP\htdocs\eimbox-dashboard\eimbox-materio\payment_confirm_check.php on line 582
[25-Nov-2025 00:13:05 Asia/Dhaka] PHP ERROR [8192]: htmlspecialchars(): Passing null to parameter #1 ($string) of type string is deprecated in D:\XAMPP\htdocs\eimbox-dashboard\eimbox-materio\payment_confirm_check.php on line 582
[25-Nov-2025 00:13:05 Asia/Dhaka] PHP ERROR [2]: Undefined variable $classname in D:\XAMPP\htdocs\eimbox-dashboard\eimbox-materio\payment_confirm_check.php on line 586
[25-Nov-2025 00:13:05 Asia/Dhaka] PHP ERROR [8192]: htmlspecialchars(): Passing null to parameter #1 ($string) of type string is deprecated in D:\XAMPP\htdocs\eimbox-dashboard\eimbox-materio\payment_confirm_check.php on line 586
[25-Nov-2025 00:13:05 Asia/Dhaka] PHP ERROR [2]: Undefined variable $sectionname in D:\XAMPP\htdocs\eimbox-dashboard\eimbox-materio\payment_confirm_check.php on line 590
[25-Nov-2025 00:13:05 Asia/Dhaka] PHP ERROR [8192]: htmlspecialchars(): Passing null to parameter #1 ($string) of type string is deprecated in D:\XAMPP\htdocs\eimbox-dashboard\eimbox-materio\payment_confirm_check.php on line 590
[25-Nov-2025 00:13:05 Asia/Dhaka] PHP ERROR [2]: Undefined variable $rollno in D:\XAMPP\htdocs\eimbox-dashboard\eimbox-materio\payment_confirm_check.php on line 594
[25-Nov-2025 00:13:05 Asia/Dhaka] PHP ERROR [8192]: htmlspecialchars(): Passing null to parameter #1 ($string) of type string is deprecated in D:\XAMPP\htdocs\eimbox-dashboard\eimbox-materio\payment_confirm_check.php on line 594
[25-Nov-2025 00:13:05 Asia/Dhaka] PHP ERROR [2]: Undefined variable $amount in D:\XAMPP\htdocs\eimbox-dashboard\eimbox-materio\payment_confirm_check.php on line 601
[25-Nov-2025 00:13:05 Asia/Dhaka] PHP ERROR [8192]: number_format(): Passing null to parameter #1 ($num) of type float is deprecated in D:\XAMPP\htdocs\eimbox-dashboard\eimbox-materio\payment_confirm_check.php on line 601
[25-Nov-2025 00:13:05 Asia/Dhaka] PHP ERROR [2]: Undefined variable $stid in D:\XAMPP\htdocs\eimbox-dashboard\eimbox-materio\payment_confirm_check.php on line 613
[25-Nov-2025 00:13:05 Asia/Dhaka] PHP ERROR [8192]: htmlspecialchars(): Passing null to parameter #1 ($string) of type string is deprecated in D:\XAMPP\htdocs\eimbox-dashboard\eimbox-materio\payment_confirm_check.php on line 613
[25-Nov-2025 00:13:05 Asia/Dhaka] PHP ERROR [2]: Undefined variable $stnameeng in D:\XAMPP\htdocs\eimbox-dashboard\eimbox-materio\payment_confirm_check.php on line 614
[25-Nov-2025 00:13:05 Asia/Dhaka] PHP ERROR [8192]: htmlspecialchars(): Passing null to parameter #1 ($string) of type string is deprecated in D:\XAMPP\htdocs\eimbox-dashboard\eimbox-materio\payment_confirm_check.php on line 614
[25-Nov-2025 00:13:05 Asia/Dhaka] PHP ERROR [2]: Undefined variable $classname in D:\XAMPP\htdocs\eimbox-dashboard\eimbox-materio\payment_confirm_check.php on line 615
[25-Nov-2025 00:13:05 Asia/Dhaka] PHP ERROR [8192]: htmlspecialchars(): Passing null to parameter #1 ($string) of type string is deprecated in D:\XAMPP\htdocs\eimbox-dashboard\eimbox-materio\payment_confirm_check.php on line 615
[25-Nov-2025 00:13:05 Asia/Dhaka] PHP ERROR [2]: Undefined variable $sectionname in D:\XAMPP\htdocs\eimbox-dashboard\eimbox-materio\payment_confirm_check.php on line 616
[25-Nov-2025 00:13:05 Asia/Dhaka] PHP ERROR [8192]: htmlspecialchars(): Passing null to parameter #1 ($string) of type string is deprecated in D:\XAMPP\htdocs\eimbox-dashboard\eimbox-materio\payment_confirm_check.php on line 616
[25-Nov-2025 00:13:05 Asia/Dhaka] PHP ERROR [2]: Undefined variable $rollno in D:\XAMPP\htdocs\eimbox-dashboard\eimbox-materio\payment_confirm_check.php on line 617
[25-Nov-2025 00:13:05 Asia/Dhaka] PHP ERROR [8192]: htmlspecialchars(): Passing null to parameter #1 ($string) of type string is deprecated in D:\XAMPP\htdocs\eimbox-dashboard\eimbox-materio\payment_confirm_check.php on line 617
[25-Nov-2025 00:13:05 Asia/Dhaka] PHP ERROR [2]: Undefined variable $amount in D:\XAMPP\htdocs\eimbox-dashboard\eimbox-materio\payment_confirm_check.php on line 618
[25-Nov-2025 00:13:05 Asia/Dhaka] PHP ERROR [8192]: htmlspecialchars(): Passing null to parameter #1 ($string) of type string is deprecated in D:\XAMPP\htdocs\eimbox-dashboard\eimbox-materio\payment_confirm_check.php on line 618
[25-Nov-2025 00:13:05 Asia/Dhaka] PHP ERROR [2]: Undefined variable $stid in D:\XAMPP\htdocs\eimbox-dashboard\eimbox-materio\payment_confirm_check.php on line 645
[25-Nov-2025 00:13:05 Asia/Dhaka] PHP ERROR [8192]: htmlspecialchars(): Passing null to parameter #1 ($string) of type string is deprecated in D:\XAMPP\htdocs\eimbox-dashboard\eimbox-materio\payment_confirm_check.php on line 645
[25-Nov-2025 00:13:05 Asia/Dhaka] PHP ERROR [2]: Undefined variable $amount in D:\XAMPP\htdocs\eimbox-dashboard\eimbox-materio\payment_confirm_check.php on line 647
[25-Nov-2025 00:13:05 Asia/Dhaka] PHP ERROR [8192]: number_format(): Passing null to parameter #1 ($num) of type float is deprecated in D:\XAMPP\htdocs\eimbox-dashboard\eimbox-materio\payment_confirm_check.php on line 647
[25-Nov-2025 00:13:05 Asia/Dhaka] PHP ERROR [2]: Undefined variable $stnameeng in D:\XAMPP\htdocs\eimbox-dashboard\eimbox-materio\payment_confirm_check.php on line 651
[25-Nov-2025 00:13:05 Asia/Dhaka] PHP ERROR [8192]: htmlspecialchars(): Passing null to parameter #1 ($string) of type string is deprecated in D:\XAMPP\htdocs\eimbox-dashboard\eimbox-materio\payment_confirm_check.php on line 651
[25-Nov-2025 00:13:05 Asia/Dhaka] PHP ERROR [2]: Undefined variable $classname in D:\XAMPP\htdocs\eimbox-dashboard\eimbox-materio\payment_confirm_check.php on line 656
[25-Nov-2025 00:13:05 Asia/Dhaka] PHP ERROR [8192]: htmlspecialchars(): Passing null to parameter #1 ($string) of type string is deprecated in D:\XAMPP\htdocs\eimbox-dashboard\eimbox-materio\payment_confirm_check.php on line 656
[25-Nov-2025 00:13:05 Asia/Dhaka] PHP ERROR [2]: Undefined variable $sectionname in D:\XAMPP\htdocs\eimbox-dashboard\eimbox-materio\payment_confirm_check.php on line 657
[25-Nov-2025 00:13:05 Asia/Dhaka] PHP ERROR [8192]: htmlspecialchars(): Passing null to parameter #1 ($string) of type string is deprecated in D:\XAMPP\htdocs\eimbox-dashboard\eimbox-materio\payment_confirm_check.php on line 657
[25-Nov-2025 00:13:05 Asia/Dhaka] PHP ERROR [2]: Undefined variable $rollno in D:\XAMPP\htdocs\eimbox-dashboard\eimbox-materio\payment_confirm_check.php on line 658
[25-Nov-2025 00:13:05 Asia/Dhaka] PHP ERROR [8192]: htmlspecialchars(): Passing null to parameter #1 ($string) of type string is deprecated in D:\XAMPP\htdocs\eimbox-dashboard\eimbox-materio\payment_confirm_check.php on line 658
[25-Nov-2025 00:13:05 Asia/Dhaka] PHP ERROR [2]: Undefined variable $amount in D:\XAMPP\htdocs\eimbox-dashboard\eimbox-materio\payment_confirm_check.php on line 664
[25-Nov-2025 00:13:05 Asia/Dhaka] PHP ERROR [8192]: number_format(): Passing null to parameter #1 ($num) of type float is deprecated in D:\XAMPP\htdocs\eimbox-dashboard\eimbox-materio\payment_confirm_check.php on line 664
[25-Nov-2025 00:13:21 Asia/Dhaka] PHP ERROR [2]: Constant BASEURL already defined in D:\XAMPP\htdocs\eimbox-dashboard\eimbox-materio\payment_confirm_check.php on line 19
[25-Nov-2025 00:13:21 Asia/Dhaka] PHP ERROR [2]: Undefined variable $stpr in D:\XAMPP\htdocs\eimbox-dashboard\eimbox-materio\payment_confirm_check.php on line 559
[25-Nov-2025 00:13:21 Asia/Dhaka] PHP ERROR [8192]: urlencode(): Passing null to parameter #1 ($string) of type string is deprecated in D:\XAMPP\htdocs\eimbox-dashboard\eimbox-materio\payment_confirm_check.php on line 559
[25-Nov-2025 00:13:21 Asia/Dhaka] PHP ERROR [2]: Undefined variable $amount in D:\XAMPP\htdocs\eimbox-dashboard\eimbox-materio\payment_confirm_check.php on line 570
[25-Nov-2025 00:13:21 Asia/Dhaka] PHP ERROR [8192]: number_format(): Passing null to parameter #1 ($num) of type float is deprecated in D:\XAMPP\htdocs\eimbox-dashboard\eimbox-materio\payment_confirm_check.php on line 570
[25-Nov-2025 00:13:21 Asia/Dhaka] PHP ERROR [2]: Undefined variable $stnameeng in D:\XAMPP\htdocs\eimbox-dashboard\eimbox-materio\payment_confirm_check.php on line 571
[25-Nov-2025 00:13:21 Asia/Dhaka] PHP ERROR [8192]: htmlspecialchars(): Passing null to parameter #1 ($string) of type string is deprecated in D:\XAMPP\htdocs\eimbox-dashboard\eimbox-materio\payment_confirm_check.php on line 571
[25-Nov-2025 00:13:21 Asia/Dhaka] PHP ERROR [2]: Undefined variable $stid in D:\XAMPP\htdocs\eimbox-dashboard\eimbox-materio\payment_confirm_check.php on line 578
[25-Nov-2025 00:13:21 Asia/Dhaka] PHP ERROR [8192]: htmlspecialchars(): Passing null to parameter #1 ($string) of type string is deprecated in D:\XAMPP\htdocs\eimbox-dashboard\eimbox-materio\payment_confirm_check.php on line 578
[25-Nov-2025 00:13:21 Asia/Dhaka] PHP ERROR [2]: Undefined variable $stnameeng in D:\XAMPP\htdocs\eimbox-dashboard\eimbox-materio\payment_confirm_check.php on line 582
[25-Nov-2025 00:13:21 Asia/Dhaka] PHP ERROR [8192]: htmlspecialchars(): Passing null to parameter #1 ($string) of type string is deprecated in D:\XAMPP\htdocs\eimbox-dashboard\eimbox-materio\payment_confirm_check.php on line 582
[25-Nov-2025 00:13:21 Asia/Dhaka] PHP ERROR [2]: Undefined variable $classname in D:\XAMPP\htdocs\eimbox-dashboard\eimbox-materio\payment_confirm_check.php on line 586
[25-Nov-2025 00:13:21 Asia/Dhaka] PHP ERROR [8192]: htmlspecialchars(): Passing null to parameter #1 ($string) of type string is deprecated in D:\XAMPP\htdocs\eimbox-dashboard\eimbox-materio\payment_confirm_check.php on line 586
[25-Nov-2025 00:13:21 Asia/Dhaka] PHP ERROR [2]: Undefined variable $sectionname in D:\XAMPP\htdocs\eimbox-dashboard\eimbox-materio\payment_confirm_check.php on line 590
[25-Nov-2025 00:13:21 Asia/Dhaka] PHP ERROR [8192]: htmlspecialchars(): Passing null to parameter #1 ($string) of type string is deprecated in D:\XAMPP\htdocs\eimbox-dashboard\eimbox-materio\payment_confirm_check.php on line 590
[25-Nov-2025 00:13:21 Asia/Dhaka] PHP ERROR [2]: Undefined variable $rollno in D:\XAMPP\htdocs\eimbox-dashboard\eimbox-materio\payment_confirm_check.php on line 594
[25-Nov-2025 00:13:21 Asia/Dhaka] PHP ERROR [8192]: htmlspecialchars(): Passing null to parameter #1 ($string) of type string is deprecated in D:\XAMPP\htdocs\eimbox-dashboard\eimbox-materio\payment_confirm_check.php on line 594
[25-Nov-2025 00:13:21 Asia/Dhaka] PHP ERROR [2]: Undefined variable $amount in D:\XAMPP\htdocs\eimbox-dashboard\eimbox-materio\payment_confirm_check.php on line 601
[25-Nov-2025 00:13:21 Asia/Dhaka] PHP ERROR [8192]: number_format(): Passing null to parameter #1 ($num) of type float is deprecated in D:\XAMPP\htdocs\eimbox-dashboard\eimbox-materio\payment_confirm_check.php on line 601
[25-Nov-2025 00:13:21 Asia/Dhaka] PHP ERROR [2]: Undefined variable $stid in D:\XAMPP\htdocs\eimbox-dashboard\eimbox-materio\payment_confirm_check.php on line 613
[25-Nov-2025 00:13:21 Asia/Dhaka] PHP ERROR [8192]: htmlspecialchars(): Passing null to parameter #1 ($string) of type string is deprecated in D:\XAMPP\htdocs\eimbox-dashboard\eimbox-materio\payment_confirm_check.php on line 613
[25-Nov-2025 00:13:21 Asia/Dhaka] PHP ERROR [2]: Undefined variable $stnameeng in D:\XAMPP\htdocs\eimbox-dashboard\eimbox-materio\payment_confirm_check.php on line 614
[25-Nov-2025 00:13:21 Asia/Dhaka] PHP ERROR [8192]: htmlspecialchars(): Passing null to parameter #1 ($string) of type string is deprecated in D:\XAMPP\htdocs\eimbox-dashboard\eimbox-materio\payment_confirm_check.php on line 614
[25-Nov-2025 00:13:21 Asia/Dhaka] PHP ERROR [2]: Undefined variable $classname in D:\XAMPP\htdocs\eimbox-dashboard\eimbox-materio\payment_confirm_check.php on line 615
[25-Nov-2025 00:13:21 Asia/Dhaka] PHP ERROR [8192]: htmlspecialchars(): Passing null to parameter #1 ($string) of type string is deprecated in D:\XAMPP\htdocs\eimbox-dashboard\eimbox-materio\payment_confirm_check.php on line 615
[25-Nov-2025 00:13:21 Asia/Dhaka] PHP ERROR [2]: Undefined variable $sectionname in D:\XAMPP\htdocs\eimbox-dashboard\eimbox-materio\payment_confirm_check.php on line 616
[25-Nov-2025 00:13:21 Asia/Dhaka] PHP ERROR [8192]: htmlspecialchars(): Passing null to parameter #1 ($string) of type string is deprecated in D:\XAMPP\htdocs\eimbox-dashboard\eimbox-materio\payment_confirm_check.php on line 616
[25-Nov-2025 00:13:21 Asia/Dhaka] PHP ERROR [2]: Undefined variable $rollno in D:\XAMPP\htdocs\eimbox-dashboard\eimbox-materio\payment_confirm_check.php on line 617
[25-Nov-2025 00:13:21 Asia/Dhaka] PHP ERROR [8192]: htmlspecialchars(): Passing null to parameter #1 ($string) of type string is deprecated in D:\XAMPP\htdocs\eimbox-dashboard\eimbox-materio\payment_confirm_check.php on line 617
[25-Nov-2025 00:13:21 Asia/Dhaka] PHP ERROR [2]: Undefined variable $amount in D:\XAMPP\htdocs\eimbox-dashboard\eimbox-materio\payment_confirm_check.php on line 618
[25-Nov-2025 00:13:21 Asia/Dhaka] PHP ERROR [8192]: htmlspecialchars(): Passing null to parameter #1 ($string) of type string is deprecated in D:\XAMPP\htdocs\eimbox-dashboard\eimbox-materio\payment_confirm_check.php on line 618
[25-Nov-2025 00:13:21 Asia/Dhaka] PHP ERROR [2]: Undefined variable $stid in D:\XAMPP\htdocs\eimbox-dashboard\eimbox-materio\payment_confirm_check.php on line 645
[25-Nov-2025 00:13:21 Asia/Dhaka] PHP ERROR [8192]: htmlspecialchars(): Passing null to parameter #1 ($string) of type string is deprecated in D:\XAMPP\htdocs\eimbox-dashboard\eimbox-materio\payment_confirm_check.php on line 645
[25-Nov-2025 00:13:21 Asia/Dhaka] PHP ERROR [2]: Undefined variable $amount in D:\XAMPP\htdocs\eimbox-dashboard\eimbox-materio\payment_confirm_check.php on line 647
[25-Nov-2025 00:13:21 Asia/Dhaka] PHP ERROR [8192]: number_format(): Passing null to parameter #1 ($num) of type float is deprecated in D:\XAMPP\htdocs\eimbox-dashboard\eimbox-materio\payment_confirm_check.php on line 647
[25-Nov-2025 00:13:21 Asia/Dhaka] PHP ERROR [2]: Undefined variable $stnameeng in D:\XAMPP\htdocs\eimbox-dashboard\eimbox-materio\payment_confirm_check.php on line 651
[25-Nov-2025 00:13:21 Asia/Dhaka] PHP ERROR [8192]: htmlspecialchars(): Passing null to parameter #1 ($string) of type string is deprecated in D:\XAMPP\htdocs\eimbox-dashboard\eimbox-materio\payment_confirm_check.php on line 651
[25-Nov-2025 00:13:21 Asia/Dhaka] PHP ERROR [2]: Undefined variable $classname in D:\XAMPP\htdocs\eimbox-dashboard\eimbox-materio\payment_confirm_check.php on line 656
[25-Nov-2025 00:13:21 Asia/Dhaka] PHP ERROR [8192]: htmlspecialchars(): Passing null to parameter #1 ($string) of type string is deprecated in D:\XAMPP\htdocs\eimbox-dashboard\eimbox-materio\payment_confirm_check.php on line 656
[25-Nov-2025 00:13:21 Asia/Dhaka] PHP ERROR [2]: Undefined variable $sectionname in D:\XAMPP\htdocs\eimbox-dashboard\eimbox-materio\payment_confirm_check.php on line 657
[25-Nov-2025 00:13:21 Asia/Dhaka] PHP ERROR [8192]: htmlspecialchars(): Passing null to parameter #1 ($string) of type string is deprecated in D:\XAMPP\htdocs\eimbox-dashboard\eimbox-materio\payment_confirm_check.php on line 657
[25-Nov-2025 00:13:21 Asia/Dhaka] PHP ERROR [2]: Undefined variable $rollno in D:\XAMPP\htdocs\eimbox-dashboard\eimbox-materio\payment_confirm_check.php on line 658
[25-Nov-2025 00:13:21 Asia/Dhaka] PHP ERROR [8192]: htmlspecialchars(): Passing null to parameter #1 ($string) of type string is deprecated in D:\XAMPP\htdocs\eimbox-dashboard\eimbox-materio\payment_confirm_check.php on line 658
[25-Nov-2025 00:13:21 Asia/Dhaka] PHP ERROR [2]: Undefined variable $amount in D:\XAMPP\htdocs\eimbox-dashboard\eimbox-materio\payment_confirm_check.php on line 664
[25-Nov-2025 00:13:21 Asia/Dhaka] PHP ERROR [8192]: number_format(): Passing null to parameter #1 ($num) of type float is deprecated in D:\XAMPP\htdocs\eimbox-dashboard\eimbox-materio\payment_confirm_check.php on line 664
[25-Nov-2025 00:14:00 Asia/Dhaka] PHP ERROR [2]: Constant BASEURL already defined in D:\XAMPP\htdocs\eimbox-dashboard\eimbox-materio\payment_confirm_check.php on line 19
[25-Nov-2025 00:14:01 Asia/Dhaka] PHP ERROR [2]: Undefined variable $stpr in D:\XAMPP\htdocs\eimbox-dashboard\eimbox-materio\payment_confirm_check.php on line 559
[25-Nov-2025 00:14:01 Asia/Dhaka] PHP ERROR [8192]: urlencode(): Passing null to parameter #1 ($string) of type string is deprecated in D:\XAMPP\htdocs\eimbox-dashboard\eimbox-materio\payment_confirm_check.php on line 559
[25-Nov-2025 00:14:01 Asia/Dhaka] PHP ERROR [2]: Undefined variable $amount in D:\XAMPP\htdocs\eimbox-dashboard\eimbox-materio\payment_confirm_check.php on line 570
[25-Nov-2025 00:14:01 Asia/Dhaka] PHP ERROR [8192]: number_format(): Passing null to parameter #1 ($num) of type float is deprecated in D:\XAMPP\htdocs\eimbox-dashboard\eimbox-materio\payment_confirm_check.php on line 570
[25-Nov-2025 00:14:01 Asia/Dhaka] PHP ERROR [2]: Undefined variable $stnameeng in D:\XAMPP\htdocs\eimbox-dashboard\eimbox-materio\payment_confirm_check.php on line 571
[25-Nov-2025 00:14:01 Asia/Dhaka] PHP ERROR [8192]: htmlspecialchars(): Passing null to parameter #1 ($string) of type string is deprecated in D:\XAMPP\htdocs\eimbox-dashboard\eimbox-materio\payment_confirm_check.php on line 571
[25-Nov-2025 00:14:01 Asia/Dhaka] PHP ERROR [2]: Undefined variable $stid in D:\XAMPP\htdocs\eimbox-dashboard\eimbox-materio\payment_confirm_check.php on line 578
[25-Nov-2025 00:14:01 Asia/Dhaka] PHP ERROR [8192]: htmlspecialchars(): Passing null to parameter #1 ($string) of type string is deprecated in D:\XAMPP\htdocs\eimbox-dashboard\eimbox-materio\payment_confirm_check.php on line 578
[25-Nov-2025 00:14:01 Asia/Dhaka] PHP ERROR [2]: Undefined variable $stnameeng in D:\XAMPP\htdocs\eimbox-dashboard\eimbox-materio\payment_confirm_check.php on line 582
[25-Nov-2025 00:14:01 Asia/Dhaka] PHP ERROR [8192]: htmlspecialchars(): Passing null to parameter #1 ($string) of type string is deprecated in D:\XAMPP\htdocs\eimbox-dashboard\eimbox-materio\payment_confirm_check.php on line 582
[25-Nov-2025 00:14:01 Asia/Dhaka] PHP ERROR [2]: Undefined variable $classname in D:\XAMPP\htdocs\eimbox-dashboard\eimbox-materio\payment_confirm_check.php on line 586
[25-Nov-2025 00:14:01 Asia/Dhaka] PHP ERROR [8192]: htmlspecialchars(): Passing null to parameter #1 ($string) of type string is deprecated in D:\XAMPP\htdocs\eimbox-dashboard\eimbox-materio\payment_confirm_check.php on line 586
[25-Nov-2025 00:14:01 Asia/Dhaka] PHP ERROR [2]: Undefined variable $sectionname in D:\XAMPP\htdocs\eimbox-dashboard\eimbox-materio\payment_confirm_check.php on line 590
[25-Nov-2025 00:14:01 Asia/Dhaka] PHP ERROR [8192]: htmlspecialchars(): Passing null to parameter #1 ($string) of type string is deprecated in D:\XAMPP\htdocs\eimbox-dashboard\eimbox-materio\payment_confirm_check.php on line 590
[25-Nov-2025 00:14:01 Asia/Dhaka] PHP ERROR [2]: Undefined variable $rollno in D:\XAMPP\htdocs\eimbox-dashboard\eimbox-materio\payment_confirm_check.php on line 594
[25-Nov-2025 00:14:01 Asia/Dhaka] PHP ERROR [8192]: htmlspecialchars(): Passing null to parameter #1 ($string) of type string is deprecated in D:\XAMPP\htdocs\eimbox-dashboard\eimbox-materio\payment_confirm_check.php on line 594
[25-Nov-2025 00:14:01 Asia/Dhaka] PHP ERROR [2]: Undefined variable $amount in D:\XAMPP\htdocs\eimbox-dashboard\eimbox-materio\payment_confirm_check.php on line 601
[25-Nov-2025 00:14:01 Asia/Dhaka] PHP ERROR [8192]: number_format(): Passing null to parameter #1 ($num) of type float is deprecated in D:\XAMPP\htdocs\eimbox-dashboard\eimbox-materio\payment_confirm_check.php on line 601
[25-Nov-2025 00:14:01 Asia/Dhaka] PHP ERROR [2]: Undefined variable $stid in D:\XAMPP\htdocs\eimbox-dashboard\eimbox-materio\payment_confirm_check.php on line 613
[25-Nov-2025 00:14:01 Asia/Dhaka] PHP ERROR [8192]: htmlspecialchars(): Passing null to parameter #1 ($string) of type string is deprecated in D:\XAMPP\htdocs\eimbox-dashboard\eimbox-materio\payment_confirm_check.php on line 613
[25-Nov-2025 00:14:01 Asia/Dhaka] PHP ERROR [2]: Undefined variable $stnameeng in D:\XAMPP\htdocs\eimbox-dashboard\eimbox-materio\payment_confirm_check.php on line 614
[25-Nov-2025 00:14:01 Asia/Dhaka] PHP ERROR [8192]: htmlspecialchars(): Passing null to parameter #1 ($string) of type string is deprecated in D:\XAMPP\htdocs\eimbox-dashboard\eimbox-materio\payment_confirm_check.php on line 614
[25-Nov-2025 00:14:01 Asia/Dhaka] PHP ERROR [2]: Undefined variable $classname in D:\XAMPP\htdocs\eimbox-dashboard\eimbox-materio\payment_confirm_check.php on line 615
[25-Nov-2025 00:14:01 Asia/Dhaka] PHP ERROR [8192]: htmlspecialchars(): Passing null to parameter #1 ($string) of type string is deprecated in D:\XAMPP\htdocs\eimbox-dashboard\eimbox-materio\payment_confirm_check.php on line 615
[25-Nov-2025 00:14:01 Asia/Dhaka] PHP ERROR [2]: Undefined variable $sectionname in D:\XAMPP\htdocs\eimbox-dashboard\eimbox-materio\payment_confirm_check.php on line 616
[25-Nov-2025 00:14:01 Asia/Dhaka] PHP ERROR [8192]: htmlspecialchars(): Passing null to parameter #1 ($string) of type string is deprecated in D:\XAMPP\htdocs\eimbox-dashboard\eimbox-materio\payment_confirm_check.php on line 616
[25-Nov-2025 00:14:01 Asia/Dhaka] PHP ERROR [2]: Undefined variable $rollno in D:\XAMPP\htdocs\eimbox-dashboard\eimbox-materio\payment_confirm_check.php on line 617
[25-Nov-2025 00:14:01 Asia/Dhaka] PHP ERROR [8192]: htmlspecialchars(): Passing null to parameter #1 ($string) of type string is deprecated in D:\XAMPP\htdocs\eimbox-dashboard\eimbox-materio\payment_confirm_check.php on line 617
[25-Nov-2025 00:14:01 Asia/Dhaka] PHP ERROR [2]: Undefined variable $amount in D:\XAMPP\htdocs\eimbox-dashboard\eimbox-materio\payment_confirm_check.php on line 618
[25-Nov-2025 00:14:01 Asia/Dhaka] PHP ERROR [8192]: htmlspecialchars(): Passing null to parameter #1 ($string) of type string is deprecated in D:\XAMPP\htdocs\eimbox-dashboard\eimbox-materio\payment_confirm_check.php on line 618
[25-Nov-2025 00:14:01 Asia/Dhaka] PHP ERROR [2]: Undefined variable $stid in D:\XAMPP\htdocs\eimbox-dashboard\eimbox-materio\payment_confirm_check.php on line 645
[25-Nov-2025 00:14:01 Asia/Dhaka] PHP ERROR [8192]: htmlspecialchars(): Passing null to parameter #1 ($string) of type string is deprecated in D:\XAMPP\htdocs\eimbox-dashboard\eimbox-materio\payment_confirm_check.php on line 645
[25-Nov-2025 00:14:01 Asia/Dhaka] PHP ERROR [2]: Undefined variable $amount in D:\XAMPP\htdocs\eimbox-dashboard\eimbox-materio\payment_confirm_check.php on line 647
[25-Nov-2025 00:14:01 Asia/Dhaka] PHP ERROR [8192]: number_format(): Passing null to parameter #1 ($num) of type float is deprecated in D:\XAMPP\htdocs\eimbox-dashboard\eimbox-materio\payment_confirm_check.php on line 647
[25-Nov-2025 00:14:01 Asia/Dhaka] PHP ERROR [2]: Undefined variable $stnameeng in D:\XAMPP\htdocs\eimbox-dashboard\eimbox-materio\payment_confirm_check.php on line 651
[25-Nov-2025 00:14:01 Asia/Dhaka] PHP ERROR [8192]: htmlspecialchars(): Passing null to parameter #1 ($string) of type string is deprecated in D:\XAMPP\htdocs\eimbox-dashboard\eimbox-materio\payment_confirm_check.php on line 651
[25-Nov-2025 00:14:01 Asia/Dhaka] PHP ERROR [2]: Undefined variable $classname in D:\XAMPP\htdocs\eimbox-dashboard\eimbox-materio\payment_confirm_check.php on line 656
[25-Nov-2025 00:14:01 Asia/Dhaka] PHP ERROR [8192]: htmlspecialchars(): Passing null to parameter #1 ($string) of type string is deprecated in D:\XAMPP\htdocs\eimbox-dashboard\eimbox-materio\payment_confirm_check.php on line 656
[25-Nov-2025 00:14:01 Asia/Dhaka] PHP ERROR [2]: Undefined variable $sectionname in D:\XAMPP\htdocs\eimbox-dashboard\eimbox-materio\payment_confirm_check.php on line 657
[25-Nov-2025 00:14:01 Asia/Dhaka] PHP ERROR [8192]: htmlspecialchars(): Passing null to parameter #1 ($string) of type string is deprecated in D:\XAMPP\htdocs\eimbox-dashboard\eimbox-materio\payment_confirm_check.php on line 657
[25-Nov-2025 00:14:01 Asia/Dhaka] PHP ERROR [2]: Undefined variable $rollno in D:\XAMPP\htdocs\eimbox-dashboard\eimbox-materio\payment_confirm_check.php on line 658
[25-Nov-2025 00:14:01 Asia/Dhaka] PHP ERROR [8192]: htmlspecialchars(): Passing null to parameter #1 ($string) of type string is deprecated in D:\XAMPP\htdocs\eimbox-dashboard\eimbox-materio\payment_confirm_check.php on line 658
[25-Nov-2025 00:14:01 Asia/Dhaka] PHP ERROR [2]: Undefined variable $amount in D:\XAMPP\htdocs\eimbox-dashboard\eimbox-materio\payment_confirm_check.php on line 664
[25-Nov-2025 00:14:01 Asia/Dhaka] PHP ERROR [8192]: number_format(): Passing null to parameter #1 ($num) of type float is deprecated in D:\XAMPP\htdocs\eimbox-dashboard\eimbox-materio\payment_confirm_check.php on line 664
[25-Nov-2025 00:14:25 Asia/Dhaka] PHP ERROR [2]: Constant BASEURL already defined in D:\XAMPP\htdocs\eimbox-dashboard\eimbox-materio\payment_confirm_check.php on line 19
[25-Nov-2025 00:14:26 Asia/Dhaka] PHP ERROR [2]: Undefined variable $stpr in D:\XAMPP\htdocs\eimbox-dashboard\eimbox-materio\payment_confirm_check.php on line 559
[25-Nov-2025 00:14:26 Asia/Dhaka] PHP ERROR [8192]: urlencode(): Passing null to parameter #1 ($string) of type string is deprecated in D:\XAMPP\htdocs\eimbox-dashboard\eimbox-materio\payment_confirm_check.php on line 559
[25-Nov-2025 00:14:26 Asia/Dhaka] PHP ERROR [2]: Undefined variable $amount in D:\XAMPP\htdocs\eimbox-dashboard\eimbox-materio\payment_confirm_check.php on line 570
[25-Nov-2025 00:14:26 Asia/Dhaka] PHP ERROR [8192]: number_format(): Passing null to parameter #1 ($num) of type float is deprecated in D:\XAMPP\htdocs\eimbox-dashboard\eimbox-materio\payment_confirm_check.php on line 570
[25-Nov-2025 00:14:26 Asia/Dhaka] PHP ERROR [2]: Undefined variable $stnameeng in D:\XAMPP\htdocs\eimbox-dashboard\eimbox-materio\payment_confirm_check.php on line 571
[25-Nov-2025 00:14:26 Asia/Dhaka] PHP ERROR [8192]: htmlspecialchars(): Passing null to parameter #1 ($string) of type string is deprecated in D:\XAMPP\htdocs\eimbox-dashboard\eimbox-materio\payment_confirm_check.php on line 571
[25-Nov-2025 00:14:26 Asia/Dhaka] PHP ERROR [2]: Undefined variable $stid in D:\XAMPP\htdocs\eimbox-dashboard\eimbox-materio\payment_confirm_check.php on line 578
[25-Nov-2025 00:14:26 Asia/Dhaka] PHP ERROR [8192]: htmlspecialchars(): Passing null to parameter #1 ($string) of type string is deprecated in D:\XAMPP\htdocs\eimbox-dashboard\eimbox-materio\payment_confirm_check.php on line 578
[25-Nov-2025 00:14:26 Asia/Dhaka] PHP ERROR [2]: Undefined variable $stnameeng in D:\XAMPP\htdocs\eimbox-dashboard\eimbox-materio\payment_confirm_check.php on line 582
[25-Nov-2025 00:14:26 Asia/Dhaka] PHP ERROR [8192]: htmlspecialchars(): Passing null to parameter #1 ($string) of type string is deprecated in D:\XAMPP\htdocs\eimbox-dashboard\eimbox-materio\payment_confirm_check.php on line 582
[25-Nov-2025 00:14:26 Asia/Dhaka] PHP ERROR [2]: Undefined variable $classname in D:\XAMPP\htdocs\eimbox-dashboard\eimbox-materio\payment_confirm_check.php on line 586
[25-Nov-2025 00:14:26 Asia/Dhaka] PHP ERROR [8192]: htmlspecialchars(): Passing null to parameter #1 ($string) of type string is deprecated in D:\XAMPP\htdocs\eimbox-dashboard\eimbox-materio\payment_confirm_check.php on line 586
[25-Nov-2025 00:14:26 Asia/Dhaka] PHP ERROR [2]: Undefined variable $sectionname in D:\XAMPP\htdocs\eimbox-dashboard\eimbox-materio\payment_confirm_check.php on line 590
[25-Nov-2025 00:14:26 Asia/Dhaka] PHP ERROR [8192]: htmlspecialchars(): Passing null to parameter #1 ($string) of type string is deprecated in D:\XAMPP\htdocs\eimbox-dashboard\eimbox-materio\payment_confirm_check.php on line 590
[25-Nov-2025 00:14:26 Asia/Dhaka] PHP ERROR [2]: Undefined variable $rollno in D:\XAMPP\htdocs\eimbox-dashboard\eimbox-materio\payment_confirm_check.php on line 594
[25-Nov-2025 00:14:26 Asia/Dhaka] PHP ERROR [8192]: htmlspecialchars(): Passing null to parameter #1 ($string) of type string is deprecated in D:\XAMPP\htdocs\eimbox-dashboard\eimbox-materio\payment_confirm_check.php on line 594
[25-Nov-2025 00:14:26 Asia/Dhaka] PHP ERROR [2]: Undefined variable $amount in D:\XAMPP\htdocs\eimbox-dashboard\eimbox-materio\payment_confirm_check.php on line 601
[25-Nov-2025 00:14:26 Asia/Dhaka] PHP ERROR [8192]: number_format(): Passing null to parameter #1 ($num) of type float is deprecated in D:\XAMPP\htdocs\eimbox-dashboard\eimbox-materio\payment_confirm_check.php on line 601
[25-Nov-2025 00:14:26 Asia/Dhaka] PHP ERROR [2]: Undefined variable $stid in D:\XAMPP\htdocs\eimbox-dashboard\eimbox-materio\payment_confirm_check.php on line 613
[25-Nov-2025 00:14:26 Asia/Dhaka] PHP ERROR [8192]: htmlspecialchars(): Passing null to parameter #1 ($string) of type string is deprecated in D:\XAMPP\htdocs\eimbox-dashboard\eimbox-materio\payment_confirm_check.php on line 613
[25-Nov-2025 00:14:26 Asia/Dhaka] PHP ERROR [2]: Undefined variable $stnameeng in D:\XAMPP\htdocs\eimbox-dashboard\eimbox-materio\payment_confirm_check.php on line 614
[25-Nov-2025 00:14:26 Asia/Dhaka] PHP ERROR [8192]: htmlspecialchars(): Passing null to parameter #1 ($string) of type string is deprecated in D:\XAMPP\htdocs\eimbox-dashboard\eimbox-materio\payment_confirm_check.php on line 614
[25-Nov-2025 00:14:26 Asia/Dhaka] PHP ERROR [2]: Undefined variable $classname in D:\XAMPP\htdocs\eimbox-dashboard\eimbox-materio\payment_confirm_check.php on line 615
[25-Nov-2025 00:14:26 Asia/Dhaka] PHP ERROR [8192]: htmlspecialchars(): Passing null to parameter #1 ($string) of type string is deprecated in D:\XAMPP\htdocs\eimbox-dashboard\eimbox-materio\payment_confirm_check.php on line 615
[25-Nov-2025 00:14:26 Asia/Dhaka] PHP ERROR [2]: Undefined variable $sectionname in D:\XAMPP\htdocs\eimbox-dashboard\eimbox-materio\payment_confirm_check.php on line 616
[25-Nov-2025 00:14:26 Asia/Dhaka] PHP ERROR [8192]: htmlspecialchars(): Passing null to parameter #1 ($string) of type string is deprecated in D:\XAMPP\htdocs\eimbox-dashboard\eimbox-materio\payment_confirm_check.php on line 616
[25-Nov-2025 00:14:26 Asia/Dhaka] PHP ERROR [2]: Undefined variable $rollno in D:\XAMPP\htdocs\eimbox-dashboard\eimbox-materio\payment_confirm_check.php on line 617
[25-Nov-2025 00:14:26 Asia/Dhaka] PHP ERROR [8192]: htmlspecialchars(): Passing null to parameter #1 ($string) of type string is deprecated in D:\XAMPP\htdocs\eimbox-dashboard\eimbox-materio\payment_confirm_check.php on line 617
[25-Nov-2025 00:14:26 Asia/Dhaka] PHP ERROR [2]: Undefined variable $amount in D:\XAMPP\htdocs\eimbox-dashboard\eimbox-materio\payment_confirm_check.php on line 618
[25-Nov-2025 00:14:26 Asia/Dhaka] PHP ERROR [8192]: htmlspecialchars(): Passing null to parameter #1 ($string) of type string is deprecated in D:\XAMPP\htdocs\eimbox-dashboard\eimbox-materio\payment_confirm_check.php on line 618
[25-Nov-2025 00:14:26 Asia/Dhaka] PHP ERROR [2]: Undefined variable $stid in D:\XAMPP\htdocs\eimbox-dashboard\eimbox-materio\payment_confirm_check.php on line 645
[25-Nov-2025 00:14:26 Asia/Dhaka] PHP ERROR [8192]: htmlspecialchars(): Passing null to parameter #1 ($string) of type string is deprecated in D:\XAMPP\htdocs\eimbox-dashboard\eimbox-materio\payment_confirm_check.php on line 645
[25-Nov-2025 00:14:26 Asia/Dhaka] PHP ERROR [2]: Undefined variable $amount in D:\XAMPP\htdocs\eimbox-dashboard\eimbox-materio\payment_confirm_check.php on line 647
[25-Nov-2025 00:14:26 Asia/Dhaka] PHP ERROR [8192]: number_format(): Passing null to parameter #1 ($num) of type float is deprecated in D:\XAMPP\htdocs\eimbox-dashboard\eimbox-materio\payment_confirm_check.php on line 647
[25-Nov-2025 00:14:26 Asia/Dhaka] PHP ERROR [2]: Undefined variable $stnameeng in D:\XAMPP\htdocs\eimbox-dashboard\eimbox-materio\payment_confirm_check.php on line 651
[25-Nov-2025 00:14:26 Asia/Dhaka] PHP ERROR [8192]: htmlspecialchars(): Passing null to parameter #1 ($string) of type string is deprecated in D:\XAMPP\htdocs\eimbox-dashboard\eimbox-materio\payment_confirm_check.php on line 651
[25-Nov-2025 00:14:26 Asia/Dhaka] PHP ERROR [2]: Undefined variable $classname in D:\XAMPP\htdocs\eimbox-dashboard\eimbox-materio\payment_confirm_check.php on line 656
[25-Nov-2025 00:14:26 Asia/Dhaka] PHP ERROR [8192]: htmlspecialchars(): Passing null to parameter #1 ($string) of type string is deprecated in D:\XAMPP\htdocs\eimbox-dashboard\eimbox-materio\payment_confirm_check.php on line 656
[25-Nov-2025 00:14:26 Asia/Dhaka] PHP ERROR [2]: Undefined variable $sectionname in D:\XAMPP\htdocs\eimbox-dashboard\eimbox-materio\payment_confirm_check.php on line 657
[25-Nov-2025 00:14:26 Asia/Dhaka] PHP ERROR [8192]: htmlspecialchars(): Passing null to parameter #1 ($string) of type string is deprecated in D:\XAMPP\htdocs\eimbox-dashboard\eimbox-materio\payment_confirm_check.php on line 657
[25-Nov-2025 00:14:26 Asia/Dhaka] PHP ERROR [2]: Undefined variable $rollno in D:\XAMPP\htdocs\eimbox-dashboard\eimbox-materio\payment_confirm_check.php on line 658
[25-Nov-2025 00:14:26 Asia/Dhaka] PHP ERROR [8192]: htmlspecialchars(): Passing null to parameter #1 ($string) of type string is deprecated in D:\XAMPP\htdocs\eimbox-dashboard\eimbox-materio\payment_confirm_check.php on line 658
[25-Nov-2025 00:14:26 Asia/Dhaka] PHP ERROR [2]: Undefined variable $amount in D:\XAMPP\htdocs\eimbox-dashboard\eimbox-materio\payment_confirm_check.php on line 664
[25-Nov-2025 00:14:26 Asia/Dhaka] PHP ERROR [8192]: number_format(): Passing null to parameter #1 ($num) of type float is deprecated in D:\XAMPP\htdocs\eimbox-dashboard\eimbox-materio\payment_confirm_check.php on line 664
[25-Nov-2025 00:14:52 Asia/Dhaka] PHP ERROR [2]: Constant BASEURL already defined in D:\XAMPP\htdocs\eimbox-dashboard\eimbox-materio\payment_confirm_check.php on line 19
[25-Nov-2025 00:14:53 Asia/Dhaka] PHP ERROR [2]: Undefined variable $stpr in D:\XAMPP\htdocs\eimbox-dashboard\eimbox-materio\payment_confirm_check.php on line 559
[25-Nov-2025 00:14:53 Asia/Dhaka] PHP ERROR [8192]: urlencode(): Passing null to parameter #1 ($string) of type string is deprecated in D:\XAMPP\htdocs\eimbox-dashboard\eimbox-materio\payment_confirm_check.php on line 559
[25-Nov-2025 00:14:53 Asia/Dhaka] PHP ERROR [2]: Undefined variable $amount in D:\XAMPP\htdocs\eimbox-dashboard\eimbox-materio\payment_confirm_check.php on line 570
[25-Nov-2025 00:14:53 Asia/Dhaka] PHP ERROR [8192]: number_format(): Passing null to parameter #1 ($num) of type float is deprecated in D:\XAMPP\htdocs\eimbox-dashboard\eimbox-materio\payment_confirm_check.php on line 570
[25-Nov-2025 00:14:53 Asia/Dhaka] PHP ERROR [2]: Undefined variable $stnameeng in D:\XAMPP\htdocs\eimbox-dashboard\eimbox-materio\payment_confirm_check.php on line 571
[25-Nov-2025 00:14:53 Asia/Dhaka] PHP ERROR [8192]: htmlspecialchars(): Passing null to parameter #1 ($string) of type string is deprecated in D:\XAMPP\htdocs\eimbox-dashboard\eimbox-materio\payment_confirm_check.php on line 571
[25-Nov-2025 00:14:53 Asia/Dhaka] PHP ERROR [2]: Undefined variable $stid in D:\XAMPP\htdocs\eimbox-dashboard\eimbox-materio\payment_confirm_check.php on line 578
[25-Nov-2025 00:14:53 Asia/Dhaka] PHP ERROR [8192]: htmlspecialchars(): Passing null to parameter #1 ($string) of type string is deprecated in D:\XAMPP\htdocs\eimbox-dashboard\eimbox-materio\payment_confirm_check.php on line 578
[25-Nov-2025 00:14:53 Asia/Dhaka] PHP ERROR [2]: Undefined variable $stnameeng in D:\XAMPP\htdocs\eimbox-dashboard\eimbox-materio\payment_confirm_check.php on line 582
[25-Nov-2025 00:14:53 Asia/Dhaka] PHP ERROR [8192]: htmlspecialchars(): Passing null to parameter #1 ($string) of type string is deprecated in D:\XAMPP\htdocs\eimbox-dashboard\eimbox-materio\payment_confirm_check.php on line 582
[25-Nov-2025 00:14:53 Asia/Dhaka] PHP ERROR [2]: Undefined variable $classname in D:\XAMPP\htdocs\eimbox-dashboard\eimbox-materio\payment_confirm_check.php on line 586
[25-Nov-2025 00:14:53 Asia/Dhaka] PHP ERROR [8192]: htmlspecialchars(): Passing null to parameter #1 ($string) of type string is deprecated in D:\XAMPP\htdocs\eimbox-dashboard\eimbox-materio\payment_confirm_check.php on line 586
[25-Nov-2025 00:14:53 Asia/Dhaka] PHP ERROR [2]: Undefined variable $sectionname in D:\XAMPP\htdocs\eimbox-dashboard\eimbox-materio\payment_confirm_check.php on line 590
[25-Nov-2025 00:14:53 Asia/Dhaka] PHP ERROR [8192]: htmlspecialchars(): Passing null to parameter #1 ($string) of type string is deprecated in D:\XAMPP\htdocs\eimbox-dashboard\eimbox-materio\payment_confirm_check.php on line 590
[25-Nov-2025 00:14:53 Asia/Dhaka] PHP ERROR [2]: Undefined variable $rollno in D:\XAMPP\htdocs\eimbox-dashboard\eimbox-materio\payment_confirm_check.php on line 594
[25-Nov-2025 00:14:53 Asia/Dhaka] PHP ERROR [8192]: htmlspecialchars(): Passing null to parameter #1 ($string) of type string is deprecated in D:\XAMPP\htdocs\eimbox-dashboard\eimbox-materio\payment_confirm_check.php on line 594
[25-Nov-2025 00:14:53 Asia/Dhaka] PHP ERROR [2]: Undefined variable $amount in D:\XAMPP\htdocs\eimbox-dashboard\eimbox-materio\payment_confirm_check.php on line 601
[25-Nov-2025 00:14:53 Asia/Dhaka] PHP ERROR [8192]: number_format(): Passing null to parameter #1 ($num) of type float is deprecated in D:\XAMPP\htdocs\eimbox-dashboard\eimbox-materio\payment_confirm_check.php on line 601
[25-Nov-2025 00:14:53 Asia/Dhaka] PHP ERROR [2]: Undefined variable $stid in D:\XAMPP\htdocs\eimbox-dashboard\eimbox-materio\payment_confirm_check.php on line 613
[25-Nov-2025 00:14:53 Asia/Dhaka] PHP ERROR [8192]: htmlspecialchars(): Passing null to parameter #1 ($string) of type string is deprecated in D:\XAMPP\htdocs\eimbox-dashboard\eimbox-materio\payment_confirm_check.php on line 613
[25-Nov-2025 00:14:53 Asia/Dhaka] PHP ERROR [2]: Undefined variable $stnameeng in D:\XAMPP\htdocs\eimbox-dashboard\eimbox-materio\payment_confirm_check.php on line 614
[25-Nov-2025 00:14:53 Asia/Dhaka] PHP ERROR [8192]: htmlspecialchars(): Passing null to parameter #1 ($string) of type string is deprecated in D:\XAMPP\htdocs\eimbox-dashboard\eimbox-materio\payment_confirm_check.php on line 614
[25-Nov-2025 00:14:53 Asia/Dhaka] PHP ERROR [2]: Undefined variable $classname in D:\XAMPP\htdocs\eimbox-dashboard\eimbox-materio\payment_confirm_check.php on line 615
[25-Nov-2025 00:14:53 Asia/Dhaka] PHP ERROR [8192]: htmlspecialchars(): Passing null to parameter #1 ($string) of type string is deprecated in D:\XAMPP\htdocs\eimbox-dashboard\eimbox-materio\payment_confirm_check.php on line 615
[25-Nov-2025 00:14:53 Asia/Dhaka] PHP ERROR [2]: Undefined variable $sectionname in D:\XAMPP\htdocs\eimbox-dashboard\eimbox-materio\payment_confirm_check.php on line 616
[25-Nov-2025 00:14:53 Asia/Dhaka] PHP ERROR [8192]: htmlspecialchars(): Passing null to parameter #1 ($string) of type string is deprecated in D:\XAMPP\htdocs\eimbox-dashboard\eimbox-materio\payment_confirm_check.php on line 616
[25-Nov-2025 00:14:53 Asia/Dhaka] PHP ERROR [2]: Undefined variable $rollno in D:\XAMPP\htdocs\eimbox-dashboard\eimbox-materio\payment_confirm_check.php on line 617
[25-Nov-2025 00:14:53 Asia/Dhaka] PHP ERROR [8192]: htmlspecialchars(): Passing null to parameter #1 ($string) of type string is deprecated in D:\XAMPP\htdocs\eimbox-dashboard\eimbox-materio\payment_confirm_check.php on line 617
[25-Nov-2025 00:14:53 Asia/Dhaka] PHP ERROR [2]: Undefined variable $amount in D:\XAMPP\htdocs\eimbox-dashboard\eimbox-materio\payment_confirm_check.php on line 618
[25-Nov-2025 00:14:53 Asia/Dhaka] PHP ERROR [8192]: htmlspecialchars(): Passing null to parameter #1 ($string) of type string is deprecated in D:\XAMPP\htdocs\eimbox-dashboard\eimbox-materio\payment_confirm_check.php on line 618
[25-Nov-2025 00:14:53 Asia/Dhaka] PHP ERROR [2]: Undefined variable $stid in D:\XAMPP\htdocs\eimbox-dashboard\eimbox-materio\payment_confirm_check.php on line 645
[25-Nov-2025 00:14:53 Asia/Dhaka] PHP ERROR [8192]: htmlspecialchars(): Passing null to parameter #1 ($string) of type string is deprecated in D:\XAMPP\htdocs\eimbox-dashboard\eimbox-materio\payment_confirm_check.php on line 645
[25-Nov-2025 00:14:53 Asia/Dhaka] PHP ERROR [2]: Undefined variable $amount in D:\XAMPP\htdocs\eimbox-dashboard\eimbox-materio\payment_confirm_check.php on line 647
[25-Nov-2025 00:14:53 Asia/Dhaka] PHP ERROR [8192]: number_format(): Passing null to parameter #1 ($num) of type float is deprecated in D:\XAMPP\htdocs\eimbox-dashboard\eimbox-materio\payment_confirm_check.php on line 647
[25-Nov-2025 00:14:53 Asia/Dhaka] PHP ERROR [2]: Undefined variable $stnameeng in D:\XAMPP\htdocs\eimbox-dashboard\eimbox-materio\payment_confirm_check.php on line 651
[25-Nov-2025 00:14:53 Asia/Dhaka] PHP ERROR [8192]: htmlspecialchars(): Passing null to parameter #1 ($string) of type string is deprecated in D:\XAMPP\htdocs\eimbox-dashboard\eimbox-materio\payment_confirm_check.php on line 651
[25-Nov-2025 00:14:53 Asia/Dhaka] PHP ERROR [2]: Undefined variable $classname in D:\XAMPP\htdocs\eimbox-dashboard\eimbox-materio\payment_confirm_check.php on line 656
[25-Nov-2025 00:14:53 Asia/Dhaka] PHP ERROR [8192]: htmlspecialchars(): Passing null to parameter #1 ($string) of type string is deprecated in D:\XAMPP\htdocs\eimbox-dashboard\eimbox-materio\payment_confirm_check.php on line 656
[25-Nov-2025 00:14:53 Asia/Dhaka] PHP ERROR [2]: Undefined variable $sectionname in D:\XAMPP\htdocs\eimbox-dashboard\eimbox-materio\payment_confirm_check.php on line 657
[25-Nov-2025 00:14:53 Asia/Dhaka] PHP ERROR [8192]: htmlspecialchars(): Passing null to parameter #1 ($string) of type string is deprecated in D:\XAMPP\htdocs\eimbox-dashboard\eimbox-materio\payment_confirm_check.php on line 657
[25-Nov-2025 00:14:53 Asia/Dhaka] PHP ERROR [2]: Undefined variable $rollno in D:\XAMPP\htdocs\eimbox-dashboard\eimbox-materio\payment_confirm_check.php on line 658
[25-Nov-2025 00:14:53 Asia/Dhaka] PHP ERROR [8192]: htmlspecialchars(): Passing null to parameter #1 ($string) of type string is deprecated in D:\XAMPP\htdocs\eimbox-dashboard\eimbox-materio\payment_confirm_check.php on line 658
[25-Nov-2025 00:14:53 Asia/Dhaka] PHP ERROR [2]: Undefined variable $amount in D:\XAMPP\htdocs\eimbox-dashboard\eimbox-materio\payment_confirm_check.php on line 664
[25-Nov-2025 00:14:53 Asia/Dhaka] PHP ERROR [8192]: number_format(): Passing null to parameter #1 ($num) of type float is deprecated in D:\XAMPP\htdocs\eimbox-dashboard\eimbox-materio\payment_confirm_check.php on line 664
[25-Nov-2025 00:15:26 Asia/Dhaka] PHP ERROR [2]: Constant BASEURL already defined in D:\XAMPP\htdocs\eimbox-dashboard\eimbox-materio\payment_confirm_check.php on line 19
[25-Nov-2025 00:15:26 Asia/Dhaka] PHP ERROR [2]: Undefined variable $stpr in D:\XAMPP\htdocs\eimbox-dashboard\eimbox-materio\payment_confirm_check.php on line 559
[25-Nov-2025 00:15:26 Asia/Dhaka] PHP ERROR [8192]: urlencode(): Passing null to parameter #1 ($string) of type string is deprecated in D:\XAMPP\htdocs\eimbox-dashboard\eimbox-materio\payment_confirm_check.php on line 559
[25-Nov-2025 00:15:26 Asia/Dhaka] PHP ERROR [2]: Undefined variable $amount in D:\XAMPP\htdocs\eimbox-dashboard\eimbox-materio\payment_confirm_check.php on line 570
[25-Nov-2025 00:15:26 Asia/Dhaka] PHP ERROR [8192]: number_format(): Passing null to parameter #1 ($num) of type float is deprecated in D:\XAMPP\htdocs\eimbox-dashboard\eimbox-materio\payment_confirm_check.php on line 570
[25-Nov-2025 00:15:26 Asia/Dhaka] PHP ERROR [2]: Undefined variable $stnameeng in D:\XAMPP\htdocs\eimbox-dashboard\eimbox-materio\payment_confirm_check.php on line 571
[25-Nov-2025 00:15:26 Asia/Dhaka] PHP ERROR [8192]: htmlspecialchars(): Passing null to parameter #1 ($string) of type string is deprecated in D:\XAMPP\htdocs\eimbox-dashboard\eimbox-materio\payment_confirm_check.php on line 571
[25-Nov-2025 00:15:26 Asia/Dhaka] PHP ERROR [2]: Undefined variable $stid in D:\XAMPP\htdocs\eimbox-dashboard\eimbox-materio\payment_confirm_check.php on line 578
[25-Nov-2025 00:15:26 Asia/Dhaka] PHP ERROR [8192]: htmlspecialchars(): Passing null to parameter #1 ($string) of type string is deprecated in D:\XAMPP\htdocs\eimbox-dashboard\eimbox-materio\payment_confirm_check.php on line 578
[25-Nov-2025 00:15:26 Asia/Dhaka] PHP ERROR [2]: Undefined variable $stnameeng in D:\XAMPP\htdocs\eimbox-dashboard\eimbox-materio\payment_confirm_check.php on line 582
[25-Nov-2025 00:15:26 Asia/Dhaka] PHP ERROR [8192]: htmlspecialchars(): Passing null to parameter #1 ($string) of type string is deprecated in D:\XAMPP\htdocs\eimbox-dashboard\eimbox-materio\payment_confirm_check.php on line 582
[25-Nov-2025 00:15:26 Asia/Dhaka] PHP ERROR [2]: Undefined variable $classname in D:\XAMPP\htdocs\eimbox-dashboard\eimbox-materio\payment_confirm_check.php on line 586
[25-Nov-2025 00:15:26 Asia/Dhaka] PHP ERROR [8192]: htmlspecialchars(): Passing null to parameter #1 ($string) of type string is deprecated in D:\XAMPP\htdocs\eimbox-dashboard\eimbox-materio\payment_confirm_check.php on line 586
[25-Nov-2025 00:15:26 Asia/Dhaka] PHP ERROR [2]: Undefined variable $sectionname in D:\XAMPP\htdocs\eimbox-dashboard\eimbox-materio\payment_confirm_check.php on line 590
[25-Nov-2025 00:15:26 Asia/Dhaka] PHP ERROR [8192]: htmlspecialchars(): Passing null to parameter #1 ($string) of type string is deprecated in D:\XAMPP\htdocs\eimbox-dashboard\eimbox-materio\payment_confirm_check.php on line 590
[25-Nov-2025 00:15:26 Asia/Dhaka] PHP ERROR [2]: Undefined variable $rollno in D:\XAMPP\htdocs\eimbox-dashboard\eimbox-materio\payment_confirm_check.php on line 594
[25-Nov-2025 00:15:26 Asia/Dhaka] PHP ERROR [8192]: htmlspecialchars(): Passing null to parameter #1 ($string) of type string is deprecated in D:\XAMPP\htdocs\eimbox-dashboard\eimbox-materio\payment_confirm_check.php on line 594
[25-Nov-2025 00:15:26 Asia/Dhaka] PHP ERROR [2]: Undefined variable $amount in D:\XAMPP\htdocs\eimbox-dashboard\eimbox-materio\payment_confirm_check.php on line 601
[25-Nov-2025 00:15:26 Asia/Dhaka] PHP ERROR [8192]: number_format(): Passing null to parameter #1 ($num) of type float is deprecated in D:\XAMPP\htdocs\eimbox-dashboard\eimbox-materio\payment_confirm_check.php on line 601
[25-Nov-2025 00:15:26 Asia/Dhaka] PHP ERROR [2]: Undefined variable $stid in D:\XAMPP\htdocs\eimbox-dashboard\eimbox-materio\payment_confirm_check.php on line 613
[25-Nov-2025 00:15:26 Asia/Dhaka] PHP ERROR [8192]: htmlspecialchars(): Passing null to parameter #1 ($string) of type string is deprecated in D:\XAMPP\htdocs\eimbox-dashboard\eimbox-materio\payment_confirm_check.php on line 613
[25-Nov-2025 00:15:26 Asia/Dhaka] PHP ERROR [2]: Undefined variable $stnameeng in D:\XAMPP\htdocs\eimbox-dashboard\eimbox-materio\payment_confirm_check.php on line 614
[25-Nov-2025 00:15:26 Asia/Dhaka] PHP ERROR [8192]: htmlspecialchars(): Passing null to parameter #1 ($string) of type string is deprecated in D:\XAMPP\htdocs\eimbox-dashboard\eimbox-materio\payment_confirm_check.php on line 614
[25-Nov-2025 00:15:26 Asia/Dhaka] PHP ERROR [2]: Undefined variable $classname in D:\XAMPP\htdocs\eimbox-dashboard\eimbox-materio\payment_confirm_check.php on line 615
[25-Nov-2025 00:15:26 Asia/Dhaka] PHP ERROR [8192]: htmlspecialchars(): Passing null to parameter #1 ($string) of type string is deprecated in D:\XAMPP\htdocs\eimbox-dashboard\eimbox-materio\payment_confirm_check.php on line 615
[25-Nov-2025 00:15:26 Asia/Dhaka] PHP ERROR [2]: Undefined variable $sectionname in D:\XAMPP\htdocs\eimbox-dashboard\eimbox-materio\payment_confirm_check.php on line 616
[25-Nov-2025 00:15:26 Asia/Dhaka] PHP ERROR [8192]: htmlspecialchars(): Passing null to parameter #1 ($string) of type string is deprecated in D:\XAMPP\htdocs\eimbox-dashboard\eimbox-materio\payment_confirm_check.php on line 616
[25-Nov-2025 00:15:26 Asia/Dhaka] PHP ERROR [2]: Undefined variable $rollno in D:\XAMPP\htdocs\eimbox-dashboard\eimbox-materio\payment_confirm_check.php on line 617
[25-Nov-2025 00:15:26 Asia/Dhaka] PHP ERROR [8192]: htmlspecialchars(): Passing null to parameter #1 ($string) of type string is deprecated in D:\XAMPP\htdocs\eimbox-dashboard\eimbox-materio\payment_confirm_check.php on line 617
[25-Nov-2025 00:15:26 Asia/Dhaka] PHP ERROR [2]: Undefined variable $amount in D:\XAMPP\htdocs\eimbox-dashboard\eimbox-materio\payment_confirm_check.php on line 618
[25-Nov-2025 00:15:26 Asia/Dhaka] PHP ERROR [8192]: htmlspecialchars(): Passing null to parameter #1 ($string) of type string is deprecated in D:\XAMPP\htdocs\eimbox-dashboard\eimbox-materio\payment_confirm_check.php on line 618
[25-Nov-2025 00:15:26 Asia/Dhaka] PHP ERROR [2]: Undefined variable $stid in D:\XAMPP\htdocs\eimbox-dashboard\eimbox-materio\payment_confirm_check.php on line 645
[25-Nov-2025 00:15:26 Asia/Dhaka] PHP ERROR [8192]: htmlspecialchars(): Passing null to parameter #1 ($string) of type string is deprecated in D:\XAMPP\htdocs\eimbox-dashboard\eimbox-materio\payment_confirm_check.php on line 645
[25-Nov-2025 00:15:26 Asia/Dhaka] PHP ERROR [2]: Undefined variable $amount in D:\XAMPP\htdocs\eimbox-dashboard\eimbox-materio\payment_confirm_check.php on line 647
[25-Nov-2025 00:15:26 Asia/Dhaka] PHP ERROR [8192]: number_format(): Passing null to parameter #1 ($num) of type float is deprecated in D:\XAMPP\htdocs\eimbox-dashboard\eimbox-materio\payment_confirm_check.php on line 647
[25-Nov-2025 00:15:26 Asia/Dhaka] PHP ERROR [2]: Undefined variable $stnameeng in D:\XAMPP\htdocs\eimbox-dashboard\eimbox-materio\payment_confirm_check.php on line 651
[25-Nov-2025 00:15:26 Asia/Dhaka] PHP ERROR [8192]: htmlspecialchars(): Passing null to parameter #1 ($string) of type string is deprecated in D:\XAMPP\htdocs\eimbox-dashboard\eimbox-materio\payment_confirm_check.php on line 651
[25-Nov-2025 00:15:26 Asia/Dhaka] PHP ERROR [2]: Undefined variable $classname in D:\XAMPP\htdocs\eimbox-dashboard\eimbox-materio\payment_confirm_check.php on line 656
[25-Nov-2025 00:15:26 Asia/Dhaka] PHP ERROR [8192]: htmlspecialchars(): Passing null to parameter #1 ($string) of type string is deprecated in D:\XAMPP\htdocs\eimbox-dashboard\eimbox-materio\payment_confirm_check.php on line 656
[25-Nov-2025 00:15:26 Asia/Dhaka] PHP ERROR [2]: Undefined variable $sectionname in D:\XAMPP\htdocs\eimbox-dashboard\eimbox-materio\payment_confirm_check.php on line 657
[25-Nov-2025 00:15:26 Asia/Dhaka] PHP ERROR [8192]: htmlspecialchars(): Passing null to parameter #1 ($string) of type string is deprecated in D:\XAMPP\htdocs\eimbox-dashboard\eimbox-materio\payment_confirm_check.php on line 657
[25-Nov-2025 00:15:26 Asia/Dhaka] PHP ERROR [2]: Undefined variable $rollno in D:\XAMPP\htdocs\eimbox-dashboard\eimbox-materio\payment_confirm_check.php on line 658
[25-Nov-2025 00:15:26 Asia/Dhaka] PHP ERROR [8192]: htmlspecialchars(): Passing null to parameter #1 ($string) of type string is deprecated in D:\XAMPP\htdocs\eimbox-dashboard\eimbox-materio\payment_confirm_check.php on line 658
[25-Nov-2025 00:15:26 Asia/Dhaka] PHP ERROR [2]: Undefined variable $amount in D:\XAMPP\htdocs\eimbox-dashboard\eimbox-materio\payment_confirm_check.php on line 664
[25-Nov-2025 00:15:26 Asia/Dhaka] PHP ERROR [8192]: number_format(): Passing null to parameter #1 ($num) of type float is deprecated in D:\XAMPP\htdocs\eimbox-dashboard\eimbox-materio\payment_confirm_check.php on line 664
[25-Nov-2025 00:16:27 Asia/Dhaka] PHP ERROR [2]: Cannot modify header information - headers already sent by (output started at D:\XAMPP\htdocs\eimbox-dashboard\eimbox-materio\header.php:6) in D:\XAMPP\htdocs\eimbox-dashboard\eimbox-materio\student-payable.php on line 21
[25-Nov-2025 00:16:27 Asia/Dhaka] PHP ERROR [8192]: htmlspecialchars(): Passing null to parameter #1 ($string) of type string is deprecated in D:\XAMPP\htdocs\eimbox-dashboard\eimbox-materio\student-payable.php on line 314
[25-Nov-2025 00:16:27 Asia/Dhaka] PHP ERROR [8192]: htmlspecialchars(): Passing null to parameter #1 ($string) of type string is deprecated in D:\XAMPP\htdocs\eimbox-dashboard\eimbox-materio\student-payable.php on line 318
[25-Nov-2025 00:16:31 Asia/Dhaka] PHP ERROR [2]: Cannot modify header information - headers already sent by (output started at D:\XAMPP\htdocs\eimbox-dashboard\eimbox-materio\header.php:6) in D:\XAMPP\htdocs\eimbox-dashboard\eimbox-materio\student-payable.php on line 21
[25-Nov-2025 00:16:31 Asia/Dhaka] PHP ERROR [8192]: htmlspecialchars(): Passing null to parameter #1 ($string) of type string is deprecated in D:\XAMPP\htdocs\eimbox-dashboard\eimbox-materio\student-payable.php on line 314
[25-Nov-2025 00:16:31 Asia/Dhaka] PHP ERROR [8192]: htmlspecialchars(): Passing null to parameter #1 ($string) of type string is deprecated in D:\XAMPP\htdocs\eimbox-dashboard\eimbox-materio\student-payable.php on line 318
[25-Nov-2025 00:16:56 Asia/Dhaka] PHP ERROR [2]: Constant BASEURL already defined in D:\XAMPP\htdocs\eimbox-dashboard\eimbox-materio\payment_confirm_check.php on line 19
[25-Nov-2025 00:16:57 Asia/Dhaka] PHP ERROR [2]: Undefined variable $stpr in D:\XAMPP\htdocs\eimbox-dashboard\eimbox-materio\payment_confirm_check.php on line 559
[25-Nov-2025 00:16:57 Asia/Dhaka] PHP ERROR [8192]: urlencode(): Passing null to parameter #1 ($string) of type string is deprecated in D:\XAMPP\htdocs\eimbox-dashboard\eimbox-materio\payment_confirm_check.php on line 559
[25-Nov-2025 00:16:57 Asia/Dhaka] PHP ERROR [2]: Undefined variable $amount in D:\XAMPP\htdocs\eimbox-dashboard\eimbox-materio\payment_confirm_check.php on line 570
[25-Nov-2025 00:16:57 Asia/Dhaka] PHP ERROR [8192]: number_format(): Passing null to parameter #1 ($num) of type float is deprecated in D:\XAMPP\htdocs\eimbox-dashboard\eimbox-materio\payment_confirm_check.php on line 570
[25-Nov-2025 00:16:57 Asia/Dhaka] PHP ERROR [2]: Undefined variable $stnameeng in D:\XAMPP\htdocs\eimbox-dashboard\eimbox-materio\payment_confirm_check.php on line 571
[25-Nov-2025 00:16:57 Asia/Dhaka] PHP ERROR [8192]: htmlspecialchars(): Passing null to parameter #1 ($string) of type string is deprecated in D:\XAMPP\htdocs\eimbox-dashboard\eimbox-materio\payment_confirm_check.php on line 571
[25-Nov-2025 00:16:57 Asia/Dhaka] PHP ERROR [2]: Undefined variable $stid in D:\XAMPP\htdocs\eimbox-dashboard\eimbox-materio\payment_confirm_check.php on line 578
[25-Nov-2025 00:16:57 Asia/Dhaka] PHP ERROR [8192]: htmlspecialchars(): Passing null to parameter #1 ($string) of type string is deprecated in D:\XAMPP\htdocs\eimbox-dashboard\eimbox-materio\payment_confirm_check.php on line 578
[25-Nov-2025 00:16:57 Asia/Dhaka] PHP ERROR [2]: Undefined variable $stnameeng in D:\XAMPP\htdocs\eimbox-dashboard\eimbox-materio\payment_confirm_check.php on line 582
[25-Nov-2025 00:16:57 Asia/Dhaka] PHP ERROR [8192]: htmlspecialchars(): Passing null to parameter #1 ($string) of type string is deprecated in D:\XAMPP\htdocs\eimbox-dashboard\eimbox-materio\payment_confirm_check.php on line 582
[25-Nov-2025 00:16:57 Asia/Dhaka] PHP ERROR [2]: Undefined variable $classname in D:\XAMPP\htdocs\eimbox-dashboard\eimbox-materio\payment_confirm_check.php on line 586
[25-Nov-2025 00:16:57 Asia/Dhaka] PHP ERROR [8192]: htmlspecialchars(): Passing null to parameter #1 ($string) of type string is deprecated in D:\XAMPP\htdocs\eimbox-dashboard\eimbox-materio\payment_confirm_check.php on line 586
[25-Nov-2025 00:16:57 Asia/Dhaka] PHP ERROR [2]: Undefined variable $sectionname in D:\XAMPP\htdocs\eimbox-dashboard\eimbox-materio\payment_confirm_check.php on line 590
[25-Nov-2025 00:16:57 Asia/Dhaka] PHP ERROR [8192]: htmlspecialchars(): Passing null to parameter #1 ($string) of type string is deprecated in D:\XAMPP\htdocs\eimbox-dashboard\eimbox-materio\payment_confirm_check.php on line 590
[25-Nov-2025 00:16:57 Asia/Dhaka] PHP ERROR [2]: Undefined variable $rollno in D:\XAMPP\htdocs\eimbox-dashboard\eimbox-materio\payment_confirm_check.php on line 594
[25-Nov-2025 00:16:57 Asia/Dhaka] PHP ERROR [8192]: htmlspecialchars(): Passing null to parameter #1 ($string) of type string is deprecated in D:\XAMPP\htdocs\eimbox-dashboard\eimbox-materio\payment_confirm_check.php on line 594
[25-Nov-2025 00:16:57 Asia/Dhaka] PHP ERROR [2]: Undefined variable $amount in D:\XAMPP\htdocs\eimbox-dashboard\eimbox-materio\payment_confirm_check.php on line 601
[25-Nov-2025 00:16:57 Asia/Dhaka] PHP ERROR [8192]: number_format(): Passing null to parameter #1 ($num) of type float is deprecated in D:\XAMPP\htdocs\eimbox-dashboard\eimbox-materio\payment_confirm_check.php on line 601
[25-Nov-2025 00:16:57 Asia/Dhaka] PHP ERROR [2]: Undefined variable $stid in D:\XAMPP\htdocs\eimbox-dashboard\eimbox-materio\payment_confirm_check.php on line 613
[25-Nov-2025 00:16:57 Asia/Dhaka] PHP ERROR [8192]: htmlspecialchars(): Passing null to parameter #1 ($string) of type string is deprecated in D:\XAMPP\htdocs\eimbox-dashboard\eimbox-materio\payment_confirm_check.php on line 613
[25-Nov-2025 00:16:57 Asia/Dhaka] PHP ERROR [2]: Undefined variable $stnameeng in D:\XAMPP\htdocs\eimbox-dashboard\eimbox-materio\payment_confirm_check.php on line 614
[25-Nov-2025 00:16:57 Asia/Dhaka] PHP ERROR [8192]: htmlspecialchars(): Passing null to parameter #1 ($string) of type string is deprecated in D:\XAMPP\htdocs\eimbox-dashboard\eimbox-materio\payment_confirm_check.php on line 614
[25-Nov-2025 00:16:57 Asia/Dhaka] PHP ERROR [2]: Undefined variable $classname in D:\XAMPP\htdocs\eimbox-dashboard\eimbox-materio\payment_confirm_check.php on line 615
[25-Nov-2025 00:16:57 Asia/Dhaka] PHP ERROR [8192]: htmlspecialchars(): Passing null to parameter #1 ($string) of type string is deprecated in D:\XAMPP\htdocs\eimbox-dashboard\eimbox-materio\payment_confirm_check.php on line 615
[25-Nov-2025 00:16:57 Asia/Dhaka] PHP ERROR [2]: Undefined variable $sectionname in D:\XAMPP\htdocs\eimbox-dashboard\eimbox-materio\payment_confirm_check.php on line 616
[25-Nov-2025 00:16:57 Asia/Dhaka] PHP ERROR [8192]: htmlspecialchars(): Passing null to parameter #1 ($string) of type string is deprecated in D:\XAMPP\htdocs\eimbox-dashboard\eimbox-materio\payment_confirm_check.php on line 616
[25-Nov-2025 00:16:57 Asia/Dhaka] PHP ERROR [2]: Undefined variable $rollno in D:\XAMPP\htdocs\eimbox-dashboard\eimbox-materio\payment_confirm_check.php on line 617
[25-Nov-2025 00:16:57 Asia/Dhaka] PHP ERROR [8192]: htmlspecialchars(): Passing null to parameter #1 ($string) of type string is deprecated in D:\XAMPP\htdocs\eimbox-dashboard\eimbox-materio\payment_confirm_check.php on line 617
[25-Nov-2025 00:16:57 Asia/Dhaka] PHP ERROR [2]: Undefined variable $amount in D:\XAMPP\htdocs\eimbox-dashboard\eimbox-materio\payment_confirm_check.php on line 618
[25-Nov-2025 00:16:57 Asia/Dhaka] PHP ERROR [8192]: htmlspecialchars(): Passing null to parameter #1 ($string) of type string is deprecated in D:\XAMPP\htdocs\eimbox-dashboard\eimbox-materio\payment_confirm_check.php on line 618
[25-Nov-2025 00:16:57 Asia/Dhaka] PHP ERROR [2]: Undefined variable $stid in D:\XAMPP\htdocs\eimbox-dashboard\eimbox-materio\payment_confirm_check.php on line 645
[25-Nov-2025 00:16:57 Asia/Dhaka] PHP ERROR [8192]: htmlspecialchars(): Passing null to parameter #1 ($string) of type string is deprecated in D:\XAMPP\htdocs\eimbox-dashboard\eimbox-materio\payment_confirm_check.php on line 645
[25-Nov-2025 00:16:57 Asia/Dhaka] PHP ERROR [2]: Undefined variable $amount in D:\XAMPP\htdocs\eimbox-dashboard\eimbox-materio\payment_confirm_check.php on line 647
[25-Nov-2025 00:16:57 Asia/Dhaka] PHP ERROR [8192]: number_format(): Passing null to parameter #1 ($num) of type float is deprecated in D:\XAMPP\htdocs\eimbox-dashboard\eimbox-materio\payment_confirm_check.php on line 647
[25-Nov-2025 00:16:57 Asia/Dhaka] PHP ERROR [2]: Undefined variable $stnameeng in D:\XAMPP\htdocs\eimbox-dashboard\eimbox-materio\payment_confirm_check.php on line 651
[25-Nov-2025 00:16:57 Asia/Dhaka] PHP ERROR [8192]: htmlspecialchars(): Passing null to parameter #1 ($string) of type string is deprecated in D:\XAMPP\htdocs\eimbox-dashboard\eimbox-materio\payment_confirm_check.php on line 651
[25-Nov-2025 00:16:57 Asia/Dhaka] PHP ERROR [2]: Undefined variable $classname in D:\XAMPP\htdocs\eimbox-dashboard\eimbox-materio\payment_confirm_check.php on line 656
[25-Nov-2025 00:16:57 Asia/Dhaka] PHP ERROR [8192]: htmlspecialchars(): Passing null to parameter #1 ($string) of type string is deprecated in D:\XAMPP\htdocs\eimbox-dashboard\eimbox-materio\payment_confirm_check.php on line 656
[25-Nov-2025 00:16:57 Asia/Dhaka] PHP ERROR [2]: Undefined variable $sectionname in D:\XAMPP\htdocs\eimbox-dashboard\eimbox-materio\payment_confirm_check.php on line 657
[25-Nov-2025 00:16:57 Asia/Dhaka] PHP ERROR [8192]: htmlspecialchars(): Passing null to parameter #1 ($string) of type string is deprecated in D:\XAMPP\htdocs\eimbox-dashboard\eimbox-materio\payment_confirm_check.php on line 657
[25-Nov-2025 00:16:57 Asia/Dhaka] PHP ERROR [2]: Undefined variable $rollno in D:\XAMPP\htdocs\eimbox-dashboard\eimbox-materio\payment_confirm_check.php on line 658
[25-Nov-2025 00:16:57 Asia/Dhaka] PHP ERROR [8192]: htmlspecialchars(): Passing null to parameter #1 ($string) of type string is deprecated in D:\XAMPP\htdocs\eimbox-dashboard\eimbox-materio\payment_confirm_check.php on line 658
[25-Nov-2025 00:16:57 Asia/Dhaka] PHP ERROR [2]: Undefined variable $amount in D:\XAMPP\htdocs\eimbox-dashboard\eimbox-materio\payment_confirm_check.php on line 664
[25-Nov-2025 00:16:57 Asia/Dhaka] PHP ERROR [8192]: number_format(): Passing null to parameter #1 ($num) of type float is deprecated in D:\XAMPP\htdocs\eimbox-dashboard\eimbox-materio\payment_confirm_check.php on line 664
[25-Nov-2025 00:16:58 Asia/Dhaka] PHP ERROR [2]: Cannot modify header information - headers already sent by (output started at D:\XAMPP\htdocs\eimbox-dashboard\eimbox-materio\header.php:6) in D:\XAMPP\htdocs\eimbox-dashboard\eimbox-materio\student-payable.php on line 21
[25-Nov-2025 00:16:58 Asia/Dhaka] PHP ERROR [8192]: htmlspecialchars(): Passing null to parameter #1 ($string) of type string is deprecated in D:\XAMPP\htdocs\eimbox-dashboard\eimbox-materio\student-payable.php on line 314
[25-Nov-2025 00:16:58 Asia/Dhaka] PHP ERROR [8192]: htmlspecialchars(): Passing null to parameter #1 ($string) of type string is deprecated in D:\XAMPP\htdocs\eimbox-dashboard\eimbox-materio\student-payable.php on line 318
[25-Nov-2025 00:17:03 Asia/Dhaka] PHP ERROR [2]: Cannot modify header information - headers already sent by (output started at D:\XAMPP\htdocs\eimbox-dashboard\eimbox-materio\header.php:6) in D:\XAMPP\htdocs\eimbox-dashboard\eimbox-materio\student-payable.php on line 21
[25-Nov-2025 00:17:04 Asia/Dhaka] PHP ERROR [8192]: htmlspecialchars(): Passing null to parameter #1 ($string) of type string is deprecated in D:\XAMPP\htdocs\eimbox-dashboard\eimbox-materio\student-payable.php on line 314
[25-Nov-2025 00:17:04 Asia/Dhaka] PHP ERROR [8192]: htmlspecialchars(): Passing null to parameter #1 ($string) of type string is deprecated in D:\XAMPP\htdocs\eimbox-dashboard\eimbox-materio\student-payable.php on line 318
[25-Nov-2025 00:17:37 Asia/Dhaka] PHP ERROR [2]: Constant BASEURL already defined in D:\XAMPP\htdocs\eimbox-dashboard\eimbox-materio\payment_confirm_check.php on line 19
[25-Nov-2025 00:17:37 Asia/Dhaka] PHP ERROR [2]: Undefined variable $stpr in D:\XAMPP\htdocs\eimbox-dashboard\eimbox-materio\payment_confirm_check.php on line 559
[25-Nov-2025 00:17:37 Asia/Dhaka] PHP ERROR [8192]: urlencode(): Passing null to parameter #1 ($string) of type string is deprecated in D:\XAMPP\htdocs\eimbox-dashboard\eimbox-materio\payment_confirm_check.php on line 559
[25-Nov-2025 00:17:37 Asia/Dhaka] PHP ERROR [2]: Undefined variable $amount in D:\XAMPP\htdocs\eimbox-dashboard\eimbox-materio\payment_confirm_check.php on line 570
[25-Nov-2025 00:17:37 Asia/Dhaka] PHP ERROR [8192]: number_format(): Passing null to parameter #1 ($num) of type float is deprecated in D:\XAMPP\htdocs\eimbox-dashboard\eimbox-materio\payment_confirm_check.php on line 570
[25-Nov-2025 00:17:37 Asia/Dhaka] PHP ERROR [2]: Undefined variable $stnameeng in D:\XAMPP\htdocs\eimbox-dashboard\eimbox-materio\payment_confirm_check.php on line 571
[25-Nov-2025 00:17:37 Asia/Dhaka] PHP ERROR [8192]: htmlspecialchars(): Passing null to parameter #1 ($string) of type string is deprecated in D:\XAMPP\htdocs\eimbox-dashboard\eimbox-materio\payment_confirm_check.php on line 571
[25-Nov-2025 00:17:37 Asia/Dhaka] PHP ERROR [2]: Undefined variable $stid in D:\XAMPP\htdocs\eimbox-dashboard\eimbox-materio\payment_confirm_check.php on line 578
[25-Nov-2025 00:17:37 Asia/Dhaka] PHP ERROR [8192]: htmlspecialchars(): Passing null to parameter #1 ($string) of type string is deprecated in D:\XAMPP\htdocs\eimbox-dashboard\eimbox-materio\payment_confirm_check.php on line 578
[25-Nov-2025 00:17:37 Asia/Dhaka] PHP ERROR [2]: Undefined variable $stnameeng in D:\XAMPP\htdocs\eimbox-dashboard\eimbox-materio\payment_confirm_check.php on line 582
[25-Nov-2025 00:17:37 Asia/Dhaka] PHP ERROR [8192]: htmlspecialchars(): Passing null to parameter #1 ($string) of type string is deprecated in D:\XAMPP\htdocs\eimbox-dashboard\eimbox-materio\payment_confirm_check.php on line 582
[25-Nov-2025 00:17:37 Asia/Dhaka] PHP ERROR [2]: Undefined variable $classname in D:\XAMPP\htdocs\eimbox-dashboard\eimbox-materio\payment_confirm_check.php on line 586
[25-Nov-2025 00:17:37 Asia/Dhaka] PHP ERROR [8192]: htmlspecialchars(): Passing null to parameter #1 ($string) of type string is deprecated in D:\XAMPP\htdocs\eimbox-dashboard\eimbox-materio\payment_confirm_check.php on line 586
[25-Nov-2025 00:17:37 Asia/Dhaka] PHP ERROR [2]: Undefined variable $sectionname in D:\XAMPP\htdocs\eimbox-dashboard\eimbox-materio\payment_confirm_check.php on line 590
[25-Nov-2025 00:17:37 Asia/Dhaka] PHP ERROR [8192]: htmlspecialchars(): Passing null to parameter #1 ($string) of type string is deprecated in D:\XAMPP\htdocs\eimbox-dashboard\eimbox-materio\payment_confirm_check.php on line 590
[25-Nov-2025 00:17:37 Asia/Dhaka] PHP ERROR [2]: Undefined variable $rollno in D:\XAMPP\htdocs\eimbox-dashboard\eimbox-materio\payment_confirm_check.php on line 594
[25-Nov-2025 00:17:37 Asia/Dhaka] PHP ERROR [8192]: htmlspecialchars(): Passing null to parameter #1 ($string) of type string is deprecated in D:\XAMPP\htdocs\eimbox-dashboard\eimbox-materio\payment_confirm_check.php on line 594
[25-Nov-2025 00:17:37 Asia/Dhaka] PHP ERROR [2]: Undefined variable $amount in D:\XAMPP\htdocs\eimbox-dashboard\eimbox-materio\payment_confirm_check.php on line 601
[25-Nov-2025 00:17:37 Asia/Dhaka] PHP ERROR [8192]: number_format(): Passing null to parameter #1 ($num) of type float is deprecated in D:\XAMPP\htdocs\eimbox-dashboard\eimbox-materio\payment_confirm_check.php on line 601
[25-Nov-2025 00:17:37 Asia/Dhaka] PHP ERROR [2]: Undefined variable $stid in D:\XAMPP\htdocs\eimbox-dashboard\eimbox-materio\payment_confirm_check.php on line 613
[25-Nov-2025 00:17:37 Asia/Dhaka] PHP ERROR [8192]: htmlspecialchars(): Passing null to parameter #1 ($string) of type string is deprecated in D:\XAMPP\htdocs\eimbox-dashboard\eimbox-materio\payment_confirm_check.php on line 613
[25-Nov-2025 00:17:37 Asia/Dhaka] PHP ERROR [2]: Undefined variable $stnameeng in D:\XAMPP\htdocs\eimbox-dashboard\eimbox-materio\payment_confirm_check.php on line 614
[25-Nov-2025 00:17:37 Asia/Dhaka] PHP ERROR [8192]: htmlspecialchars(): Passing null to parameter #1 ($string) of type string is deprecated in D:\XAMPP\htdocs\eimbox-dashboard\eimbox-materio\payment_confirm_check.php on line 614
[25-Nov-2025 00:17:37 Asia/Dhaka] PHP ERROR [2]: Undefined variable $classname in D:\XAMPP\htdocs\eimbox-dashboard\eimbox-materio\payment_confirm_check.php on line 615
[25-Nov-2025 00:17:37 Asia/Dhaka] PHP ERROR [8192]: htmlspecialchars(): Passing null to parameter #1 ($string) of type string is deprecated in D:\XAMPP\htdocs\eimbox-dashboard\eimbox-materio\payment_confirm_check.php on line 615
[25-Nov-2025 00:17:37 Asia/Dhaka] PHP ERROR [2]: Undefined variable $sectionname in D:\XAMPP\htdocs\eimbox-dashboard\eimbox-materio\payment_confirm_check.php on line 616
[25-Nov-2025 00:17:37 Asia/Dhaka] PHP ERROR [8192]: htmlspecialchars(): Passing null to parameter #1 ($string) of type string is deprecated in D:\XAMPP\htdocs\eimbox-dashboard\eimbox-materio\payment_confirm_check.php on line 616
[25-Nov-2025 00:17:37 Asia/Dhaka] PHP ERROR [2]: Undefined variable $rollno in D:\XAMPP\htdocs\eimbox-dashboard\eimbox-materio\payment_confirm_check.php on line 617
[25-Nov-2025 00:17:37 Asia/Dhaka] PHP ERROR [8192]: htmlspecialchars(): Passing null to parameter #1 ($string) of type string is deprecated in D:\XAMPP\htdocs\eimbox-dashboard\eimbox-materio\payment_confirm_check.php on line 617
[25-Nov-2025 00:17:37 Asia/Dhaka] PHP ERROR [2]: Undefined variable $amount in D:\XAMPP\htdocs\eimbox-dashboard\eimbox-materio\payment_confirm_check.php on line 618
[25-Nov-2025 00:17:37 Asia/Dhaka] PHP ERROR [8192]: htmlspecialchars(): Passing null to parameter #1 ($string) of type string is deprecated in D:\XAMPP\htdocs\eimbox-dashboard\eimbox-materio\payment_confirm_check.php on line 618
[25-Nov-2025 00:17:37 Asia/Dhaka] PHP ERROR [2]: Undefined variable $stid in D:\XAMPP\htdocs\eimbox-dashboard\eimbox-materio\payment_confirm_check.php on line 645
[25-Nov-2025 00:17:37 Asia/Dhaka] PHP ERROR [8192]: htmlspecialchars(): Passing null to parameter #1 ($string) of type string is deprecated in D:\XAMPP\htdocs\eimbox-dashboard\eimbox-materio\payment_confirm_check.php on line 645
[25-Nov-2025 00:17:37 Asia/Dhaka] PHP ERROR [2]: Undefined variable $amount in D:\XAMPP\htdocs\eimbox-dashboard\eimbox-materio\payment_confirm_check.php on line 647
[25-Nov-2025 00:17:37 Asia/Dhaka] PHP ERROR [8192]: number_format(): Passing null to parameter #1 ($num) of type float is deprecated in D:\XAMPP\htdocs\eimbox-dashboard\eimbox-materio\payment_confirm_check.php on line 647
[25-Nov-2025 00:17:37 Asia/Dhaka] PHP ERROR [2]: Undefined variable $stnameeng in D:\XAMPP\htdocs\eimbox-dashboard\eimbox-materio\payment_confirm_check.php on line 651
[25-Nov-2025 00:17:37 Asia/Dhaka] PHP ERROR [8192]: htmlspecialchars(): Passing null to parameter #1 ($string) of type string is deprecated in D:\XAMPP\htdocs\eimbox-dashboard\eimbox-materio\payment_confirm_check.php on line 651
[25-Nov-2025 00:17:37 Asia/Dhaka] PHP ERROR [2]: Undefined variable $classname in D:\XAMPP\htdocs\eimbox-dashboard\eimbox-materio\payment_confirm_check.php on line 656
[25-Nov-2025 00:17:37 Asia/Dhaka] PHP ERROR [8192]: htmlspecialchars(): Passing null to parameter #1 ($string) of type string is deprecated in D:\XAMPP\htdocs\eimbox-dashboard\eimbox-materio\payment_confirm_check.php on line 656
[25-Nov-2025 00:17:37 Asia/Dhaka] PHP ERROR [2]: Undefined variable $sectionname in D:\XAMPP\htdocs\eimbox-dashboard\eimbox-materio\payment_confirm_check.php on line 657
[25-Nov-2025 00:17:37 Asia/Dhaka] PHP ERROR [8192]: htmlspecialchars(): Passing null to parameter #1 ($string) of type string is deprecated in D:\XAMPP\htdocs\eimbox-dashboard\eimbox-materio\payment_confirm_check.php on line 657
[25-Nov-2025 00:17:37 Asia/Dhaka] PHP ERROR [2]: Undefined variable $rollno in D:\XAMPP\htdocs\eimbox-dashboard\eimbox-materio\payment_confirm_check.php on line 658
[25-Nov-2025 00:17:37 Asia/Dhaka] PHP ERROR [8192]: htmlspecialchars(): Passing null to parameter #1 ($string) of type string is deprecated in D:\XAMPP\htdocs\eimbox-dashboard\eimbox-materio\payment_confirm_check.php on line 658
[25-Nov-2025 00:17:37 Asia/Dhaka] PHP ERROR [2]: Undefined variable $amount in D:\XAMPP\htdocs\eimbox-dashboard\eimbox-materio\payment_confirm_check.php on line 664
[25-Nov-2025 00:17:37 Asia/Dhaka] PHP ERROR [8192]: number_format(): Passing null to parameter #1 ($num) of type float is deprecated in D:\XAMPP\htdocs\eimbox-dashboard\eimbox-materio\payment_confirm_check.php on line 664
[25-Nov-2025 00:19:29 Asia/Dhaka] PHP ERROR [2]: Cannot modify header information - headers already sent by (output started at D:\XAMPP\htdocs\eimbox-dashboard\eimbox-materio\header.php:6) in D:\XAMPP\htdocs\eimbox-dashboard\eimbox-materio\student-payable.php on line 21
[25-Nov-2025 00:19:29 Asia/Dhaka] PHP ERROR [8192]: htmlspecialchars(): Passing null to parameter #1 ($string) of type string is deprecated in D:\XAMPP\htdocs\eimbox-dashboard\eimbox-materio\student-payable.php on line 314
[25-Nov-2025 00:19:29 Asia/Dhaka] PHP ERROR [8192]: htmlspecialchars(): Passing null to parameter #1 ($string) of type string is deprecated in D:\XAMPP\htdocs\eimbox-dashboard\eimbox-materio\student-payable.php on line 318
[25-Nov-2025 00:50:53 Asia/Dhaka] PHP ERROR [2]: Cannot modify header information - headers already sent by (output started at D:\XAMPP\htdocs\eimbox-dashboard\eimbox-materio\header.php:6) in D:\XAMPP\htdocs\eimbox-dashboard\eimbox-materio\student-payable.php on line 21
[25-Nov-2025 00:50:54 Asia/Dhaka] PHP ERROR [8192]: htmlspecialchars(): Passing null to parameter #1 ($string) of type string is deprecated in D:\XAMPP\htdocs\eimbox-dashboard\eimbox-materio\student-payable.php on line 314
[25-Nov-2025 00:50:54 Asia/Dhaka] PHP ERROR [8192]: htmlspecialchars(): Passing null to parameter #1 ($string) of type string is deprecated in D:\XAMPP\htdocs\eimbox-dashboard\eimbox-materio\student-payable.php on line 318
[25-Nov-2025 00:51:21 Asia/Dhaka] PHP ERROR [2]: Constant BASEURL already defined in D:\XAMPP\htdocs\eimbox-dashboard\eimbox-materio\payment_confirm_check.php on line 20
[25-Nov-2025 00:51:22 Asia/Dhaka] PHP ERROR [8192]: mysqli_real_escape_string(): Passing null to parameter #2 ($string) of type string is deprecated in D:\XAMPP\htdocs\eimbox-dashboard\eimbox-materio\core\functions.php on line 690
[25-Nov-2025 00:51:22 Asia/Dhaka] PHP ERROR [2]: Undefined variable $verifyUrl in D:\XAMPP\htdocs\eimbox-dashboard\eimbox-materio\payment_confirm_check.php on line 344
[25-Nov-2025 00:51:22 Asia/Dhaka] PHP ERROR [8192]: htmlspecialchars(): Passing null to parameter #1 ($string) of type string is deprecated in D:\XAMPP\htdocs\eimbox-dashboard\eimbox-materio\payment_confirm_check.php on line 344
[25-Nov-2025 00:51:22 Asia/Dhaka] PHP ERROR [2]: Undefined variable $verifyUrl in D:\XAMPP\htdocs\eimbox-dashboard\eimbox-materio\payment_confirm_check.php on line 402
[25-Nov-2025 00:51:22 Asia/Dhaka] PHP ERROR [8192]: htmlspecialchars(): Passing null to parameter #1 ($string) of type string is deprecated in D:\XAMPP\htdocs\eimbox-dashboard\eimbox-materio\payment_confirm_check.php on line 402
[25-Nov-2025 00:51:22 Asia/Dhaka] PHP ERROR [2]: Undefined variable $verifyUrl in D:\XAMPP\htdocs\eimbox-dashboard\eimbox-materio\payment_confirm_check.php on line 402
[25-Nov-2025 00:51:22 Asia/Dhaka] PHP ERROR [8192]: htmlspecialchars(): Passing null to parameter #1 ($string) of type string is deprecated in D:\XAMPP\htdocs\eimbox-dashboard\eimbox-materio\payment_confirm_check.php on line 402
[25-Nov-2025 00:51:22 Asia/Dhaka] PHP ERROR [2]: Undefined variable $qrApiUrl in D:\XAMPP\htdocs\eimbox-dashboard\eimbox-materio\payment_confirm_check.php on line 408
[25-Nov-2025 00:52:52 Asia/Dhaka] PHP ERROR [2]: Constant BASEURL already defined in D:\XAMPP\htdocs\eimbox-dashboard\eimbox-materio\payment_confirm_check.php on line 20
[25-Nov-2025 00:52:53 Asia/Dhaka] PHP ERROR [2]: Undefined variable $stpr in D:\XAMPP\htdocs\eimbox-dashboard\eimbox-materio\payment_confirm_check.php on line 636
[25-Nov-2025 00:52:53 Asia/Dhaka] PHP ERROR [8192]: urlencode(): Passing null to parameter #1 ($string) of type string is deprecated in D:\XAMPP\htdocs\eimbox-dashboard\eimbox-materio\payment_confirm_check.php on line 636
[25-Nov-2025 00:52:53 Asia/Dhaka] PHP ERROR [2]: Undefined variable $amount in D:\XAMPP\htdocs\eimbox-dashboard\eimbox-materio\payment_confirm_check.php on line 647
[25-Nov-2025 00:52:53 Asia/Dhaka] PHP ERROR [8192]: number_format(): Passing null to parameter #1 ($num) of type float is deprecated in D:\XAMPP\htdocs\eimbox-dashboard\eimbox-materio\payment_confirm_check.php on line 647
[25-Nov-2025 00:52:53 Asia/Dhaka] PHP ERROR [2]: Undefined variable $stnameeng in D:\XAMPP\htdocs\eimbox-dashboard\eimbox-materio\payment_confirm_check.php on line 648
[25-Nov-2025 00:52:53 Asia/Dhaka] PHP ERROR [8192]: htmlspecialchars(): Passing null to parameter #1 ($string) of type string is deprecated in D:\XAMPP\htdocs\eimbox-dashboard\eimbox-materio\payment_confirm_check.php on line 648
[25-Nov-2025 00:52:53 Asia/Dhaka] PHP ERROR [2]: Undefined variable $stid in D:\XAMPP\htdocs\eimbox-dashboard\eimbox-materio\payment_confirm_check.php on line 655
[25-Nov-2025 00:52:53 Asia/Dhaka] PHP ERROR [8192]: htmlspecialchars(): Passing null to parameter #1 ($string) of type string is deprecated in D:\XAMPP\htdocs\eimbox-dashboard\eimbox-materio\payment_confirm_check.php on line 655
[25-Nov-2025 00:52:53 Asia/Dhaka] PHP ERROR [2]: Undefined variable $stnameeng in D:\XAMPP\htdocs\eimbox-dashboard\eimbox-materio\payment_confirm_check.php on line 659
[25-Nov-2025 00:52:53 Asia/Dhaka] PHP ERROR [8192]: htmlspecialchars(): Passing null to parameter #1 ($string) of type string is deprecated in D:\XAMPP\htdocs\eimbox-dashboard\eimbox-materio\payment_confirm_check.php on line 659
[25-Nov-2025 00:52:53 Asia/Dhaka] PHP ERROR [2]: Undefined variable $classname in D:\XAMPP\htdocs\eimbox-dashboard\eimbox-materio\payment_confirm_check.php on line 663
[25-Nov-2025 00:52:53 Asia/Dhaka] PHP ERROR [8192]: htmlspecialchars(): Passing null to parameter #1 ($string) of type string is deprecated in D:\XAMPP\htdocs\eimbox-dashboard\eimbox-materio\payment_confirm_check.php on line 663
[25-Nov-2025 00:52:53 Asia/Dhaka] PHP ERROR [2]: Undefined variable $sectionname in D:\XAMPP\htdocs\eimbox-dashboard\eimbox-materio\payment_confirm_check.php on line 667
[25-Nov-2025 00:52:53 Asia/Dhaka] PHP ERROR [8192]: htmlspecialchars(): Passing null to parameter #1 ($string) of type string is deprecated in D:\XAMPP\htdocs\eimbox-dashboard\eimbox-materio\payment_confirm_check.php on line 667
[25-Nov-2025 00:52:53 Asia/Dhaka] PHP ERROR [2]: Undefined variable $rollno in D:\XAMPP\htdocs\eimbox-dashboard\eimbox-materio\payment_confirm_check.php on line 671
[25-Nov-2025 00:52:53 Asia/Dhaka] PHP ERROR [8192]: htmlspecialchars(): Passing null to parameter #1 ($string) of type string is deprecated in D:\XAMPP\htdocs\eimbox-dashboard\eimbox-materio\payment_confirm_check.php on line 671
[25-Nov-2025 00:52:53 Asia/Dhaka] PHP ERROR [2]: Undefined variable $amount in D:\XAMPP\htdocs\eimbox-dashboard\eimbox-materio\payment_confirm_check.php on line 678
[25-Nov-2025 00:52:53 Asia/Dhaka] PHP ERROR [8192]: number_format(): Passing null to parameter #1 ($num) of type float is deprecated in D:\XAMPP\htdocs\eimbox-dashboard\eimbox-materio\payment_confirm_check.php on line 678
[25-Nov-2025 00:52:53 Asia/Dhaka] PHP ERROR [2]: Undefined variable $stid in D:\XAMPP\htdocs\eimbox-dashboard\eimbox-materio\payment_confirm_check.php on line 690
[25-Nov-2025 00:52:53 Asia/Dhaka] PHP ERROR [8192]: htmlspecialchars(): Passing null to parameter #1 ($string) of type string is deprecated in D:\XAMPP\htdocs\eimbox-dashboard\eimbox-materio\payment_confirm_check.php on line 690
[25-Nov-2025 00:52:53 Asia/Dhaka] PHP ERROR [2]: Undefined variable $stnameeng in D:\XAMPP\htdocs\eimbox-dashboard\eimbox-materio\payment_confirm_check.php on line 691
[25-Nov-2025 00:52:53 Asia/Dhaka] PHP ERROR [8192]: htmlspecialchars(): Passing null to parameter #1 ($string) of type string is deprecated in D:\XAMPP\htdocs\eimbox-dashboard\eimbox-materio\payment_confirm_check.php on line 691
[25-Nov-2025 00:52:53 Asia/Dhaka] PHP ERROR [2]: Undefined variable $classname in D:\XAMPP\htdocs\eimbox-dashboard\eimbox-materio\payment_confirm_check.php on line 692
[25-Nov-2025 00:52:53 Asia/Dhaka] PHP ERROR [8192]: htmlspecialchars(): Passing null to parameter #1 ($string) of type string is deprecated in D:\XAMPP\htdocs\eimbox-dashboard\eimbox-materio\payment_confirm_check.php on line 692
[25-Nov-2025 00:52:53 Asia/Dhaka] PHP ERROR [2]: Undefined variable $sectionname in D:\XAMPP\htdocs\eimbox-dashboard\eimbox-materio\payment_confirm_check.php on line 693
[25-Nov-2025 00:52:53 Asia/Dhaka] PHP ERROR [8192]: htmlspecialchars(): Passing null to parameter #1 ($string) of type string is deprecated in D:\XAMPP\htdocs\eimbox-dashboard\eimbox-materio\payment_confirm_check.php on line 693
[25-Nov-2025 00:52:53 Asia/Dhaka] PHP ERROR [2]: Undefined variable $rollno in D:\XAMPP\htdocs\eimbox-dashboard\eimbox-materio\payment_confirm_check.php on line 694
[25-Nov-2025 00:52:53 Asia/Dhaka] PHP ERROR [8192]: htmlspecialchars(): Passing null to parameter #1 ($string) of type string is deprecated in D:\XAMPP\htdocs\eimbox-dashboard\eimbox-materio\payment_confirm_check.php on line 694
[25-Nov-2025 00:52:53 Asia/Dhaka] PHP ERROR [2]: Undefined variable $amount in D:\XAMPP\htdocs\eimbox-dashboard\eimbox-materio\payment_confirm_check.php on line 695
[25-Nov-2025 00:52:53 Asia/Dhaka] PHP ERROR [8192]: htmlspecialchars(): Passing null to parameter #1 ($string) of type string is deprecated in D:\XAMPP\htdocs\eimbox-dashboard\eimbox-materio\payment_confirm_check.php on line 695
[25-Nov-2025 00:52:53 Asia/Dhaka] PHP ERROR [2]: Undefined variable $stid in D:\XAMPP\htdocs\eimbox-dashboard\eimbox-materio\payment_confirm_check.php on line 722
[25-Nov-2025 00:52:53 Asia/Dhaka] PHP ERROR [8192]: htmlspecialchars(): Passing null to parameter #1 ($string) of type string is deprecated in D:\XAMPP\htdocs\eimbox-dashboard\eimbox-materio\payment_confirm_check.php on line 722
[25-Nov-2025 00:52:53 Asia/Dhaka] PHP ERROR [2]: Undefined variable $amount in D:\XAMPP\htdocs\eimbox-dashboard\eimbox-materio\payment_confirm_check.php on line 724
[25-Nov-2025 00:52:53 Asia/Dhaka] PHP ERROR [8192]: number_format(): Passing null to parameter #1 ($num) of type float is deprecated in D:\XAMPP\htdocs\eimbox-dashboard\eimbox-materio\payment_confirm_check.php on line 724
[25-Nov-2025 00:52:53 Asia/Dhaka] PHP ERROR [2]: Undefined variable $stnameeng in D:\XAMPP\htdocs\eimbox-dashboard\eimbox-materio\payment_confirm_check.php on line 728
[25-Nov-2025 00:52:53 Asia/Dhaka] PHP ERROR [8192]: htmlspecialchars(): Passing null to parameter #1 ($string) of type string is deprecated in D:\XAMPP\htdocs\eimbox-dashboard\eimbox-materio\payment_confirm_check.php on line 728
[25-Nov-2025 00:52:53 Asia/Dhaka] PHP ERROR [2]: Undefined variable $classname in D:\XAMPP\htdocs\eimbox-dashboard\eimbox-materio\payment_confirm_check.php on line 733
[25-Nov-2025 00:52:53 Asia/Dhaka] PHP ERROR [8192]: htmlspecialchars(): Passing null to parameter #1 ($string) of type string is deprecated in D:\XAMPP\htdocs\eimbox-dashboard\eimbox-materio\payment_confirm_check.php on line 733
[25-Nov-2025 00:52:53 Asia/Dhaka] PHP ERROR [2]: Undefined variable $sectionname in D:\XAMPP\htdocs\eimbox-dashboard\eimbox-materio\payment_confirm_check.php on line 734
[25-Nov-2025 00:52:53 Asia/Dhaka] PHP ERROR [8192]: htmlspecialchars(): Passing null to parameter #1 ($string) of type string is deprecated in D:\XAMPP\htdocs\eimbox-dashboard\eimbox-materio\payment_confirm_check.php on line 734
[25-Nov-2025 00:52:53 Asia/Dhaka] PHP ERROR [2]: Undefined variable $rollno in D:\XAMPP\htdocs\eimbox-dashboard\eimbox-materio\payment_confirm_check.php on line 735
[25-Nov-2025 00:52:53 Asia/Dhaka] PHP ERROR [8192]: htmlspecialchars(): Passing null to parameter #1 ($string) of type string is deprecated in D:\XAMPP\htdocs\eimbox-dashboard\eimbox-materio\payment_confirm_check.php on line 735
[25-Nov-2025 00:52:53 Asia/Dhaka] PHP ERROR [2]: Undefined variable $amount in D:\XAMPP\htdocs\eimbox-dashboard\eimbox-materio\payment_confirm_check.php on line 741
[25-Nov-2025 00:52:53 Asia/Dhaka] PHP ERROR [8192]: number_format(): Passing null to parameter #1 ($num) of type float is deprecated in D:\XAMPP\htdocs\eimbox-dashboard\eimbox-materio\payment_confirm_check.php on line 741
[25-Nov-2025 00:58:51 Asia/Dhaka] PHP ERROR [2]: Cannot modify header information - headers already sent by (output started at D:\XAMPP\htdocs\eimbox-dashboard\eimbox-materio\header.php:6) in D:\XAMPP\htdocs\eimbox-dashboard\eimbox-materio\student-payable.php on line 21
[25-Nov-2025 00:58:53 Asia/Dhaka] PHP ERROR [8192]: htmlspecialchars(): Passing null to parameter #1 ($string) of type string is deprecated in D:\XAMPP\htdocs\eimbox-dashboard\eimbox-materio\student-payable.php on line 314
[25-Nov-2025 00:58:53 Asia/Dhaka] PHP ERROR [8192]: htmlspecialchars(): Passing null to parameter #1 ($string) of type string is deprecated in D:\XAMPP\htdocs\eimbox-dashboard\eimbox-materio\student-payable.php on line 318
[25-Nov-2025 01:00:57 Asia/Dhaka] PHP ERROR [2]: Undefined variable $selected in D:\XAMPP\htdocs\eimbox-dashboard\eimbox-materio\module-structure.php on line 163
[25-Nov-2025 01:01:00 Asia/Dhaka] PHP ERROR [2]: Undefined variable $selected in D:\XAMPP\htdocs\eimbox-dashboard\eimbox-materio\module-structure.php on line 163
[25-Nov-2025 01:01:03 Asia/Dhaka] PHP ERROR [2]: Undefined variable $selected in D:\XAMPP\htdocs\eimbox-dashboard\eimbox-materio\module-structure.php on line 163
[25-Nov-2025 01:01:13 Asia/Dhaka] PHP ERROR [2]: Trying to access array offset on value of type null in D:\XAMPP\htdocs\eimbox-dashboard\eimbox-materio\permissions-mapper.php on line 4
[25-Nov-2025 01:01:13 Asia/Dhaka] PHP ERROR [2]: Trying to access array offset on value of type null in D:\XAMPP\htdocs\eimbox-dashboard\eimbox-materio\permissions-mapper.php on line 5
[25-Nov-2025 01:01:17 Asia/Dhaka] PHP ERROR [8192]: htmlspecialchars(): Passing null to parameter #1 ($string) of type string is deprecated in D:\XAMPP\htdocs\eimbox-dashboard\eimbox-materio\header.php on line 255
[25-Nov-2025 01:01:17 Asia/Dhaka] PHP ERROR [8192]: htmlspecialchars(): Passing null to parameter #1 ($string) of type string is deprecated in D:\XAMPP\htdocs\eimbox-dashboard\eimbox-materio\header.php on line 256
[25-Nov-2025 01:01:17 Asia/Dhaka] PHP ERROR [8192]: htmlspecialchars(): Passing null to parameter #1 ($string) of type string is deprecated in D:\XAMPP\htdocs\eimbox-dashboard\eimbox-materio\header.php on line 255
[25-Nov-2025 01:01:24 Asia/Dhaka] PHP ERROR [8192]: htmlspecialchars(): Passing null to parameter #1 ($string) of type string is deprecated in D:\XAMPP\htdocs\eimbox-dashboard\eimbox-materio\header.php on line 255
[25-Nov-2025 01:01:24 Asia/Dhaka] PHP ERROR [8192]: htmlspecialchars(): Passing null to parameter #1 ($string) of type string is deprecated in D:\XAMPP\htdocs\eimbox-dashboard\eimbox-materio\header.php on line 256
[25-Nov-2025 01:01:24 Asia/Dhaka] PHP ERROR [8192]: htmlspecialchars(): Passing null to parameter #1 ($string) of type string is deprecated in D:\XAMPP\htdocs\eimbox-dashboard\eimbox-materio\header.php on line 255
[25-Nov-2025 01:02:02 Asia/Dhaka] PHP ERROR [2]: Cannot modify header information - headers already sent by (output started at D:\XAMPP\htdocs\eimbox-dashboard\eimbox-materio\header.php:6) in D:\XAMPP\htdocs\eimbox-dashboard\eimbox-materio\student-payable.php on line 21
[25-Nov-2025 01:02:02 Asia/Dhaka] PHP ERROR [8192]: htmlspecialchars(): Passing null to parameter #1 ($string) of type string is deprecated in D:\XAMPP\htdocs\eimbox-dashboard\eimbox-materio\student-payable.php on line 314
[25-Nov-2025 01:02:02 Asia/Dhaka] PHP ERROR [8192]: htmlspecialchars(): Passing null to parameter #1 ($string) of type string is deprecated in D:\XAMPP\htdocs\eimbox-dashboard\eimbox-materio\student-payable.php on line 318
[25-Nov-2025 14:40:35 Asia/Dhaka] PHP ERROR [2]: Undefined variable $selected in D:\XAMPP\htdocs\eimbox-dashboard\eimbox-materio\module-structure.php on line 163
[25-Nov-2025 14:47:54 Asia/Dhaka] PHP ERROR [2]: Undefined variable $selected in D:\XAMPP\htdocs\eimbox-dashboard\eimbox-materio\module-structure.php on line 163
[25-Nov-2025 14:48:50 Asia/Dhaka] PHP ERROR [2]: Undefined variable $selected in D:\XAMPP\htdocs\eimbox-dashboard\eimbox-materio\module-structure.php on line 163[25-Nov-2025 14:53:45 Asia/Dhaka] PHP ERROR [2]: Undefined variable $selected in D:\XAMPP\htdocs\eimbox-dashboard\eimbox-materio\module-structure.php on line 163