[06-Nov-2025 15:56:25 Asia/Dhaka] PHP ERROR [2]: Undefined array key "module_name" in D:\XAMPP\htdocs\eimbox-dashboard\eimbox-materio\core\package_checker.php on line 24
[06-Nov-2025 16:05:37 Asia/Dhaka] Uncaught Exception: Can't find record in 'general_log' in D:\XAMPP\htdocs\eimbox-dashboard\eimbox-materio\core\db.php on line 19
[06-Nov-2025 18:37:05 Asia/Dhaka] PHP ERROR [2]: Undefined array key "module_name" in D:\XAMPP\htdocs\eimbox-dashboard\eimbox-materio\core\package_checker.php on line 24
[06-Nov-2025 18:37:11 Asia/Dhaka] PHP ERROR [2]: Undefined array key "module_name" in D:\XAMPP\htdocs\eimbox-dashboard\eimbox-materio\core\package_checker.php on line 24
[06-Nov-2025 22:24:33 Asia/Dhaka] PHP ERROR [2]: Undefined array key "module_name" in D:\XAMPP\htdocs\eimbox-dashboard\eimbox-materio\core\package_checker.php on line 24
[07-Nov-2025 01:06:18 Asia/Dhaka] PHP ERROR [2]: Undefined array key "module_name" in D:\XAMPP\htdocs\eimbox-dashboard\eimbox-materio\core\package_checker.php on line 24
[07-Nov-2025 01:06:42 Asia/Dhaka] PHP ERROR [2]: Undefined array key "module_name" in D:\XAMPP\htdocs\eimbox-dashboard\eimbox-materio\core\package_checker.php on line 24
[07-Nov-2025 02:32:01 Asia/Dhaka] PHP ERROR [2]: Undefined array key "pending_order" in D:\XAMPP\htdocs\eimbox-dashboard\eimbox-materio\payment.php on line 50
[07-Nov-2025 02:32:01 Asia/Dhaka] PHP ERROR [2]: Trying to access array offset on value of type null in D:\XAMPP\htdocs\eimbox-dashboard\eimbox-materio\payment.php on line 50
[07-Nov-2025 02:32:01 Asia/Dhaka] PHP ERROR [8192]: round(): Passing null to parameter #1 ($num) of type int|float is deprecated in D:\XAMPP\htdocs\eimbox-dashboard\eimbox-materio\payment.php on line 50
[07-Nov-2025 02:32:01 Asia/Dhaka] PHP ERROR [2]: Undefined array key "pending_order" in D:\XAMPP\htdocs\eimbox-dashboard\eimbox-materio\payment.php on line 51
[07-Nov-2025 02:32:01 Asia/Dhaka] PHP ERROR [2]: Trying to access array offset on value of type null in D:\XAMPP\htdocs\eimbox-dashboard\eimbox-materio\payment.php on line 51
[07-Nov-2025 02:32:44 Asia/Dhaka] PHP ERROR [2]: Undefined array key "pending_order" in D:\XAMPP\htdocs\eimbox-dashboard\eimbox-materio\payment.php on line 50
[07-Nov-2025 02:32:44 Asia/Dhaka] PHP ERROR [2]: Trying to access array offset on value of type null in D:\XAMPP\htdocs\eimbox-dashboard\eimbox-materio\payment.php on line 50
[07-Nov-2025 02:32:44 Asia/Dhaka] PHP ERROR [8192]: round(): Passing null to parameter #1 ($num) of type int|float is deprecated in D:\XAMPP\htdocs\eimbox-dashboard\eimbox-materio\payment.php on line 50
[07-Nov-2025 02:32:44 Asia/Dhaka] PHP ERROR [2]: Undefined array key "pending_order" in D:\XAMPP\htdocs\eimbox-dashboard\eimbox-materio\payment.php on line 51
[07-Nov-2025 02:32:44 Asia/Dhaka] PHP ERROR [2]: Trying to access array offset on value of type null in D:\XAMPP\htdocs\eimbox-dashboard\eimbox-materio\payment.php on line 51
[07-Nov-2025 02:33:39 Asia/Dhaka] PHP ERROR [2]: Undefined array key "pending_order" in D:\XAMPP\htdocs\eimbox-dashboard\eimbox-materio\payment.php on line 52
[07-Nov-2025 02:33:39 Asia/Dhaka] PHP ERROR [2]: Trying to access array offset on value of type null in D:\XAMPP\htdocs\eimbox-dashboard\eimbox-materio\payment.php on line 52
[07-Nov-2025 02:33:39 Asia/Dhaka] PHP ERROR [8192]: round(): Passing null to parameter #1 ($num) of type int|float is deprecated in D:\XAMPP\htdocs\eimbox-dashboard\eimbox-materio\payment.php on line 52
[07-Nov-2025 02:33:39 Asia/Dhaka] PHP ERROR [2]: Undefined array key "pending_order" in D:\XAMPP\htdocs\eimbox-dashboard\eimbox-materio\payment.php on line 53
[07-Nov-2025 02:33:39 Asia/Dhaka] PHP ERROR [2]: Trying to access array offset on value of type null in D:\XAMPP\htdocs\eimbox-dashboard\eimbox-materio\payment.php on line 53
[07-Nov-2025 02:39:48 Asia/Dhaka] PHP ERROR [2]: Undefined array key "pending_order" in D:\XAMPP\htdocs\eimbox-dashboard\eimbox-materio\payment.php on line 52
[07-Nov-2025 02:39:48 Asia/Dhaka] PHP ERROR [2]: Trying to access array offset on value of type null in D:\XAMPP\htdocs\eimbox-dashboard\eimbox-materio\payment.php on line 52
[07-Nov-2025 02:39:48 Asia/Dhaka] PHP ERROR [8192]: round(): Passing null to parameter #1 ($num) of type int|float is deprecated in D:\XAMPP\htdocs\eimbox-dashboard\eimbox-materio\payment.php on line 52
[07-Nov-2025 02:39:48 Asia/Dhaka] PHP ERROR [2]: Undefined array key "pending_order" in D:\XAMPP\htdocs\eimbox-dashboard\eimbox-materio\payment.php on line 53
[07-Nov-2025 02:39:48 Asia/Dhaka] PHP ERROR [2]: Trying to access array offset on value of type null in D:\XAMPP\htdocs\eimbox-dashboard\eimbox-materio\payment.php on line 53
[07-Nov-2025 03:31:27 Asia/Dhaka] PHP ERROR [2]: Undefined array key "token" in D:\XAMPP\htdocs\eimbox-dashboard\eimbox-materio\bkash\create_payment.php on line 4
[07-Nov-2025 15:01:15 Asia/Dhaka] PHP ERROR [2]: Undefined array key "module_name" in D:\XAMPP\htdocs\eimbox-dashboard\eimbox-materio\core\package_checker.php on line 24
[07-Nov-2025 22:22:08 Asia/Dhaka] PHP ERROR [2]: Undefined array key "module_name" in D:\XAMPP\htdocs\eimbox-dashboard\eimbox-materio\core\package_checker.php on line 24
[07-Nov-2025 22:23:49 Asia/Dhaka] PHP ERROR [2]: Undefined array key "module_name" in D:\XAMPP\htdocs\eimbox-dashboard\eimbox-materio\core\package_checker.php on line 24
[08-Nov-2025 00:03:40 Asia/Dhaka] PHP ERROR [2]: Undefined array key "module_name" in D:\XAMPP\htdocs\eimbox-dashboard\eimbox-materio\core\package_checker.php on line 24
[08-Nov-2025 04:46:24 Asia/Dhaka] PHP ERROR [2]: Undefined array key "module_name" in D:\XAMPP\htdocs\eimbox-dashboard\eimbox-materio\core\package_checker.php on line 24
[08-Nov-2025 04:52:17 Asia/Dhaka] PHP ERROR [2]: Undefined array key "module_name" in D:\XAMPP\htdocs\eimbox-dashboard\eimbox-materio\core\package_checker.php on line 24
[08-Nov-2025 22:51:23 Asia/Dhaka] PHP ERROR [2]: Undefined array key "module_name" in D:\XAMPP\htdocs\eimbox-dashboard\eimbox-materio\core\package_checker.php on line 24
[08-Nov-2025 23:18:54 Asia/Dhaka] PHP ERROR [2]: include(inc/action_message.php): Failed to open stream: No such file or directory in D:\XAMPP\htdocs\eimbox-dashboard\eimbox-materio\payment.php on line 17
[08-Nov-2025 23:18:54 Asia/Dhaka] PHP ERROR [2]: include(): Failed opening 'inc/action_message.php' for inclusion (include_path='D:\XAMPP\php\PEAR') in D:\XAMPP\htdocs\eimbox-dashboard\eimbox-materio\payment.php on line 17
[08-Nov-2025 23:19:36 Asia/Dhaka] PHP ERROR [2]: include(inc/action_message.php): Failed to open stream: No such file or directory in D:\XAMPP\htdocs\eimbox-dashboard\eimbox-materio\payment.php on line 17
[08-Nov-2025 23:19:36 Asia/Dhaka] PHP ERROR [2]: include(): Failed opening 'inc/action_message.php' for inclusion (include_path='D:\XAMPP\php\PEAR') in D:\XAMPP\htdocs\eimbox-dashboard\eimbox-materio\payment.php on line 17
[08-Nov-2025 23:20:03 Asia/Dhaka] PHP ERROR [2]: include(inc/action_message.php): Failed to open stream: No such file or directory in D:\XAMPP\htdocs\eimbox-dashboard\eimbox-materio\payment.php on line 17
[08-Nov-2025 23:20:03 Asia/Dhaka] PHP ERROR [2]: include(): Failed opening 'inc/action_message.php' for inclusion (include_path='D:\XAMPP\php\PEAR') in D:\XAMPP\htdocs\eimbox-dashboard\eimbox-materio\payment.php on line 17
[08-Nov-2025 23:21:16 Asia/Dhaka] PHP ERROR [2]: include(inc/action_message.php): Failed to open stream: No such file or directory in D:\XAMPP\htdocs\eimbox-dashboard\eimbox-materio\payment.php on line 16
[08-Nov-2025 23:21:16 Asia/Dhaka] PHP ERROR [2]: include(): Failed opening 'inc/action_message.php' for inclusion (include_path='D:\XAMPP\php\PEAR') in D:\XAMPP\htdocs\eimbox-dashboard\eimbox-materio\payment.php on line 16
[08-Nov-2025 23:26:18 Asia/Dhaka] PHP ERROR [2]: include(inc/action_message.php): Failed to open stream: No such file or directory in D:\XAMPP\htdocs\eimbox-dashboard\eimbox-materio\payment.php on line 16
[08-Nov-2025 23:26:18 Asia/Dhaka] PHP ERROR [2]: include(): Failed opening 'inc/action_message.php' for inclusion (include_path='D:\XAMPP\php\PEAR') in D:\XAMPP\htdocs\eimbox-dashboard\eimbox-materio\payment.php on line 16
[08-Nov-2025 23:27:46 Asia/Dhaka] PHP ERROR [2]: include(inc/action_message.php): Failed to open stream: No such file or directory in D:\XAMPP\htdocs\eimbox-dashboard\eimbox-materio\payment.php on line 16
[08-Nov-2025 23:27:46 Asia/Dhaka] PHP ERROR [2]: include(): Failed opening 'inc/action_message.php' for inclusion (include_path='D:\XAMPP\php\PEAR') in D:\XAMPP\htdocs\eimbox-dashboard\eimbox-materio\payment.php on line 16
[08-Nov-2025 23:42:12 Asia/Dhaka] PHP ERROR [2]: Undefined array key "module_name" in D:\XAMPP\htdocs\eimbox-dashboard\eimbox-materio\core\package_checker.php on line 24
[08-Nov-2025 23:45:41 Asia/Dhaka] PHP ERROR [2]: Undefined array key "module_name" in D:\XAMPP\htdocs\eimbox-dashboard\eimbox-materio\core\package_checker.php on line 24
[08-Nov-2025 23:51:58 Asia/Dhaka] PHP ERROR [2]: Undefined array key "module_name" in D:\XAMPP\htdocs\eimbox-dashboard\eimbox-materio\core\package_checker.php on line 24
[09-Nov-2025 00:02:14 Asia/Dhaka] PHP ERROR [2]: Undefined array key "module_name" in D:\XAMPP\htdocs\eimbox-dashboard\eimbox-materio\core\package_checker.php on line 24
[09-Nov-2025 00:08:48 Asia/Dhaka] PHP ERROR [2]: Undefined array key "module_name" in D:\XAMPP\htdocs\eimbox-dashboard\eimbox-materio\core\package_checker.php on line 24
[09-Nov-2025 00:08:54 Asia/Dhaka] PHP ERROR [2]: Undefined array key "module_name" in D:\XAMPP\htdocs\eimbox-dashboard\eimbox-materio\core\package_checker.php on line 24
[09-Nov-2025 00:15:43 Asia/Dhaka] PHP ERROR [2]: Undefined array key "module_name" in D:\XAMPP\htdocs\eimbox-dashboard\eimbox-materio\core\package_checker.php on line 24
[09-Nov-2025 00:16:49 Asia/Dhaka] PHP ERROR [2]: Undefined array key "module_name" in D:\XAMPP\htdocs\eimbox-dashboard\eimbox-materio\core\package_checker.php on line 24
[09-Nov-2025 00:18:58 Asia/Dhaka] PHP ERROR [2]: Undefined array key "module_name" in D:\XAMPP\htdocs\eimbox-dashboard\eimbox-materio\core\package_checker.php on line 24
[09-Nov-2025 00:23:44 Asia/Dhaka] PHP ERROR [2]: Undefined array key "module_name" in D:\XAMPP\htdocs\eimbox-dashboard\eimbox-materio\core\package_checker.php on line 24
[09-Nov-2025 00:40:28 Asia/Dhaka] PHP ERROR [2]: Undefined array key "module_name" in D:\XAMPP\htdocs\eimbox-dashboard\eimbox-materio\core\package_checker.php on line 24
[09-Nov-2025 00:44:22 Asia/Dhaka] PHP ERROR [2]: Undefined array key "module_name" in D:\XAMPP\htdocs\eimbox-dashboard\eimbox-materio\core\package_checker.php on line 24
[09-Nov-2025 00:44:27 Asia/Dhaka] PHP ERROR [2]: Undefined array key "module_name" in D:\XAMPP\htdocs\eimbox-dashboard\eimbox-materio\core\package_checker.php on line 24
[09-Nov-2025 00:44:30 Asia/Dhaka] PHP ERROR [2]: Undefined array key "module_name" in D:\XAMPP\htdocs\eimbox-dashboard\eimbox-materio\core\package_checker.php on line 24
[09-Nov-2025 01:00:01 Asia/Dhaka] PHP ERROR [2]: Undefined array key "module_name" in D:\XAMPP\htdocs\eimbox-dashboard\eimbox-materio\core\package_checker.php on line 24
[09-Nov-2025 01:08:18 Asia/Dhaka] PHP ERROR [2]: Undefined array key "module_name" in D:\XAMPP\htdocs\eimbox-dashboard\eimbox-materio\core\package_checker.php on line 24
[09-Nov-2025 01:24:07 Asia/Dhaka] PHP ERROR [2]: Undefined array key "module_name" in D:\XAMPP\htdocs\eimbox-dashboard\eimbox-materio\core\package_checker.php on line 24
[09-Nov-2025 01:30:29 Asia/Dhaka] PHP ERROR [2]: Undefined array key "module_name" in D:\XAMPP\htdocs\eimbox-dashboard\eimbox-materio\core\package_checker.php on line 24
[09-Nov-2025 15:26:45 Asia/Dhaka] PHP ERROR [2]: Undefined array key "module_name" in D:\XAMPP\htdocs\eimbox-dashboard\eimbox-materio\core\package_checker.php on line 24
[09-Nov-2025 15:31:45 Asia/Dhaka] PHP ERROR [2]: Undefined array key "module_name" in D:\XAMPP\htdocs\eimbox-dashboard\eimbox-materio\core\package_checker.php on line 24
[09-Nov-2025 15:36:33 Asia/Dhaka] PHP ERROR [2]: Undefined array key "module_name" in D:\XAMPP\htdocs\eimbox-dashboard\eimbox-materio\core\package_checker.php on line 24
[09-Nov-2025 17:38:16 Asia/Dhaka] PHP ERROR [2]: Undefined array key "module_name" in D:\XAMPP\htdocs\eimbox-dashboard\eimbox-materio\core\package_checker.php on line 24
[09-Nov-2025 17:55:25 Asia/Dhaka] Uncaught Exception: Table 'secure_auth.student' doesn't exist in D:\XAMPP\htdocs\eimbox-dashboard\eimbox-materio\student-payable.php on line 28
[09-Nov-2025 17:55:50 Asia/Dhaka] Uncaught Exception: Table 'secure_auth.stpr' doesn't exist in D:\XAMPP\htdocs\eimbox-dashboard\eimbox-materio\student-payable.php on line 37
[09-Nov-2025 18:00:40 Asia/Dhaka] PHP ERROR [8192]: htmlspecialchars(): Passing null to parameter #1 ($string) of type string is deprecated in D:\XAMPP\htdocs\eimbox-dashboard\eimbox-materio\student-payable.php on line 77
[09-Nov-2025 18:00:40 Asia/Dhaka] PHP ERROR [8192]: htmlspecialchars(): Passing null to parameter #1 ($string) of type string is deprecated in D:\XAMPP\htdocs\eimbox-dashboard\eimbox-materio\student-payable.php on line 78
[09-Nov-2025 18:02:14 Asia/Dhaka] PHP ERROR [8192]: htmlspecialchars(): Passing null to parameter #1 ($string) of type string is deprecated in D:\XAMPP\htdocs\eimbox-dashboard\eimbox-materio\student-payable.php on line 74
[09-Nov-2025 18:02:14 Asia/Dhaka] PHP ERROR [8192]: htmlspecialchars(): Passing null to parameter #1 ($string) of type string is deprecated in D:\XAMPP\htdocs\eimbox-dashboard\eimbox-materio\student-payable.php on line 75
[09-Nov-2025 18:03:06 Asia/Dhaka] PHP ERROR [8192]: htmlspecialchars(): Passing null to parameter #1 ($string) of type string is deprecated in D:\XAMPP\htdocs\eimbox-dashboard\eimbox-materio\student-payable.php on line 74
[09-Nov-2025 18:03:06 Asia/Dhaka] PHP ERROR [8192]: htmlspecialchars(): Passing null to parameter #1 ($string) of type string is deprecated in D:\XAMPP\htdocs\eimbox-dashboard\eimbox-materio\student-payable.php on line 75
[09-Nov-2025 18:06:16 Asia/Dhaka] PHP ERROR [8192]: htmlspecialchars(): Passing null to parameter #1 ($string) of type string is deprecated in D:\XAMPP\htdocs\eimbox-dashboard\eimbox-materio\student-payable.php on line 74
[09-Nov-2025 18:06:16 Asia/Dhaka] PHP ERROR [8192]: htmlspecialchars(): Passing null to parameter #1 ($string) of type string is deprecated in D:\XAMPP\htdocs\eimbox-dashboard\eimbox-materio\student-payable.php on line 75
[09-Nov-2025 18:06:39 Asia/Dhaka] PHP ERROR [8192]: htmlspecialchars(): Passing null to parameter #1 ($string) of type string is deprecated in D:\XAMPP\htdocs\eimbox-dashboard\eimbox-materio\student-payable.php on line 74
[09-Nov-2025 18:06:39 Asia/Dhaka] PHP ERROR [8192]: htmlspecialchars(): Passing null to parameter #1 ($string) of type string is deprecated in D:\XAMPP\htdocs\eimbox-dashboard\eimbox-materio\student-payable.php on line 75
[09-Nov-2025 18:07:07 Asia/Dhaka] PHP ERROR [8192]: htmlspecialchars(): Passing null to parameter #1 ($string) of type string is deprecated in D:\XAMPP\htdocs\eimbox-dashboard\eimbox-materio\student-payable.php on line 74
[09-Nov-2025 18:07:07 Asia/Dhaka] PHP ERROR [8192]: htmlspecialchars(): Passing null to parameter #1 ($string) of type string is deprecated in D:\XAMPP\htdocs\eimbox-dashboard\eimbox-materio\student-payable.php on line 75
[09-Nov-2025 18:12:19 Asia/Dhaka] PHP ERROR [2]: Undefined array key "module_name" in D:\XAMPP\htdocs\eimbox-dashboard\eimbox-materio\core\package_checker.php on line 24
[09-Nov-2025 18:12:22 Asia/Dhaka] PHP ERROR [2]: Undefined array key "module_name" in D:\XAMPP\htdocs\eimbox-dashboard\eimbox-materio\core\package_checker.php on line 24
[09-Nov-2025 18:12:23 Asia/Dhaka] PHP ERROR [2]: Undefined array key "module_name" in D:\XAMPP\htdocs\eimbox-dashboard\eimbox-materio\core\package_checker.php on line 24
[09-Nov-2025 18:12:26 Asia/Dhaka] PHP ERROR [2]: Undefined array key "module_name" in D:\XAMPP\htdocs\eimbox-dashboard\eimbox-materio\core\package_checker.php on line 24
[09-Nov-2025 18:12:30 Asia/Dhaka] PHP ERROR [8192]: htmlspecialchars(): Passing null to parameter #1 ($string) of type string is deprecated in D:\XAMPP\htdocs\eimbox-dashboard\eimbox-materio\student-payable.php on line 74
[09-Nov-2025 18:12:30 Asia/Dhaka] PHP ERROR [8192]: htmlspecialchars(): Passing null to parameter #1 ($string) of type string is deprecated in D:\XAMPP\htdocs\eimbox-dashboard\eimbox-materio\student-payable.php on line 75
[09-Nov-2025 18:13:07 Asia/Dhaka] PHP ERROR [8192]: htmlspecialchars(): Passing null to parameter #1 ($string) of type string is deprecated in D:\XAMPP\htdocs\eimbox-dashboard\eimbox-materio\student-payable.php on line 74
[09-Nov-2025 18:13:07 Asia/Dhaka] PHP ERROR [8192]: htmlspecialchars(): Passing null to parameter #1 ($string) of type string is deprecated in D:\XAMPP\htdocs\eimbox-dashboard\eimbox-materio\student-payable.php on line 75
[09-Nov-2025 18:13:32 Asia/Dhaka] PHP ERROR [8192]: htmlspecialchars(): Passing null to parameter #1 ($string) of type string is deprecated in D:\XAMPP\htdocs\eimbox-dashboard\eimbox-materio\student-payable.php on line 74
[09-Nov-2025 18:13:32 Asia/Dhaka] PHP ERROR [8192]: htmlspecialchars(): Passing null to parameter #1 ($string) of type string is deprecated in D:\XAMPP\htdocs\eimbox-dashboard\eimbox-materio\student-payable.php on line 75
[09-Nov-2025 18:14:21 Asia/Dhaka] PHP ERROR [8192]: htmlspecialchars(): Passing null to parameter #1 ($string) of type string is deprecated in D:\XAMPP\htdocs\eimbox-dashboard\eimbox-materio\student-payable.php on line 74
[09-Nov-2025 18:14:21 Asia/Dhaka] PHP ERROR [8192]: htmlspecialchars(): Passing null to parameter #1 ($string) of type string is deprecated in D:\XAMPP\htdocs\eimbox-dashboard\eimbox-materio\student-payable.php on line 75
[09-Nov-2025 18:14:36 Asia/Dhaka] PHP ERROR [8192]: htmlspecialchars(): Passing null to parameter #1 ($string) of type string is deprecated in D:\XAMPP\htdocs\eimbox-dashboard\eimbox-materio\student-payable.php on line 74
[09-Nov-2025 18:14:36 Asia/Dhaka] PHP ERROR [8192]: htmlspecialchars(): Passing null to parameter #1 ($string) of type string is deprecated in D:\XAMPP\htdocs\eimbox-dashboard\eimbox-materio\student-payable.php on line 75
[09-Nov-2025 18:28:40 Asia/Dhaka] PHP ERROR [8192]: htmlspecialchars(): Passing null to parameter #1 ($string) of type string is deprecated in D:\XAMPP\htdocs\eimbox-dashboard\eimbox-materio\student-payable.php on line 77
[09-Nov-2025 18:28:40 Asia/Dhaka] PHP ERROR [8192]: htmlspecialchars(): Passing null to parameter #1 ($string) of type string is deprecated in D:\XAMPP\htdocs\eimbox-dashboard\eimbox-materio\student-payable.php on line 78
[09-Nov-2025 18:30:14 Asia/Dhaka] PHP ERROR [8192]: htmlspecialchars(): Passing null to parameter #1 ($string) of type string is deprecated in D:\XAMPP\htdocs\eimbox-dashboard\eimbox-materio\student-payable.php on line 77
[09-Nov-2025 18:30:14 Asia/Dhaka] PHP ERROR [8192]: htmlspecialchars(): Passing null to parameter #1 ($string) of type string is deprecated in D:\XAMPP\htdocs\eimbox-dashboard\eimbox-materio\student-payable.php on line 78
[09-Nov-2025 18:41:55 Asia/Dhaka] PHP ERROR [8192]: htmlspecialchars(): Passing null to parameter #1 ($string) of type string is deprecated in D:\XAMPP\htdocs\eimbox-dashboard\eimbox-materio\student-payable.php on line 77
[09-Nov-2025 18:41:55 Asia/Dhaka] PHP ERROR [8192]: htmlspecialchars(): Passing null to parameter #1 ($string) of type string is deprecated in D:\XAMPP\htdocs\eimbox-dashboard\eimbox-materio\student-payable.php on line 78
[09-Nov-2025 18:41:55 Asia/Dhaka] PHP ERROR [2]: Trying to access array offset on value of type null in D:\XAMPP\htdocs\eimbox-dashboard\eimbox-materio\student-payable.php on line 97
[09-Nov-2025 18:41:55 Asia/Dhaka] PHP ERROR [8192]: htmlspecialchars(): Passing null to parameter #1 ($string) of type string is deprecated in D:\XAMPP\htdocs\eimbox-dashboard\eimbox-materio\student-payable.php on line 97
[09-Nov-2025 18:42:20 Asia/Dhaka] PHP ERROR [8192]: htmlspecialchars(): Passing null to parameter #1 ($string) of type string is deprecated in D:\XAMPP\htdocs\eimbox-dashboard\eimbox-materio\student-payable.php on line 77
[09-Nov-2025 18:42:20 Asia/Dhaka] PHP ERROR [8192]: htmlspecialchars(): Passing null to parameter #1 ($string) of type string is deprecated in D:\XAMPP\htdocs\eimbox-dashboard\eimbox-materio\student-payable.php on line 78
[09-Nov-2025 18:42:20 Asia/Dhaka] PHP ERROR [2]: Trying to access array offset on value of type null in D:\XAMPP\htdocs\eimbox-dashboard\eimbox-materio\student-payable.php on line 97
[09-Nov-2025 18:42:20 Asia/Dhaka] PHP ERROR [8192]: htmlspecialchars(): Passing null to parameter #1 ($string) of type string is deprecated in D:\XAMPP\htdocs\eimbox-dashboard\eimbox-materio\student-payable.php on line 97
[09-Nov-2025 18:42:57 Asia/Dhaka] PHP ERROR [8192]: htmlspecialchars(): Passing null to parameter #1 ($string) of type string is deprecated in D:\XAMPP\htdocs\eimbox-dashboard\eimbox-materio\student-payable.php on line 77
[09-Nov-2025 18:42:57 Asia/Dhaka] PHP ERROR [8192]: htmlspecialchars(): Passing null to parameter #1 ($string) of type string is deprecated in D:\XAMPP\htdocs\eimbox-dashboard\eimbox-materio\student-payable.php on line 78
[09-Nov-2025 18:42:57 Asia/Dhaka] PHP ERROR [2]: Trying to access array offset on value of type null in D:\XAMPP\htdocs\eimbox-dashboard\eimbox-materio\student-payable.php on line 97
[09-Nov-2025 18:42:57 Asia/Dhaka] PHP ERROR [8192]: htmlspecialchars(): Passing null to parameter #1 ($string) of type string is deprecated in D:\XAMPP\htdocs\eimbox-dashboard\eimbox-materio\student-payable.php on line 97
[09-Nov-2025 18:45:39 Asia/Dhaka] PHP ERROR [8192]: htmlspecialchars(): Passing null to parameter #1 ($string) of type string is deprecated in D:\XAMPP\htdocs\eimbox-dashboard\eimbox-materio\student-payable.php on line 77
[09-Nov-2025 18:45:39 Asia/Dhaka] PHP ERROR [8192]: htmlspecialchars(): Passing null to parameter #1 ($string) of type string is deprecated in D:\XAMPP\htdocs\eimbox-dashboard\eimbox-materio\student-payable.php on line 78
[09-Nov-2025 18:45:39 Asia/Dhaka] PHP ERROR [2]: Trying to access array offset on value of type null in D:\XAMPP\htdocs\eimbox-dashboard\eimbox-materio\student-payable.php on line 97
[09-Nov-2025 18:45:39 Asia/Dhaka] PHP ERROR [8192]: htmlspecialchars(): Passing null to parameter #1 ($string) of type string is deprecated in D:\XAMPP\htdocs\eimbox-dashboard\eimbox-materio\student-payable.php on line 97
[09-Nov-2025 18:46:37 Asia/Dhaka] PHP ERROR [8192]: htmlspecialchars(): Passing null to parameter #1 ($string) of type string is deprecated in D:\XAMPP\htdocs\eimbox-dashboard\eimbox-materio\student-payable.php on line 77
[09-Nov-2025 18:46:37 Asia/Dhaka] PHP ERROR [8192]: htmlspecialchars(): Passing null to parameter #1 ($string) of type string is deprecated in D:\XAMPP\htdocs\eimbox-dashboard\eimbox-materio\student-payable.php on line 78
[09-Nov-2025 18:46:37 Asia/Dhaka] PHP ERROR [2]: Trying to access array offset on value of type null in D:\XAMPP\htdocs\eimbox-dashboard\eimbox-materio\student-payable.php on line 97
[09-Nov-2025 18:46:37 Asia/Dhaka] PHP ERROR [8192]: htmlspecialchars(): Passing null to parameter #1 ($string) of type string is deprecated in D:\XAMPP\htdocs\eimbox-dashboard\eimbox-materio\student-payable.php on line 97
[09-Nov-2025 18:46:50 Asia/Dhaka] PHP ERROR [8192]: htmlspecialchars(): Passing null to parameter #1 ($string) of type string is deprecated in D:\XAMPP\htdocs\eimbox-dashboard\eimbox-materio\student-payable.php on line 77
[09-Nov-2025 18:46:50 Asia/Dhaka] PHP ERROR [8192]: htmlspecialchars(): Passing null to parameter #1 ($string) of type string is deprecated in D:\XAMPP\htdocs\eimbox-dashboard\eimbox-materio\student-payable.php on line 78
[09-Nov-2025 18:46:50 Asia/Dhaka] PHP ERROR [2]: Trying to access array offset on value of type null in D:\XAMPP\htdocs\eimbox-dashboard\eimbox-materio\student-payable.php on line 97
[09-Nov-2025 18:46:50 Asia/Dhaka] PHP ERROR [8192]: htmlspecialchars(): Passing null to parameter #1 ($string) of type string is deprecated in D:\XAMPP\htdocs\eimbox-dashboard\eimbox-materio\student-payable.php on line 97
[09-Nov-2025 18:47:33 Asia/Dhaka] PHP ERROR [8192]: htmlspecialchars(): Passing null to parameter #1 ($string) of type string is deprecated in D:\XAMPP\htdocs\eimbox-dashboard\eimbox-materio\student-payable.php on line 77
[09-Nov-2025 18:47:33 Asia/Dhaka] PHP ERROR [8192]: htmlspecialchars(): Passing null to parameter #1 ($string) of type string is deprecated in D:\XAMPP\htdocs\eimbox-dashboard\eimbox-materio\student-payable.php on line 78
[09-Nov-2025 18:47:33 Asia/Dhaka] PHP ERROR [2]: Trying to access array offset on value of type null in D:\XAMPP\htdocs\eimbox-dashboard\eimbox-materio\student-payable.php on line 97
[09-Nov-2025 18:47:33 Asia/Dhaka] PHP ERROR [8192]: htmlspecialchars(): Passing null to parameter #1 ($string) of type string is deprecated in D:\XAMPP\htdocs\eimbox-dashboard\eimbox-materio\student-payable.php on line 97
[09-Nov-2025 18:50:21 Asia/Dhaka] PHP ERROR [8192]: htmlspecialchars(): Passing null to parameter #1 ($string) of type string is deprecated in D:\XAMPP\htdocs\eimbox-dashboard\eimbox-materio\student-payable.php on line 77
[09-Nov-2025 18:50:21 Asia/Dhaka] PHP ERROR [8192]: htmlspecialchars(): Passing null to parameter #1 ($string) of type string is deprecated in D:\XAMPP\htdocs\eimbox-dashboard\eimbox-materio\student-payable.php on line 78
[09-Nov-2025 18:50:21 Asia/Dhaka] PHP ERROR [2]: Trying to access array offset on value of type null in D:\XAMPP\htdocs\eimbox-dashboard\eimbox-materio\student-payable.php on line 97
[09-Nov-2025 18:50:21 Asia/Dhaka] PHP ERROR [8192]: htmlspecialchars(): Passing null to parameter #1 ($string) of type string is deprecated in D:\XAMPP\htdocs\eimbox-dashboard\eimbox-materio\student-payable.php on line 97
[09-Nov-2025 18:57:19 Asia/Dhaka] PHP ERROR [8192]: htmlspecialchars(): Passing null to parameter #1 ($string) of type string is deprecated in D:\XAMPP\htdocs\eimbox-dashboard\eimbox-materio\student-payable.php on line 77
[09-Nov-2025 18:57:19 Asia/Dhaka] PHP ERROR [8192]: htmlspecialchars(): Passing null to parameter #1 ($string) of type string is deprecated in D:\XAMPP\htdocs\eimbox-dashboard\eimbox-materio\student-payable.php on line 78
[09-Nov-2025 18:57:19 Asia/Dhaka] PHP ERROR [2]: Trying to access array offset on value of type null in D:\XAMPP\htdocs\eimbox-dashboard\eimbox-materio\student-payable.php on line 97
[09-Nov-2025 18:57:19 Asia/Dhaka] PHP ERROR [8192]: htmlspecialchars(): Passing null to parameter #1 ($string) of type string is deprecated in D:\XAMPP\htdocs\eimbox-dashboard\eimbox-materio\student-payable.php on line 97
[09-Nov-2025 18:57:23 Asia/Dhaka] PHP ERROR [8192]: htmlspecialchars(): Passing null to parameter #1 ($string) of type string is deprecated in D:\XAMPP\htdocs\eimbox-dashboard\eimbox-materio\student-payable.php on line 77
[09-Nov-2025 18:57:23 Asia/Dhaka] PHP ERROR [8192]: htmlspecialchars(): Passing null to parameter #1 ($string) of type string is deprecated in D:\XAMPP\htdocs\eimbox-dashboard\eimbox-materio\student-payable.php on line 78
[09-Nov-2025 18:57:23 Asia/Dhaka] PHP ERROR [2]: Trying to access array offset on value of type null in D:\XAMPP\htdocs\eimbox-dashboard\eimbox-materio\student-payable.php on line 97
[09-Nov-2025 18:57:23 Asia/Dhaka] PHP ERROR [8192]: htmlspecialchars(): Passing null to parameter #1 ($string) of type string is deprecated in D:\XAMPP\htdocs\eimbox-dashboard\eimbox-materio\student-payable.php on line 97
[09-Nov-2025 18:59:49 Asia/Dhaka] PHP ERROR [8192]: htmlspecialchars(): Passing null to parameter #1 ($string) of type string is deprecated in D:\XAMPP\htdocs\eimbox-dashboard\eimbox-materio\student-payable.php on line 77
[09-Nov-2025 18:59:49 Asia/Dhaka] PHP ERROR [8192]: htmlspecialchars(): Passing null to parameter #1 ($string) of type string is deprecated in D:\XAMPP\htdocs\eimbox-dashboard\eimbox-materio\student-payable.php on line 78
[09-Nov-2025 18:59:49 Asia/Dhaka] PHP ERROR [2]: Trying to access array offset on value of type null in D:\XAMPP\htdocs\eimbox-dashboard\eimbox-materio\student-payable.php on line 97
[09-Nov-2025 18:59:49 Asia/Dhaka] PHP ERROR [8192]: htmlspecialchars(): Passing null to parameter #1 ($string) of type string is deprecated in D:\XAMPP\htdocs\eimbox-dashboard\eimbox-materio\student-payable.php on line 97
[09-Nov-2025 19:01:47 Asia/Dhaka] PHP ERROR [8192]: htmlspecialchars(): Passing null to parameter #1 ($string) of type string is deprecated in D:\XAMPP\htdocs\eimbox-dashboard\eimbox-materio\student-payable.php on line 77
[09-Nov-2025 19:01:47 Asia/Dhaka] PHP ERROR [8192]: htmlspecialchars(): Passing null to parameter #1 ($string) of type string is deprecated in D:\XAMPP\htdocs\eimbox-dashboard\eimbox-materio\student-payable.php on line 78
[09-Nov-2025 19:01:47 Asia/Dhaka] PHP ERROR [2]: Trying to access array offset on value of type null in D:\XAMPP\htdocs\eimbox-dashboard\eimbox-materio\student-payable.php on line 97
[09-Nov-2025 19:01:47 Asia/Dhaka] PHP ERROR [8192]: htmlspecialchars(): Passing null to parameter #1 ($string) of type string is deprecated in D:\XAMPP\htdocs\eimbox-dashboard\eimbox-materio\student-payable.php on line 97
[09-Nov-2025 22:23:07 Asia/Dhaka] PHP ERROR [2]: Undefined array key "module_name" in D:\XAMPP\htdocs\eimbox-dashboard\eimbox-materio\core\package_checker.php on line 24
[09-Nov-2025 22:49:43 Asia/Dhaka] PHP ERROR [2]: Undefined variable $admin in D:\XAMPP\htdocs\eimbox-dashboard\eimbox-materio\student-payable.php on line 6
[09-Nov-2025 22:49:43 Asia/Dhaka] PHP ERROR [2]: Trying to access array offset on value of type null in D:\XAMPP\htdocs\eimbox-dashboard\eimbox-materio\student-payable.php on line 6
[09-Nov-2025 22:49:43 Asia/Dhaka] PHP ERROR [2]: foreach() argument must be of type array|object, null given in D:\XAMPP\htdocs\eimbox-dashboard\eimbox-materio\student-payable.php on line 6
[09-Nov-2025 22:49:43 Asia/Dhaka] PHP ERROR [8192]: htmlspecialchars(): Passing null to parameter #1 ($string) of type string is deprecated in D:\XAMPP\htdocs\eimbox-dashboard\eimbox-materio\student-payable.php on line 88
[09-Nov-2025 22:49:43 Asia/Dhaka] PHP ERROR [8192]: htmlspecialchars(): Passing null to parameter #1 ($string) of type string is deprecated in D:\XAMPP\htdocs\eimbox-dashboard\eimbox-materio\student-payable.php on line 89
[09-Nov-2025 22:49:43 Asia/Dhaka] PHP ERROR [2]: Trying to access array offset on value of type null in D:\XAMPP\htdocs\eimbox-dashboard\eimbox-materio\student-payable.php on line 108
[09-Nov-2025 22:49:43 Asia/Dhaka] PHP ERROR [8192]: htmlspecialchars(): Passing null to parameter #1 ($string) of type string is deprecated in D:\XAMPP\htdocs\eimbox-dashboard\eimbox-materio\student-payable.php on line 108
[09-Nov-2025 22:50:11 Asia/Dhaka] PHP ERROR [2]: Undefined variable $admin in D:\XAMPP\htdocs\eimbox-dashboard\eimbox-materio\student-payable.php on line 6
[09-Nov-2025 22:50:11 Asia/Dhaka] PHP ERROR [2]: Trying to access array offset on value of type null in D:\XAMPP\htdocs\eimbox-dashboard\eimbox-materio\student-payable.php on line 6
[09-Nov-2025 22:50:11 Asia/Dhaka] PHP ERROR [2]: foreach() argument must be of type array|object, null given in D:\XAMPP\htdocs\eimbox-dashboard\eimbox-materio\student-payable.php on line 6
[09-Nov-2025 22:50:11 Asia/Dhaka] PHP ERROR [8192]: htmlspecialchars(): Passing null to parameter #1 ($string) of type string is deprecated in D:\XAMPP\htdocs\eimbox-dashboard\eimbox-materio\student-payable.php on line 90
[09-Nov-2025 22:50:11 Asia/Dhaka] PHP ERROR [8192]: htmlspecialchars(): Passing null to parameter #1 ($string) of type string is deprecated in D:\XAMPP\htdocs\eimbox-dashboard\eimbox-materio\student-payable.php on line 91
[09-Nov-2025 22:50:11 Asia/Dhaka] PHP ERROR [2]: Trying to access array offset on value of type null in D:\XAMPP\htdocs\eimbox-dashboard\eimbox-materio\student-payable.php on line 110
[09-Nov-2025 22:50:11 Asia/Dhaka] PHP ERROR [8192]: htmlspecialchars(): Passing null to parameter #1 ($string) of type string is deprecated in D:\XAMPP\htdocs\eimbox-dashboard\eimbox-materio\student-payable.php on line 110
[09-Nov-2025 22:50:40 Asia/Dhaka] PHP ERROR [2]: Undefined variable $admin in D:\XAMPP\htdocs\eimbox-dashboard\eimbox-materio\student-payable.php on line 6
[09-Nov-2025 22:50:40 Asia/Dhaka] PHP ERROR [2]: Trying to access array offset on value of type null in D:\XAMPP\htdocs\eimbox-dashboard\eimbox-materio\student-payable.php on line 6
[09-Nov-2025 22:50:40 Asia/Dhaka] PHP ERROR [2]: foreach() argument must be of type array|object, null given in D:\XAMPP\htdocs\eimbox-dashboard\eimbox-materio\student-payable.php on line 6
[09-Nov-2025 22:50:40 Asia/Dhaka] PHP ERROR [2]: Undefined array key "payment_gateway" in D:\XAMPP\htdocs\eimbox-dashboard\eimbox-materio\student-payable.php on line 23
[09-Nov-2025 22:50:40 Asia/Dhaka] PHP ERROR [8192]: htmlspecialchars(): Passing null to parameter #1 ($string) of type string is deprecated in D:\XAMPP\htdocs\eimbox-dashboard\eimbox-materio\student-payable.php on line 91
[09-Nov-2025 22:50:40 Asia/Dhaka] PHP ERROR [8192]: htmlspecialchars(): Passing null to parameter #1 ($string) of type string is deprecated in D:\XAMPP\htdocs\eimbox-dashboard\eimbox-materio\student-payable.php on line 92
[09-Nov-2025 22:50:40 Asia/Dhaka] PHP ERROR [2]: Trying to access array offset on value of type null in D:\XAMPP\htdocs\eimbox-dashboard\eimbox-materio\student-payable.php on line 111
[09-Nov-2025 22:50:40 Asia/Dhaka] PHP ERROR [8192]: htmlspecialchars(): Passing null to parameter #1 ($string) of type string is deprecated in D:\XAMPP\htdocs\eimbox-dashboard\eimbox-materio\student-payable.php on line 111
[09-Nov-2025 22:51:45 Asia/Dhaka] PHP ERROR [2]: Undefined array key "module_name" in D:\XAMPP\htdocs\eimbox-dashboard\eimbox-materio\core\package_checker.php on line 24
[09-Nov-2025 22:51:51 Asia/Dhaka] PHP ERROR [2]: Undefined variable $admin in D:\XAMPP\htdocs\eimbox-dashboard\eimbox-materio\student-payable.php on line 6
[09-Nov-2025 22:51:51 Asia/Dhaka] PHP ERROR [2]: Trying to access array offset on value of type null in D:\XAMPP\htdocs\eimbox-dashboard\eimbox-materio\student-payable.php on line 6
[09-Nov-2025 22:51:51 Asia/Dhaka] PHP ERROR [2]: foreach() argument must be of type array|object, null given in D:\XAMPP\htdocs\eimbox-dashboard\eimbox-materio\student-payable.php on line 6
[09-Nov-2025 22:51:51 Asia/Dhaka] PHP ERROR [2]: Trying to access array offset on value of type null in D:\XAMPP\htdocs\eimbox-dashboard\eimbox-materio\student-payable.php on line 23
[09-Nov-2025 22:51:51 Asia/Dhaka] PHP ERROR [8192]: htmlspecialchars(): Passing null to parameter #1 ($string) of type string is deprecated in D:\XAMPP\htdocs\eimbox-dashboard\eimbox-materio\student-payable.php on line 91
[09-Nov-2025 22:51:51 Asia/Dhaka] PHP ERROR [8192]: htmlspecialchars(): Passing null to parameter #1 ($string) of type string is deprecated in D:\XAMPP\htdocs\eimbox-dashboard\eimbox-materio\student-payable.php on line 92
[09-Nov-2025 22:51:51 Asia/Dhaka] PHP ERROR [2]: Trying to access array offset on value of type null in D:\XAMPP\htdocs\eimbox-dashboard\eimbox-materio\student-payable.php on line 111
[09-Nov-2025 22:51:51 Asia/Dhaka] PHP ERROR [8192]: htmlspecialchars(): Passing null to parameter #1 ($string) of type string is deprecated in D:\XAMPP\htdocs\eimbox-dashboard\eimbox-materio\student-payable.php on line 111
[09-Nov-2025 22:52:17 Asia/Dhaka] PHP ERROR [2]: Undefined variable $admin in D:\XAMPP\htdocs\eimbox-dashboard\eimbox-materio\student-payable.php on line 6
[09-Nov-2025 22:52:17 Asia/Dhaka] PHP ERROR [2]: Trying to access array offset on value of type null in D:\XAMPP\htdocs\eimbox-dashboard\eimbox-materio\student-payable.php on line 6
[09-Nov-2025 22:52:17 Asia/Dhaka] PHP ERROR [2]: foreach() argument must be of type array|object, null given in D:\XAMPP\htdocs\eimbox-dashboard\eimbox-materio\student-payable.php on line 6
[09-Nov-2025 22:52:17 Asia/Dhaka] PHP ERROR [2]: Trying to access array offset on value of type null in D:\XAMPP\htdocs\eimbox-dashboard\eimbox-materio\student-payable.php on line 24
[09-Nov-2025 22:52:17 Asia/Dhaka] PHP ERROR [8192]: htmlspecialchars(): Passing null to parameter #1 ($string) of type string is deprecated in D:\XAMPP\htdocs\eimbox-dashboard\eimbox-materio\student-payable.php on line 92
[09-Nov-2025 22:52:17 Asia/Dhaka] PHP ERROR [8192]: htmlspecialchars(): Passing null to parameter #1 ($string) of type string is deprecated in D:\XAMPP\htdocs\eimbox-dashboard\eimbox-materio\student-payable.php on line 93
[09-Nov-2025 22:52:17 Asia/Dhaka] PHP ERROR [2]: Trying to access array offset on value of type null in D:\XAMPP\htdocs\eimbox-dashboard\eimbox-materio\student-payable.php on line 112
[09-Nov-2025 22:52:17 Asia/Dhaka] PHP ERROR [8192]: htmlspecialchars(): Passing null to parameter #1 ($string) of type string is deprecated in D:\XAMPP\htdocs\eimbox-dashboard\eimbox-materio\student-payable.php on line 112
[09-Nov-2025 22:54:08 Asia/Dhaka] PHP ERROR [2]: Undefined variable $admin in D:\XAMPP\htdocs\eimbox-dashboard\eimbox-materio\student-payable.php on line 6
[09-Nov-2025 22:54:08 Asia/Dhaka] PHP ERROR [2]: Trying to access array offset on value of type null in D:\XAMPP\htdocs\eimbox-dashboard\eimbox-materio\student-payable.php on line 6
[09-Nov-2025 22:54:08 Asia/Dhaka] PHP ERROR [2]: foreach() argument must be of type array|object, null given in D:\XAMPP\htdocs\eimbox-dashboard\eimbox-materio\student-payable.php on line 6
[09-Nov-2025 22:54:08 Asia/Dhaka] PHP ERROR [8192]: htmlspecialchars(): Passing null to parameter #1 ($string) of type string is deprecated in D:\XAMPP\htdocs\eimbox-dashboard\eimbox-materio\student-payable.php on line 92
[09-Nov-2025 22:54:08 Asia/Dhaka] PHP ERROR [8192]: htmlspecialchars(): Passing null to parameter #1 ($string) of type string is deprecated in D:\XAMPP\htdocs\eimbox-dashboard\eimbox-materio\student-payable.php on line 93
[09-Nov-2025 22:54:08 Asia/Dhaka] PHP ERROR [2]: Trying to access array offset on value of type null in D:\XAMPP\htdocs\eimbox-dashboard\eimbox-materio\student-payable.php on line 112
[09-Nov-2025 22:54:08 Asia/Dhaka] PHP ERROR [8192]: htmlspecialchars(): Passing null to parameter #1 ($string) of type string is deprecated in D:\XAMPP\htdocs\eimbox-dashboard\eimbox-materio\student-payable.php on line 112
[09-Nov-2025 22:55:02 Asia/Dhaka] PHP ERROR [2]: Undefined variable $admin in D:\XAMPP\htdocs\eimbox-dashboard\eimbox-materio\student-payable.php on line 6
[09-Nov-2025 22:55:02 Asia/Dhaka] PHP ERROR [2]: Trying to access array offset on value of type null in D:\XAMPP\htdocs\eimbox-dashboard\eimbox-materio\student-payable.php on line 6
[09-Nov-2025 22:55:02 Asia/Dhaka] PHP ERROR [2]: foreach() argument must be of type array|object, null given in D:\XAMPP\htdocs\eimbox-dashboard\eimbox-materio\student-payable.php on line 6
[09-Nov-2025 22:55:02 Asia/Dhaka] PHP ERROR [8192]: htmlspecialchars(): Passing null to parameter #1 ($string) of type string is deprecated in D:\XAMPP\htdocs\eimbox-dashboard\eimbox-materio\student-payable.php on line 92
[09-Nov-2025 22:55:02 Asia/Dhaka] PHP ERROR [8192]: htmlspecialchars(): Passing null to parameter #1 ($string) of type string is deprecated in D:\XAMPP\htdocs\eimbox-dashboard\eimbox-materio\student-payable.php on line 93
[09-Nov-2025 22:55:02 Asia/Dhaka] PHP ERROR [2]: Trying to access array offset on value of type null in D:\XAMPP\htdocs\eimbox-dashboard\eimbox-materio\student-payable.php on line 112
[09-Nov-2025 22:55:02 Asia/Dhaka] PHP ERROR [8192]: htmlspecialchars(): Passing null to parameter #1 ($string) of type string is deprecated in D:\XAMPP\htdocs\eimbox-dashboard\eimbox-materio\student-payable.php on line 112
[09-Nov-2025 22:57:17 Asia/Dhaka] PHP ERROR [2]: Undefined variable $admin in D:\XAMPP\htdocs\eimbox-dashboard\eimbox-materio\student-payable.php on line 6
[09-Nov-2025 22:57:17 Asia/Dhaka] PHP ERROR [2]: Trying to access array offset on value of type null in D:\XAMPP\htdocs\eimbox-dashboard\eimbox-materio\student-payable.php on line 6
[09-Nov-2025 22:57:17 Asia/Dhaka] PHP ERROR [2]: foreach() argument must be of type array|object, null given in D:\XAMPP\htdocs\eimbox-dashboard\eimbox-materio\student-payable.php on line 6
[09-Nov-2025 22:57:17 Asia/Dhaka] PHP ERROR [8192]: htmlspecialchars(): Passing null to parameter #1 ($string) of type string is deprecated in D:\XAMPP\htdocs\eimbox-dashboard\eimbox-materio\student-payable.php on line 92
[09-Nov-2025 22:57:17 Asia/Dhaka] PHP ERROR [8192]: htmlspecialchars(): Passing null to parameter #1 ($string) of type string is deprecated in D:\XAMPP\htdocs\eimbox-dashboard\eimbox-materio\student-payable.php on line 93
[09-Nov-2025 22:57:17 Asia/Dhaka] PHP ERROR [2]: Trying to access array offset on value of type null in D:\XAMPP\htdocs\eimbox-dashboard\eimbox-materio\student-payable.php on line 112
[09-Nov-2025 22:57:17 Asia/Dhaka] PHP ERROR [8192]: htmlspecialchars(): Passing null to parameter #1 ($string) of type string is deprecated in D:\XAMPP\htdocs\eimbox-dashboard\eimbox-materio\student-payable.php on line 112
[09-Nov-2025 22:58:58 Asia/Dhaka] Uncaught Exception: syntax error, unexpected token ":" in D:\XAMPP\htdocs\eimbox-dashboard\eimbox-materio\core\global_values.php on line 181
[09-Nov-2025 22:59:01 Asia/Dhaka] Uncaught Exception: syntax error, unexpected token ":" in D:\XAMPP\htdocs\eimbox-dashboard\eimbox-materio\core\global_values.php on line 181
[09-Nov-2025 22:59:06 Asia/Dhaka] Uncaught Exception: syntax error, unexpected token ":" in D:\XAMPP\htdocs\eimbox-dashboard\eimbox-materio\core\global_values.php on line 181
[09-Nov-2025 23:00:05 Asia/Dhaka] PHP ERROR [2]: Undefined variable $admin in D:\XAMPP\htdocs\eimbox-dashboard\eimbox-materio\student-payable.php on line 6
[09-Nov-2025 23:00:05 Asia/Dhaka] PHP ERROR [2]: Trying to access array offset on value of type null in D:\XAMPP\htdocs\eimbox-dashboard\eimbox-materio\student-payable.php on line 6
[09-Nov-2025 23:00:05 Asia/Dhaka] PHP ERROR [2]: foreach() argument must be of type array|object, null given in D:\XAMPP\htdocs\eimbox-dashboard\eimbox-materio\student-payable.php on line 6
[09-Nov-2025 23:00:05 Asia/Dhaka] PHP ERROR [8192]: htmlspecialchars(): Passing null to parameter #1 ($string) of type string is deprecated in D:\XAMPP\htdocs\eimbox-dashboard\eimbox-materio\student-payable.php on line 92
[09-Nov-2025 23:00:05 Asia/Dhaka] PHP ERROR [8192]: htmlspecialchars(): Passing null to parameter #1 ($string) of type string is deprecated in D:\XAMPP\htdocs\eimbox-dashboard\eimbox-materio\student-payable.php on line 93
[09-Nov-2025 23:00:05 Asia/Dhaka] PHP ERROR [2]: Trying to access array offset on value of type null in D:\XAMPP\htdocs\eimbox-dashboard\eimbox-materio\student-payable.php on line 112
[09-Nov-2025 23:00:05 Asia/Dhaka] PHP ERROR [8192]: htmlspecialchars(): Passing null to parameter #1 ($string) of type string is deprecated in D:\XAMPP\htdocs\eimbox-dashboard\eimbox-materio\student-payable.php on line 112
[09-Nov-2025 23:00:14 Asia/Dhaka] PHP ERROR [2]: Undefined array key "module_name" in D:\XAMPP\htdocs\eimbox-dashboard\eimbox-materio\core\package_checker.php on line 24
[09-Nov-2025 23:00:21 Asia/Dhaka] PHP ERROR [2]: Undefined variable $admin in D:\XAMPP\htdocs\eimbox-dashboard\eimbox-materio\student-payable.php on line 6
[09-Nov-2025 23:00:21 Asia/Dhaka] PHP ERROR [2]: Trying to access array offset on value of type null in D:\XAMPP\htdocs\eimbox-dashboard\eimbox-materio\student-payable.php on line 6
[09-Nov-2025 23:00:21 Asia/Dhaka] PHP ERROR [2]: foreach() argument must be of type array|object, null given in D:\XAMPP\htdocs\eimbox-dashboard\eimbox-materio\student-payable.php on line 6
[09-Nov-2025 23:00:21 Asia/Dhaka] PHP ERROR [8192]: htmlspecialchars(): Passing null to parameter #1 ($string) of type string is deprecated in D:\XAMPP\htdocs\eimbox-dashboard\eimbox-materio\student-payable.php on line 92
[09-Nov-2025 23:00:21 Asia/Dhaka] PHP ERROR [8192]: htmlspecialchars(): Passing null to parameter #1 ($string) of type string is deprecated in D:\XAMPP\htdocs\eimbox-dashboard\eimbox-materio\student-payable.php on line 93
[09-Nov-2025 23:00:21 Asia/Dhaka] PHP ERROR [2]: Trying to access array offset on value of type null in D:\XAMPP\htdocs\eimbox-dashboard\eimbox-materio\student-payable.php on line 112
[09-Nov-2025 23:00:21 Asia/Dhaka] PHP ERROR [8192]: htmlspecialchars(): Passing null to parameter #1 ($string) of type string is deprecated in D:\XAMPP\htdocs\eimbox-dashboard\eimbox-materio\student-payable.php on line 112
[09-Nov-2025 23:00:38 Asia/Dhaka] PHP ERROR [2]: Undefined variable $admin in D:\XAMPP\htdocs\eimbox-dashboard\eimbox-materio\student-payable.php on line 6
[09-Nov-2025 23:00:38 Asia/Dhaka] PHP ERROR [2]: Trying to access array offset on value of type null in D:\XAMPP\htdocs\eimbox-dashboard\eimbox-materio\student-payable.php on line 6
[09-Nov-2025 23:00:38 Asia/Dhaka] PHP ERROR [2]: foreach() argument must be of type array|object, null given in D:\XAMPP\htdocs\eimbox-dashboard\eimbox-materio\student-payable.php on line 6
[09-Nov-2025 23:00:38 Asia/Dhaka] PHP ERROR [8192]: htmlspecialchars(): Passing null to parameter #1 ($string) of type string is deprecated in D:\XAMPP\htdocs\eimbox-dashboard\eimbox-materio\student-payable.php on line 91
[09-Nov-2025 23:00:38 Asia/Dhaka] PHP ERROR [8192]: htmlspecialchars(): Passing null to parameter #1 ($string) of type string is deprecated in D:\XAMPP\htdocs\eimbox-dashboard\eimbox-materio\student-payable.php on line 92
[09-Nov-2025 23:00:38 Asia/Dhaka] PHP ERROR [2]: Trying to access array offset on value of type null in D:\XAMPP\htdocs\eimbox-dashboard\eimbox-materio\student-payable.php on line 111
[09-Nov-2025 23:00:38 Asia/Dhaka] PHP ERROR [8192]: htmlspecialchars(): Passing null to parameter #1 ($string) of type string is deprecated in D:\XAMPP\htdocs\eimbox-dashboard\eimbox-materio\student-payable.php on line 111
[09-Nov-2025 23:00:55 Asia/Dhaka] PHP ERROR [2]: Undefined variable $admin in D:\XAMPP\htdocs\eimbox-dashboard\eimbox-materio\student-payable.php on line 6
[09-Nov-2025 23:00:55 Asia/Dhaka] PHP ERROR [2]: Trying to access array offset on value of type null in D:\XAMPP\htdocs\eimbox-dashboard\eimbox-materio\student-payable.php on line 6
[09-Nov-2025 23:00:55 Asia/Dhaka] PHP ERROR [2]: foreach() argument must be of type array|object, null given in D:\XAMPP\htdocs\eimbox-dashboard\eimbox-materio\student-payable.php on line 6
[09-Nov-2025 23:00:55 Asia/Dhaka] PHP ERROR [2]: Undefined array key "payment_gateway" in D:\XAMPP\htdocs\eimbox-dashboard\eimbox-materio\student-payable.php on line 24
[09-Nov-2025 23:00:55 Asia/Dhaka] PHP ERROR [8192]: htmlspecialchars(): Passing null to parameter #1 ($string) of type string is deprecated in D:\XAMPP\htdocs\eimbox-dashboard\eimbox-materio\student-payable.php on line 92
[09-Nov-2025 23:00:55 Asia/Dhaka] PHP ERROR [8192]: htmlspecialchars(): Passing null to parameter #1 ($string) of type string is deprecated in D:\XAMPP\htdocs\eimbox-dashboard\eimbox-materio\student-payable.php on line 93
[09-Nov-2025 23:00:55 Asia/Dhaka] PHP ERROR [2]: Trying to access array offset on value of type null in D:\XAMPP\htdocs\eimbox-dashboard\eimbox-materio\student-payable.php on line 112
[09-Nov-2025 23:00:55 Asia/Dhaka] PHP ERROR [8192]: htmlspecialchars(): Passing null to parameter #1 ($string) of type string is deprecated in D:\XAMPP\htdocs\eimbox-dashboard\eimbox-materio\student-payable.php on line 112
[09-Nov-2025 23:01:03 Asia/Dhaka] PHP ERROR [2]: Undefined variable $admin in D:\XAMPP\htdocs\eimbox-dashboard\eimbox-materio\student-payable.php on line 6
[09-Nov-2025 23:01:03 Asia/Dhaka] PHP ERROR [2]: Trying to access array offset on value of type null in D:\XAMPP\htdocs\eimbox-dashboard\eimbox-materio\student-payable.php on line 6
[09-Nov-2025 23:01:03 Asia/Dhaka] PHP ERROR [2]: foreach() argument must be of type array|object, null given in D:\XAMPP\htdocs\eimbox-dashboard\eimbox-materio\student-payable.php on line 6
[09-Nov-2025 23:01:03 Asia/Dhaka] PHP ERROR [8192]: htmlspecialchars(): Passing null to parameter #1 ($string) of type string is deprecated in D:\XAMPP\htdocs\eimbox-dashboard\eimbox-materio\student-payable.php on line 92
[09-Nov-2025 23:01:03 Asia/Dhaka] PHP ERROR [8192]: htmlspecialchars(): Passing null to parameter #1 ($string) of type string is deprecated in D:\XAMPP\htdocs\eimbox-dashboard\eimbox-materio\student-payable.php on line 93
[09-Nov-2025 23:01:03 Asia/Dhaka] PHP ERROR [2]: Trying to access array offset on value of type null in D:\XAMPP\htdocs\eimbox-dashboard\eimbox-materio\student-payable.php on line 112
[09-Nov-2025 23:01:03 Asia/Dhaka] PHP ERROR [8192]: htmlspecialchars(): Passing null to parameter #1 ($string) of type string is deprecated in D:\XAMPP\htdocs\eimbox-dashboard\eimbox-materio\student-payable.php on line 112
[09-Nov-2025 23:03:23 Asia/Dhaka] PHP ERROR [2]: Undefined variable $admin in D:\XAMPP\htdocs\eimbox-dashboard\eimbox-materio\student-payable.php on line 6
[09-Nov-2025 23:03:23 Asia/Dhaka] PHP ERROR [2]: Trying to access array offset on value of type null in D:\XAMPP\htdocs\eimbox-dashboard\eimbox-materio\student-payable.php on line 6
[09-Nov-2025 23:03:23 Asia/Dhaka] PHP ERROR [2]: Trying to access array offset on value of type null in D:\XAMPP\htdocs\eimbox-dashboard\eimbox-materio\student-payable.php on line 6
[09-Nov-2025 23:03:23 Asia/Dhaka] PHP ERROR [2]: foreach() argument must be of type array|object, null given in D:\XAMPP\htdocs\eimbox-dashboard\eimbox-materio\student-payable.php on line 6
[09-Nov-2025 23:03:23 Asia/Dhaka] PHP ERROR [8192]: htmlspecialchars(): Passing null to parameter #1 ($string) of type string is deprecated in D:\XAMPP\htdocs\eimbox-dashboard\eimbox-materio\student-payable.php on line 92
[09-Nov-2025 23:03:23 Asia/Dhaka] PHP ERROR [8192]: htmlspecialchars(): Passing null to parameter #1 ($string) of type string is deprecated in D:\XAMPP\htdocs\eimbox-dashboard\eimbox-materio\student-payable.php on line 93
[09-Nov-2025 23:03:23 Asia/Dhaka] PHP ERROR [2]: Trying to access array offset on value of type null in D:\XAMPP\htdocs\eimbox-dashboard\eimbox-materio\student-payable.php on line 112
[09-Nov-2025 23:03:23 Asia/Dhaka] PHP ERROR [8192]: htmlspecialchars(): Passing null to parameter #1 ($string) of type string is deprecated in D:\XAMPP\htdocs\eimbox-dashboard\eimbox-materio\student-payable.php on line 112
[09-Nov-2025 23:03:43 Asia/Dhaka] PHP ERROR [2]: Undefined variable $admin in D:\XAMPP\htdocs\eimbox-dashboard\eimbox-materio\student-payable.php on line 6
[09-Nov-2025 23:03:43 Asia/Dhaka] PHP ERROR [2]: Trying to access array offset on value of type null in D:\XAMPP\htdocs\eimbox-dashboard\eimbox-materio\student-payable.php on line 6
[09-Nov-2025 23:03:43 Asia/Dhaka] PHP ERROR [2]: Trying to access array offset on value of type null in D:\XAMPP\htdocs\eimbox-dashboard\eimbox-materio\student-payable.php on line 6
[09-Nov-2025 23:03:43 Asia/Dhaka] PHP ERROR [2]: foreach() argument must be of type array|object, null given in D:\XAMPP\htdocs\eimbox-dashboard\eimbox-materio\student-payable.php on line 6
[09-Nov-2025 23:03:43 Asia/Dhaka] PHP ERROR [8192]: htmlspecialchars(): Passing null to parameter #1 ($string) of type string is deprecated in D:\XAMPP\htdocs\eimbox-dashboard\eimbox-materio\student-payable.php on line 92
[09-Nov-2025 23:03:43 Asia/Dhaka] PHP ERROR [8192]: htmlspecialchars(): Passing null to parameter #1 ($string) of type string is deprecated in D:\XAMPP\htdocs\eimbox-dashboard\eimbox-materio\student-payable.php on line 93
[09-Nov-2025 23:03:43 Asia/Dhaka] PHP ERROR [2]: Trying to access array offset on value of type null in D:\XAMPP\htdocs\eimbox-dashboard\eimbox-materio\student-payable.php on line 112
[09-Nov-2025 23:03:43 Asia/Dhaka] PHP ERROR [8192]: htmlspecialchars(): Passing null to parameter #1 ($string) of type string is deprecated in D:\XAMPP\htdocs\eimbox-dashboard\eimbox-materio\student-payable.php on line 112
[09-Nov-2025 23:05:55 Asia/Dhaka] PHP ERROR [2]: Undefined array key "module_name" in D:\XAMPP\htdocs\eimbox-dashboard\eimbox-materio\core\package_checker.php on line 24
[09-Nov-2025 23:05:59 Asia/Dhaka] PHP ERROR [2]: Undefined variable $admin in D:\XAMPP\htdocs\eimbox-dashboard\eimbox-materio\student-payable.php on line 6
[09-Nov-2025 23:05:59 Asia/Dhaka] PHP ERROR [2]: Trying to access array offset on value of type null in D:\XAMPP\htdocs\eimbox-dashboard\eimbox-materio\student-payable.php on line 6
[09-Nov-2025 23:05:59 Asia/Dhaka] PHP ERROR [2]: Trying to access array offset on value of type null in D:\XAMPP\htdocs\eimbox-dashboard\eimbox-materio\student-payable.php on line 6
[09-Nov-2025 23:05:59 Asia/Dhaka] PHP ERROR [2]: foreach() argument must be of type array|object, null given in D:\XAMPP\htdocs\eimbox-dashboard\eimbox-materio\student-payable.php on line 6
[09-Nov-2025 23:05:59 Asia/Dhaka] PHP ERROR [8192]: htmlspecialchars(): Passing null to parameter #1 ($string) of type string is deprecated in D:\XAMPP\htdocs\eimbox-dashboard\eimbox-materio\student-payable.php on line 92
[09-Nov-2025 23:05:59 Asia/Dhaka] PHP ERROR [8192]: htmlspecialchars(): Passing null to parameter #1 ($string) of type string is deprecated in D:\XAMPP\htdocs\eimbox-dashboard\eimbox-materio\student-payable.php on line 93
[09-Nov-2025 23:05:59 Asia/Dhaka] PHP ERROR [2]: Trying to access array offset on value of type null in D:\XAMPP\htdocs\eimbox-dashboard\eimbox-materio\student-payable.php on line 112
[09-Nov-2025 23:05:59 Asia/Dhaka] PHP ERROR [8192]: htmlspecialchars(): Passing null to parameter #1 ($string) of type string is deprecated in D:\XAMPP\htdocs\eimbox-dashboard\eimbox-materio\student-payable.php on line 112
[09-Nov-2025 23:09:20 Asia/Dhaka] PHP ERROR [2]: Undefined variable $admin in D:\XAMPP\htdocs\eimbox-dashboard\eimbox-materio\student-payable.php on line 6
[09-Nov-2025 23:09:20 Asia/Dhaka] PHP ERROR [2]: Trying to access array offset on value of type null in D:\XAMPP\htdocs\eimbox-dashboard\eimbox-materio\student-payable.php on line 6
[09-Nov-2025 23:09:20 Asia/Dhaka] PHP ERROR [2]: Trying to access array offset on value of type null in D:\XAMPP\htdocs\eimbox-dashboard\eimbox-materio\student-payable.php on line 6
[09-Nov-2025 23:09:20 Asia/Dhaka] PHP ERROR [2]: foreach() argument must be of type array|object, null given in D:\XAMPP\htdocs\eimbox-dashboard\eimbox-materio\student-payable.php on line 6
[09-Nov-2025 23:09:20 Asia/Dhaka] PHP ERROR [8192]: htmlspecialchars(): Passing null to parameter #1 ($string) of type string is deprecated in D:\XAMPP\htdocs\eimbox-dashboard\eimbox-materio\student-payable.php on line 94
[09-Nov-2025 23:09:20 Asia/Dhaka] PHP ERROR [8192]: htmlspecialchars(): Passing null to parameter #1 ($string) of type string is deprecated in D:\XAMPP\htdocs\eimbox-dashboard\eimbox-materio\student-payable.php on line 95
[09-Nov-2025 23:09:20 Asia/Dhaka] PHP ERROR [2]: Trying to access array offset on value of type null in D:\XAMPP\htdocs\eimbox-dashboard\eimbox-materio\student-payable.php on line 114
[09-Nov-2025 23:09:20 Asia/Dhaka] PHP ERROR [8192]: htmlspecialchars(): Passing null to parameter #1 ($string) of type string is deprecated in D:\XAMPP\htdocs\eimbox-dashboard\eimbox-materio\student-payable.php on line 114
[09-Nov-2025 23:10:52 Asia/Dhaka] PHP ERROR [2]: Undefined variable $admin in D:\XAMPP\htdocs\eimbox-dashboard\eimbox-materio\student-payable.php on line 6
[09-Nov-2025 23:10:52 Asia/Dhaka] PHP ERROR [2]: Trying to access array offset on value of type null in D:\XAMPP\htdocs\eimbox-dashboard\eimbox-materio\student-payable.php on line 6
[09-Nov-2025 23:10:52 Asia/Dhaka] PHP ERROR [2]: Trying to access array offset on value of type null in D:\XAMPP\htdocs\eimbox-dashboard\eimbox-materio\student-payable.php on line 6
[09-Nov-2025 23:10:52 Asia/Dhaka] PHP ERROR [2]: foreach() argument must be of type array|object, null given in D:\XAMPP\htdocs\eimbox-dashboard\eimbox-materio\student-payable.php on line 6
[09-Nov-2025 23:10:52 Asia/Dhaka] PHP ERROR [8192]: htmlspecialchars(): Passing null to parameter #1 ($string) of type string is deprecated in D:\XAMPP\htdocs\eimbox-dashboard\eimbox-materio\student-payable.php on line 94
[09-Nov-2025 23:10:52 Asia/Dhaka] PHP ERROR [8192]: htmlspecialchars(): Passing null to parameter #1 ($string) of type string is deprecated in D:\XAMPP\htdocs\eimbox-dashboard\eimbox-materio\student-payable.php on line 95
[09-Nov-2025 23:10:52 Asia/Dhaka] PHP ERROR [2]: Trying to access array offset on value of type null in D:\XAMPP\htdocs\eimbox-dashboard\eimbox-materio\student-payable.php on line 114
[09-Nov-2025 23:10:52 Asia/Dhaka] PHP ERROR [8192]: htmlspecialchars(): Passing null to parameter #1 ($string) of type string is deprecated in D:\XAMPP\htdocs\eimbox-dashboard\eimbox-materio\student-payable.php on line 114
[09-Nov-2025 23:12:10 Asia/Dhaka] PHP ERROR [2]: Undefined variable $admin in D:\XAMPP\htdocs\eimbox-dashboard\eimbox-materio\student-payable.php on line 7
[09-Nov-2025 23:12:10 Asia/Dhaka] PHP ERROR [2]: Trying to access array offset on value of type null in D:\XAMPP\htdocs\eimbox-dashboard\eimbox-materio\student-payable.php on line 7
[09-Nov-2025 23:12:10 Asia/Dhaka] PHP ERROR [2]: Trying to access array offset on value of type null in D:\XAMPP\htdocs\eimbox-dashboard\eimbox-materio\student-payable.php on line 7
[09-Nov-2025 23:12:10 Asia/Dhaka] PHP ERROR [2]: foreach() argument must be of type array|object, null given in D:\XAMPP\htdocs\eimbox-dashboard\eimbox-materio\student-payable.php on line 7
[09-Nov-2025 23:12:10 Asia/Dhaka] PHP ERROR [8192]: htmlspecialchars(): Passing null to parameter #1 ($string) of type string is deprecated in D:\XAMPP\htdocs\eimbox-dashboard\eimbox-materio\student-payable.php on line 95
[09-Nov-2025 23:12:10 Asia/Dhaka] PHP ERROR [8192]: htmlspecialchars(): Passing null to parameter #1 ($string) of type string is deprecated in D:\XAMPP\htdocs\eimbox-dashboard\eimbox-materio\student-payable.php on line 96
[09-Nov-2025 23:12:10 Asia/Dhaka] PHP ERROR [2]: Trying to access array offset on value of type null in D:\XAMPP\htdocs\eimbox-dashboard\eimbox-materio\student-payable.php on line 115
[09-Nov-2025 23:12:10 Asia/Dhaka] PHP ERROR [8192]: htmlspecialchars(): Passing null to parameter #1 ($string) of type string is deprecated in D:\XAMPP\htdocs\eimbox-dashboard\eimbox-materio\student-payable.php on line 115
[09-Nov-2025 23:13:09 Asia/Dhaka] PHP ERROR [8192]: htmlspecialchars(): Passing null to parameter #1 ($string) of type string is deprecated in D:\XAMPP\htdocs\eimbox-dashboard\eimbox-materio\student-payable.php on line 95
[09-Nov-2025 23:13:09 Asia/Dhaka] PHP ERROR [8192]: htmlspecialchars(): Passing null to parameter #1 ($string) of type string is deprecated in D:\XAMPP\htdocs\eimbox-dashboard\eimbox-materio\student-payable.php on line 96
[09-Nov-2025 23:13:09 Asia/Dhaka] PHP ERROR [2]: Trying to access array offset on value of type null in D:\XAMPP\htdocs\eimbox-dashboard\eimbox-materio\student-payable.php on line 115
[09-Nov-2025 23:13:09 Asia/Dhaka] PHP ERROR [8192]: htmlspecialchars(): Passing null to parameter #1 ($string) of type string is deprecated in D:\XAMPP\htdocs\eimbox-dashboard\eimbox-materio\student-payable.php on line 115
[09-Nov-2025 23:13:39 Asia/Dhaka] PHP ERROR [8192]: htmlspecialchars(): Passing null to parameter #1 ($string) of type string is deprecated in D:\XAMPP\htdocs\eimbox-dashboard\eimbox-materio\student-payable.php on line 93
[09-Nov-2025 23:13:39 Asia/Dhaka] PHP ERROR [8192]: htmlspecialchars(): Passing null to parameter #1 ($string) of type string is deprecated in D:\XAMPP\htdocs\eimbox-dashboard\eimbox-materio\student-payable.php on line 94
[09-Nov-2025 23:13:39 Asia/Dhaka] PHP ERROR [2]: Trying to access array offset on value of type null in D:\XAMPP\htdocs\eimbox-dashboard\eimbox-materio\student-payable.php on line 113
[09-Nov-2025 23:13:39 Asia/Dhaka] PHP ERROR [8192]: htmlspecialchars(): Passing null to parameter #1 ($string) of type string is deprecated in D:\XAMPP\htdocs\eimbox-dashboard\eimbox-materio\student-payable.php on line 113
[09-Nov-2025 23:28:00 Asia/Dhaka] PHP ERROR [8192]: htmlspecialchars(): Passing null to parameter #1 ($string) of type string is deprecated in D:\XAMPP\htdocs\eimbox-dashboard\eimbox-materio\student-payable.php on line 106
[09-Nov-2025 23:28:00 Asia/Dhaka] PHP ERROR [8192]: htmlspecialchars(): Passing null to parameter #1 ($string) of type string is deprecated in D:\XAMPP\htdocs\eimbox-dashboard\eimbox-materio\student-payable.php on line 107
[09-Nov-2025 23:28:00 Asia/Dhaka] PHP ERROR [2]: Trying to access array offset on value of type null in D:\XAMPP\htdocs\eimbox-dashboard\eimbox-materio\student-payable.php on line 126
[09-Nov-2025 23:28:00 Asia/Dhaka] PHP ERROR [8192]: htmlspecialchars(): Passing null to parameter #1 ($string) of type string is deprecated in D:\XAMPP\htdocs\eimbox-dashboard\eimbox-materio\student-payable.php on line 126
[09-Nov-2025 23:29:33 Asia/Dhaka] PHP ERROR [8192]: htmlspecialchars(): Passing null to parameter #1 ($string) of type string is deprecated in D:\XAMPP\htdocs\eimbox-dashboard\eimbox-materio\student-payable.php on line 107
[09-Nov-2025 23:29:33 Asia/Dhaka] PHP ERROR [8192]: htmlspecialchars(): Passing null to parameter #1 ($string) of type string is deprecated in D:\XAMPP\htdocs\eimbox-dashboard\eimbox-materio\student-payable.php on line 108
[09-Nov-2025 23:29:33 Asia/Dhaka] PHP ERROR [2]: Trying to access array offset on value of type null in D:\XAMPP\htdocs\eimbox-dashboard\eimbox-materio\student-payable.php on line 127
[09-Nov-2025 23:29:33 Asia/Dhaka] PHP ERROR [8192]: htmlspecialchars(): Passing null to parameter #1 ($string) of type string is deprecated in D:\XAMPP\htdocs\eimbox-dashboard\eimbox-materio\student-payable.php on line 127
[09-Nov-2025 23:34:29 Asia/Dhaka] PHP ERROR [8192]: htmlspecialchars(): Passing null to parameter #1 ($string) of type string is deprecated in D:\XAMPP\htdocs\eimbox-dashboard\eimbox-materio\student-payable.php on line 107
[09-Nov-2025 23:34:29 Asia/Dhaka] PHP ERROR [8192]: htmlspecialchars(): Passing null to parameter #1 ($string) of type string is deprecated in D:\XAMPP\htdocs\eimbox-dashboard\eimbox-materio\student-payable.php on line 108
[09-Nov-2025 23:34:29 Asia/Dhaka] PHP ERROR [2]: Trying to access array offset on value of type null in D:\XAMPP\htdocs\eimbox-dashboard\eimbox-materio\student-payable.php on line 127
[09-Nov-2025 23:34:29 Asia/Dhaka] PHP ERROR [8192]: htmlspecialchars(): Passing null to parameter #1 ($string) of type string is deprecated in D:\XAMPP\htdocs\eimbox-dashboard\eimbox-materio\student-payable.php on line 127
[09-Nov-2025 23:38:53 Asia/Dhaka] PHP ERROR [8192]: htmlspecialchars(): Passing null to parameter #1 ($string) of type string is deprecated in D:\XAMPP\htdocs\eimbox-dashboard\eimbox-materio\student-payable.php on line 107
[09-Nov-2025 23:38:53 Asia/Dhaka] PHP ERROR [8192]: htmlspecialchars(): Passing null to parameter #1 ($string) of type string is deprecated in D:\XAMPP\htdocs\eimbox-dashboard\eimbox-materio\student-payable.php on line 108
[09-Nov-2025 23:38:53 Asia/Dhaka] PHP ERROR [2]: Trying to access array offset on value of type null in D:\XAMPP\htdocs\eimbox-dashboard\eimbox-materio\student-payable.php on line 127
[09-Nov-2025 23:38:53 Asia/Dhaka] PHP ERROR [8192]: htmlspecialchars(): Passing null to parameter #1 ($string) of type string is deprecated in D:\XAMPP\htdocs\eimbox-dashboard\eimbox-materio\student-payable.php on line 127
[09-Nov-2025 23:42:06 Asia/Dhaka] PHP ERROR [8192]: htmlspecialchars(): Passing null to parameter #1 ($string) of type string is deprecated in D:\XAMPP\htdocs\eimbox-dashboard\eimbox-materio\student-payable.php on line 107
[09-Nov-2025 23:42:06 Asia/Dhaka] PHP ERROR [8192]: htmlspecialchars(): Passing null to parameter #1 ($string) of type string is deprecated in D:\XAMPP\htdocs\eimbox-dashboard\eimbox-materio\student-payable.php on line 108
[09-Nov-2025 23:42:06 Asia/Dhaka] PHP ERROR [2]: Trying to access array offset on value of type null in D:\XAMPP\htdocs\eimbox-dashboard\eimbox-materio\student-payable.php on line 127
[09-Nov-2025 23:42:06 Asia/Dhaka] PHP ERROR [8192]: htmlspecialchars(): Passing null to parameter #1 ($string) of type string is deprecated in D:\XAMPP\htdocs\eimbox-dashboard\eimbox-materio\student-payable.php on line 127
[09-Nov-2025 23:42:31 Asia/Dhaka] PHP ERROR [8192]: htmlspecialchars(): Passing null to parameter #1 ($string) of type string is deprecated in D:\XAMPP\htdocs\eimbox-dashboard\eimbox-materio\student-payable.php on line 107
[09-Nov-2025 23:42:31 Asia/Dhaka] PHP ERROR [8192]: htmlspecialchars(): Passing null to parameter #1 ($string) of type string is deprecated in D:\XAMPP\htdocs\eimbox-dashboard\eimbox-materio\student-payable.php on line 108
[09-Nov-2025 23:42:31 Asia/Dhaka] PHP ERROR [2]: Trying to access array offset on value of type null in D:\XAMPP\htdocs\eimbox-dashboard\eimbox-materio\student-payable.php on line 127
[09-Nov-2025 23:42:31 Asia/Dhaka] PHP ERROR [8192]: htmlspecialchars(): Passing null to parameter #1 ($string) of type string is deprecated in D:\XAMPP\htdocs\eimbox-dashboard\eimbox-materio\student-payable.php on line 127
[09-Nov-2025 23:42:44 Asia/Dhaka] PHP ERROR [8192]: htmlspecialchars(): Passing null to parameter #1 ($string) of type string is deprecated in D:\XAMPP\htdocs\eimbox-dashboard\eimbox-materio\student-payable.php on line 107
[09-Nov-2025 23:42:44 Asia/Dhaka] PHP ERROR [8192]: htmlspecialchars(): Passing null to parameter #1 ($string) of type string is deprecated in D:\XAMPP\htdocs\eimbox-dashboard\eimbox-materio\student-payable.php on line 108
[09-Nov-2025 23:42:44 Asia/Dhaka] PHP ERROR [2]: Trying to access array offset on value of type null in D:\XAMPP\htdocs\eimbox-dashboard\eimbox-materio\student-payable.php on line 127
[09-Nov-2025 23:42:44 Asia/Dhaka] PHP ERROR [8192]: htmlspecialchars(): Passing null to parameter #1 ($string) of type string is deprecated in D:\XAMPP\htdocs\eimbox-dashboard\eimbox-materio\student-payable.php on line 127
[09-Nov-2025 23:44:23 Asia/Dhaka] PHP ERROR [2]: Undefined array key "module_name" in D:\XAMPP\htdocs\eimbox-dashboard\eimbox-materio\core\package_checker.php on line 24
[09-Nov-2025 23:44:31 Asia/Dhaka] PHP ERROR [8192]: htmlspecialchars(): Passing null to parameter #1 ($string) of type string is deprecated in D:\XAMPP\htdocs\eimbox-dashboard\eimbox-materio\student-payable.php on line 107
[09-Nov-2025 23:44:31 Asia/Dhaka] PHP ERROR [8192]: htmlspecialchars(): Passing null to parameter #1 ($string) of type string is deprecated in D:\XAMPP\htdocs\eimbox-dashboard\eimbox-materio\student-payable.php on line 108
[09-Nov-2025 23:44:31 Asia/Dhaka] PHP ERROR [2]: Trying to access array offset on value of type null in D:\XAMPP\htdocs\eimbox-dashboard\eimbox-materio\student-payable.php on line 127
[09-Nov-2025 23:44:31 Asia/Dhaka] PHP ERROR [8192]: htmlspecialchars(): Passing null to parameter #1 ($string) of type string is deprecated in D:\XAMPP\htdocs\eimbox-dashboard\eimbox-materio\student-payable.php on line 127
[09-Nov-2025 23:45:09 Asia/Dhaka] PHP ERROR [8192]: htmlspecialchars(): Passing null to parameter #1 ($string) of type string is deprecated in D:\XAMPP\htdocs\eimbox-dashboard\eimbox-materio\student-payable.php on line 107
[09-Nov-2025 23:45:09 Asia/Dhaka] PHP ERROR [8192]: htmlspecialchars(): Passing null to parameter #1 ($string) of type string is deprecated in D:\XAMPP\htdocs\eimbox-dashboard\eimbox-materio\student-payable.php on line 108
[09-Nov-2025 23:45:09 Asia/Dhaka] PHP ERROR [2]: Trying to access array offset on value of type null in D:\XAMPP\htdocs\eimbox-dashboard\eimbox-materio\student-payable.php on line 127
[09-Nov-2025 23:45:09 Asia/Dhaka] PHP ERROR [8192]: htmlspecialchars(): Passing null to parameter #1 ($string) of type string is deprecated in D:\XAMPP\htdocs\eimbox-dashboard\eimbox-materio\student-payable.php on line 127
[09-Nov-2025 23:45:47 Asia/Dhaka] PHP ERROR [8192]: htmlspecialchars(): Passing null to parameter #1 ($string) of type string is deprecated in D:\XAMPP\htdocs\eimbox-dashboard\eimbox-materio\student-payable.php on line 107
[09-Nov-2025 23:45:47 Asia/Dhaka] PHP ERROR [8192]: htmlspecialchars(): Passing null to parameter #1 ($string) of type string is deprecated in D:\XAMPP\htdocs\eimbox-dashboard\eimbox-materio\student-payable.php on line 108
[09-Nov-2025 23:45:47 Asia/Dhaka] PHP ERROR [2]: Trying to access array offset on value of type null in D:\XAMPP\htdocs\eimbox-dashboard\eimbox-materio\student-payable.php on line 127
[09-Nov-2025 23:45:47 Asia/Dhaka] PHP ERROR [8192]: htmlspecialchars(): Passing null to parameter #1 ($string) of type string is deprecated in D:\XAMPP\htdocs\eimbox-dashboard\eimbox-materio\student-payable.php on line 127
[09-Nov-2025 23:53:17 Asia/Dhaka] PHP ERROR [8192]: htmlspecialchars(): Passing null to parameter #1 ($string) of type string is deprecated in D:\XAMPP\htdocs\eimbox-dashboard\eimbox-materio\student-payable.php on line 107
[09-Nov-2025 23:53:17 Asia/Dhaka] PHP ERROR [8192]: htmlspecialchars(): Passing null to parameter #1 ($string) of type string is deprecated in D:\XAMPP\htdocs\eimbox-dashboard\eimbox-materio\student-payable.php on line 108
[09-Nov-2025 23:53:17 Asia/Dhaka] PHP ERROR [2]: Trying to access array offset on value of type null in D:\XAMPP\htdocs\eimbox-dashboard\eimbox-materio\student-payable.php on line 127
[09-Nov-2025 23:53:17 Asia/Dhaka] PHP ERROR [8192]: htmlspecialchars(): Passing null to parameter #1 ($string) of type string is deprecated in D:\XAMPP\htdocs\eimbox-dashboard\eimbox-materio\student-payable.php on line 127
[09-Nov-2025 23:53:21 Asia/Dhaka] PHP ERROR [8192]: htmlspecialchars(): Passing null to parameter #1 ($string) of type string is deprecated in D:\XAMPP\htdocs\eimbox-dashboard\eimbox-materio\student-payable.php on line 107
[09-Nov-2025 23:53:21 Asia/Dhaka] PHP ERROR [8192]: htmlspecialchars(): Passing null to parameter #1 ($string) of type string is deprecated in D:\XAMPP\htdocs\eimbox-dashboard\eimbox-materio\student-payable.php on line 108
[09-Nov-2025 23:53:21 Asia/Dhaka] PHP ERROR [2]: Trying to access array offset on value of type null in D:\XAMPP\htdocs\eimbox-dashboard\eimbox-materio\student-payable.php on line 127
[09-Nov-2025 23:53:21 Asia/Dhaka] PHP ERROR [8192]: htmlspecialchars(): Passing null to parameter #1 ($string) of type string is deprecated in D:\XAMPP\htdocs\eimbox-dashboard\eimbox-materio\student-payable.php on line 127
[09-Nov-2025 23:54:03 Asia/Dhaka] PHP ERROR [8192]: htmlspecialchars(): Passing null to parameter #1 ($string) of type string is deprecated in D:\XAMPP\htdocs\eimbox-dashboard\eimbox-materio\student-payable.php on line 107
[09-Nov-2025 23:54:03 Asia/Dhaka] PHP ERROR [8192]: htmlspecialchars(): Passing null to parameter #1 ($string) of type string is deprecated in D:\XAMPP\htdocs\eimbox-dashboard\eimbox-materio\student-payable.php on line 108
[09-Nov-2025 23:54:03 Asia/Dhaka] PHP ERROR [2]: Trying to access array offset on value of type null in D:\XAMPP\htdocs\eimbox-dashboard\eimbox-materio\student-payable.php on line 127
[09-Nov-2025 23:54:03 Asia/Dhaka] PHP ERROR [8192]: htmlspecialchars(): Passing null to parameter #1 ($string) of type string is deprecated in D:\XAMPP\htdocs\eimbox-dashboard\eimbox-materio\student-payable.php on line 127
[09-Nov-2025 23:58:29 Asia/Dhaka] PHP ERROR [2]: Trying to access array offset on value of type null in D:\XAMPP\htdocs\eimbox-dashboard\eimbox-materio\student-payable.php on line 47
[09-Nov-2025 23:58:29 Asia/Dhaka] PHP ERROR [2]: Trying to access array offset on value of type null in D:\XAMPP\htdocs\eimbox-dashboard\eimbox-materio\student-payable.php on line 60
[09-Nov-2025 23:59:12 Asia/Dhaka] PHP ERROR [2]: Trying to access array offset on value of type null in D:\XAMPP\htdocs\eimbox-dashboard\eimbox-materio\student-payable.php on line 47
[09-Nov-2025 23:59:12 Asia/Dhaka] PHP ERROR [2]: Trying to access array offset on value of type null in D:\XAMPP\htdocs\eimbox-dashboard\eimbox-materio\student-payable.php on line 61
[09-Nov-2025 23:59:37 Asia/Dhaka] PHP ERROR [2]: Trying to access array offset on value of type null in D:\XAMPP\htdocs\eimbox-dashboard\eimbox-materio\student-payable.php on line 47
[09-Nov-2025 23:59:37 Asia/Dhaka] PHP ERROR [2]: Trying to access array offset on value of type null in D:\XAMPP\htdocs\eimbox-dashboard\eimbox-materio\student-payable.php on line 61
[10-Nov-2025 00:02:43 Asia/Dhaka] Uncaught Exception: You have an error in your SQL syntax; check the manual that corresponds to your MariaDB server version for the right syntax to use near '' ORDER BY RAND() LIMIT 1' at line 1 in D:\XAMPP\htdocs\eimbox-dashboard\eimbox-materio\student-payable.php on line 39
[10-Nov-2025 00:03:53 Asia/Dhaka] Uncaught Exception: You have an error in your SQL syntax; check the manual that corresponds to your MariaDB server version for the right syntax to use near '' ORDER BY RAND() LIMIT 1' at line 1 in D:\XAMPP\htdocs\eimbox-dashboard\eimbox-materio\student-payable.php on line 38
[10-Nov-2025 00:04:51 Asia/Dhaka] PHP ERROR [8192]: htmlspecialchars(): Passing null to parameter #1 ($string) of type string is deprecated in D:\XAMPP\htdocs\eimbox-dashboard\eimbox-materio\student-payable.php on line 109
[10-Nov-2025 00:04:51 Asia/Dhaka] PHP ERROR [8192]: htmlspecialchars(): Passing null to parameter #1 ($string) of type string is deprecated in D:\XAMPP\htdocs\eimbox-dashboard\eimbox-materio\student-payable.php on line 110
[10-Nov-2025 00:04:51 Asia/Dhaka] PHP ERROR [2]: Trying to access array offset on value of type null in D:\XAMPP\htdocs\eimbox-dashboard\eimbox-materio\student-payable.php on line 129
[10-Nov-2025 00:04:51 Asia/Dhaka] PHP ERROR [8192]: htmlspecialchars(): Passing null to parameter #1 ($string) of type string is deprecated in D:\XAMPP\htdocs\eimbox-dashboard\eimbox-materio\student-payable.php on line 129
[10-Nov-2025 00:05:27 Asia/Dhaka] PHP ERROR [2]: Undefined array key "module_name" in D:\XAMPP\htdocs\eimbox-dashboard\eimbox-materio\core\package_checker.php on line 24
[10-Nov-2025 00:05:34 Asia/Dhaka] PHP ERROR [2]: Undefined array key "module_name" in D:\XAMPP\htdocs\eimbox-dashboard\eimbox-materio\core\package_checker.php on line 24
[10-Nov-2025 00:05:41 Asia/Dhaka] PHP ERROR [2]: Undefined array key "module_name" in D:\XAMPP\htdocs\eimbox-dashboard\eimbox-materio\core\package_checker.php on line 24
[10-Nov-2025 00:05:49 Asia/Dhaka] PHP ERROR [8192]: htmlspecialchars(): Passing null to parameter #1 ($string) of type string is deprecated in D:\XAMPP\htdocs\eimbox-dashboard\eimbox-materio\student-payable.php on line 109
[10-Nov-2025 00:05:49 Asia/Dhaka] PHP ERROR [8192]: htmlspecialchars(): Passing null to parameter #1 ($string) of type string is deprecated in D:\XAMPP\htdocs\eimbox-dashboard\eimbox-materio\student-payable.php on line 110
[10-Nov-2025 00:05:49 Asia/Dhaka] PHP ERROR [2]: Trying to access array offset on value of type null in D:\XAMPP\htdocs\eimbox-dashboard\eimbox-materio\student-payable.php on line 129
[10-Nov-2025 00:05:49 Asia/Dhaka] PHP ERROR [8192]: htmlspecialchars(): Passing null to parameter #1 ($string) of type string is deprecated in D:\XAMPP\htdocs\eimbox-dashboard\eimbox-materio\student-payable.php on line 129
[10-Nov-2025 00:09:39 Asia/Dhaka] PHP ERROR [8192]: htmlspecialchars(): Passing null to parameter #1 ($string) of type string is deprecated in D:\XAMPP\htdocs\eimbox-dashboard\eimbox-materio\student-payable.php on line 109
[10-Nov-2025 00:09:39 Asia/Dhaka] PHP ERROR [8192]: htmlspecialchars(): Passing null to parameter #1 ($string) of type string is deprecated in D:\XAMPP\htdocs\eimbox-dashboard\eimbox-materio\student-payable.php on line 110
[10-Nov-2025 00:09:39 Asia/Dhaka] PHP ERROR [2]: Trying to access array offset on value of type null in D:\XAMPP\htdocs\eimbox-dashboard\eimbox-materio\student-payable.php on line 129
[10-Nov-2025 00:09:39 Asia/Dhaka] PHP ERROR [8192]: htmlspecialchars(): Passing null to parameter #1 ($string) of type string is deprecated in D:\XAMPP\htdocs\eimbox-dashboard\eimbox-materio\student-payable.php on line 129
[10-Nov-2025 00:11:26 Asia/Dhaka] PHP ERROR [8192]: htmlspecialchars(): Passing null to parameter #1 ($string) of type string is deprecated in D:\XAMPP\htdocs\eimbox-dashboard\eimbox-materio\student-payable.php on line 109
[10-Nov-2025 00:11:26 Asia/Dhaka] PHP ERROR [8192]: htmlspecialchars(): Passing null to parameter #1 ($string) of type string is deprecated in D:\XAMPP\htdocs\eimbox-dashboard\eimbox-materio\student-payable.php on line 110
[10-Nov-2025 00:11:26 Asia/Dhaka] PHP ERROR [2]: Trying to access array offset on value of type null in D:\XAMPP\htdocs\eimbox-dashboard\eimbox-materio\student-payable.php on line 129
[10-Nov-2025 00:11:26 Asia/Dhaka] PHP ERROR [8192]: htmlspecialchars(): Passing null to parameter #1 ($string) of type string is deprecated in D:\XAMPP\htdocs\eimbox-dashboard\eimbox-materio\student-payable.php on line 129
[10-Nov-2025 00:12:35 Asia/Dhaka] PHP ERROR [8192]: htmlspecialchars(): Passing null to parameter #1 ($string) of type string is deprecated in D:\XAMPP\htdocs\eimbox-dashboard\eimbox-materio\student-payable.php on line 109
[10-Nov-2025 00:12:35 Asia/Dhaka] PHP ERROR [8192]: htmlspecialchars(): Passing null to parameter #1 ($string) of type string is deprecated in D:\XAMPP\htdocs\eimbox-dashboard\eimbox-materio\student-payable.php on line 110
[10-Nov-2025 00:12:35 Asia/Dhaka] PHP ERROR [2]: Trying to access array offset on value of type null in D:\XAMPP\htdocs\eimbox-dashboard\eimbox-materio\student-payable.php on line 129
[10-Nov-2025 00:12:35 Asia/Dhaka] PHP ERROR [8192]: htmlspecialchars(): Passing null to parameter #1 ($string) of type string is deprecated in D:\XAMPP\htdocs\eimbox-dashboard\eimbox-materio\student-payable.php on line 129
[10-Nov-2025 00:13:52 Asia/Dhaka] PHP ERROR [8192]: htmlspecialchars(): Passing null to parameter #1 ($string) of type string is deprecated in D:\XAMPP\htdocs\eimbox-dashboard\eimbox-materio\student-payable.php on line 109
[10-Nov-2025 00:13:52 Asia/Dhaka] PHP ERROR [8192]: htmlspecialchars(): Passing null to parameter #1 ($string) of type string is deprecated in D:\XAMPP\htdocs\eimbox-dashboard\eimbox-materio\student-payable.php on line 110
[10-Nov-2025 00:13:52 Asia/Dhaka] PHP ERROR [2]: Trying to access array offset on value of type null in D:\XAMPP\htdocs\eimbox-dashboard\eimbox-materio\student-payable.php on line 129
[10-Nov-2025 00:13:52 Asia/Dhaka] PHP ERROR [8192]: htmlspecialchars(): Passing null to parameter #1 ($string) of type string is deprecated in D:\XAMPP\htdocs\eimbox-dashboard\eimbox-materio\student-payable.php on line 129
[10-Nov-2025 00:14:24 Asia/Dhaka] PHP ERROR [8192]: htmlspecialchars(): Passing null to parameter #1 ($string) of type string is deprecated in D:\XAMPP\htdocs\eimbox-dashboard\eimbox-materio\student-payable.php on line 109
[10-Nov-2025 00:14:24 Asia/Dhaka] PHP ERROR [8192]: htmlspecialchars(): Passing null to parameter #1 ($string) of type string is deprecated in D:\XAMPP\htdocs\eimbox-dashboard\eimbox-materio\student-payable.php on line 110
[10-Nov-2025 00:14:24 Asia/Dhaka] PHP ERROR [2]: Trying to access array offset on value of type null in D:\XAMPP\htdocs\eimbox-dashboard\eimbox-materio\student-payable.php on line 129
[10-Nov-2025 00:14:24 Asia/Dhaka] PHP ERROR [8192]: htmlspecialchars(): Passing null to parameter #1 ($string) of type string is deprecated in D:\XAMPP\htdocs\eimbox-dashboard\eimbox-materio\student-payable.php on line 129
[10-Nov-2025 00:14:33 Asia/Dhaka] PHP ERROR [8192]: htmlspecialchars(): Passing null to parameter #1 ($string) of type string is deprecated in D:\XAMPP\htdocs\eimbox-dashboard\eimbox-materio\student-payable.php on line 109
[10-Nov-2025 00:14:33 Asia/Dhaka] PHP ERROR [8192]: htmlspecialchars(): Passing null to parameter #1 ($string) of type string is deprecated in D:\XAMPP\htdocs\eimbox-dashboard\eimbox-materio\student-payable.php on line 110
[10-Nov-2025 00:14:33 Asia/Dhaka] PHP ERROR [2]: Trying to access array offset on value of type null in D:\XAMPP\htdocs\eimbox-dashboard\eimbox-materio\student-payable.php on line 129
[10-Nov-2025 00:14:33 Asia/Dhaka] PHP ERROR [8192]: htmlspecialchars(): Passing null to parameter #1 ($string) of type string is deprecated in D:\XAMPP\htdocs\eimbox-dashboard\eimbox-materio\student-payable.php on line 129
[10-Nov-2025 00:14:47 Asia/Dhaka] PHP ERROR [8192]: htmlspecialchars(): Passing null to parameter #1 ($string) of type string is deprecated in D:\XAMPP\htdocs\eimbox-dashboard\eimbox-materio\student-payable.php on line 109
[10-Nov-2025 00:14:47 Asia/Dhaka] PHP ERROR [8192]: htmlspecialchars(): Passing null to parameter #1 ($string) of type string is deprecated in D:\XAMPP\htdocs\eimbox-dashboard\eimbox-materio\student-payable.php on line 110
[10-Nov-2025 00:14:47 Asia/Dhaka] PHP ERROR [2]: Trying to access array offset on value of type null in D:\XAMPP\htdocs\eimbox-dashboard\eimbox-materio\student-payable.php on line 129
[10-Nov-2025 00:14:47 Asia/Dhaka] PHP ERROR [8192]: htmlspecialchars(): Passing null to parameter #1 ($string) of type string is deprecated in D:\XAMPP\htdocs\eimbox-dashboard\eimbox-materio\student-payable.php on line 129
[10-Nov-2025 00:14:56 Asia/Dhaka] PHP ERROR [8192]: htmlspecialchars(): Passing null to parameter #1 ($string) of type string is deprecated in D:\XAMPP\htdocs\eimbox-dashboard\eimbox-materio\student-payable.php on line 109
[10-Nov-2025 00:14:56 Asia/Dhaka] PHP ERROR [8192]: htmlspecialchars(): Passing null to parameter #1 ($string) of type string is deprecated in D:\XAMPP\htdocs\eimbox-dashboard\eimbox-materio\student-payable.php on line 110
[10-Nov-2025 00:14:56 Asia/Dhaka] PHP ERROR [2]: Trying to access array offset on value of type null in D:\XAMPP\htdocs\eimbox-dashboard\eimbox-materio\student-payable.php on line 129
[10-Nov-2025 00:14:57 Asia/Dhaka] PHP ERROR [8192]: htmlspecialchars(): Passing null to parameter #1 ($string) of type string is deprecated in D:\XAMPP\htdocs\eimbox-dashboard\eimbox-materio\student-payable.php on line 129
[10-Nov-2025 00:15:09 Asia/Dhaka] PHP ERROR [8192]: htmlspecialchars(): Passing null to parameter #1 ($string) of type string is deprecated in D:\XAMPP\htdocs\eimbox-dashboard\eimbox-materio\student-payable.php on line 109
[10-Nov-2025 00:15:09 Asia/Dhaka] PHP ERROR [8192]: htmlspecialchars(): Passing null to parameter #1 ($string) of type string is deprecated in D:\XAMPP\htdocs\eimbox-dashboard\eimbox-materio\student-payable.php on line 110
[10-Nov-2025 00:15:09 Asia/Dhaka] PHP ERROR [2]: Trying to access array offset on value of type null in D:\XAMPP\htdocs\eimbox-dashboard\eimbox-materio\student-payable.php on line 129
[10-Nov-2025 00:15:09 Asia/Dhaka] PHP ERROR [8192]: htmlspecialchars(): Passing null to parameter #1 ($string) of type string is deprecated in D:\XAMPP\htdocs\eimbox-dashboard\eimbox-materio\student-payable.php on line 129
